05-19 22:34:03.403  1276  1363 I chatty  : uid=1000(system) ActivityManager expire 10 lines
05-19 22:34:04.940  1276  1840 I chatty  : uid=1000(system) Binder:1276_7 expire 7 lines
05-19 22:34:04.945  1276  2926 I chatty  : uid=1000(system) Binder:1276_17 expire 6 lines
05-19 22:34:25.784  1276  1675 I chatty  : uid=1000(system) ConnectivitySer expire 8 lines
05-19 22:34:41.437 24623 28415 I AlwaysOnHotwordDetector: onDetected
05-19 22:34:46.074  1276  1276 I chatty  : uid=1000 system_server expire 17 lines
05-19 22:35:16.032  1315  2304 I PresServiceImpl: : PresServiceImpl: Presence::RCS_SIPRESPONSE_IND received
05-19 22:35:31.012 24623 28415 I AlwaysOnHotwordDetector: onDetected
05-19 22:36:48.655  1276  6356 I chatty  : uid=1000(system) Binder:1276_19 expire 1 line
05-19 22:41:35.594  1276  1677 I chatty  : uid=1000(system) NsdService expire 5 lines
05-19 22:41:40.084  1276  1368 I chatty  : uid=1000(system) batterystats-wo expire 3 lines
05-19 22:42:40.222  1276  2905 I chatty  : uid=1000(system) Binder:1276_12 expire 1 line
05-19 22:42:46.892  1276  2920 I chatty  : uid=1000(system) Binder:1276_13 expire 1 line
05-19 22:42:46.912  1276  2387 I chatty  : uid=1000(system) Binder:1276_B expire 1 line
05-19 22:42:46.913  1276  2922 I chatty  : uid=1000(system) Binder:1276_14 expire 1 line
05-19 22:42:46.913  1276 10298 I chatty  : uid=1000(system) Binder:1276_1F expire 1 line
05-19 22:42:48.811  1276 10916 I chatty  : uid=1000(system) Binder:1276_20 expire 1 line
05-19 22:42:49.868  1276  7397 I chatty  : uid=1000(system) Binder:1276_1B expire 1 line
05-19 22:42:51.869  1276  2041 I chatty  : uid=1000(system) Binder:1276_9 expire 6 lines
05-19 22:42:53.448  1276  2886 I chatty  : uid=1000(system) Binder:1276_11 expire 5 lines
05-19 22:42:53.501  1276  1364 I chatty  : uid=1000(system) ActivityManager expire 6 lines
05-19 22:42:55.890  1276  1675 I chatty  : uid=1000(system) ConnectivitySer expire 7 lines
05-19 22:42:55.906  1276  2920 I chatty  : uid=1000(system) Binder:1276_13 expire 3 lines
05-19 22:42:56.173  1276  1276 I chatty  : uid=1000 system_server expire 16 lines
05-19 22:44:23.774  1276  7397 I chatty  : uid=1000(system) Binder:1276_1B expire 2 lines
05-19 22:44:29.986  1276  1362 I chatty  : uid=1000(system) android.bg expire 1 line
05-19 22:44:52.274  1276  6356 I chatty  : uid=1000(system) Binder:1276_19 expire 11 lines
05-19 22:45:12.645  1276  2923 I chatty  : uid=1000(system) Binder:1276_15 expire 2 lines
05-19 22:45:13.122  1276  1342 I chatty  : uid=1000(system) Binder:1276_1 expire 2 lines
05-19 22:49:45.824  1276  2922 I chatty  : uid=1000(system) Binder:1276_14 expire 8 lines
05-19 22:49:45.867  1276  1355 I chatty  : uid=1000(system) android.anim expire 8 lines
05-19 22:49:49.931  1276  1354 I chatty  : uid=1000(system) android.display expire 8 lines
05-19 22:50:06.334  1276  1368 I chatty  : uid=1000(system) batterystats-wo expire 4 lines
05-19 22:50:06.817  1276  1861 I chatty  : uid=1000(system) Binder:1276_8 expire 6 lines
05-19 22:50:10.560  1276  1354 I chatty  : uid=1000(system) android.display expire 11 lines
05-19 22:50:10.563  1276 10298 I chatty  : uid=1000(system) Binder:1276_1F expire 2 lines
05-19 22:50:10.621  1276  1342 I chatty  : uid=1000(system) Binder:1276_1 expire 1 line
05-19 22:50:10.621  1276  2881 I chatty  : uid=1000(system) Binder:1276_F expire 1 line
05-19 22:50:10.622  1276  1675 I chatty  : uid=1000(system) ConnectivitySer expire 8 lines
05-19 22:50:10.623  1276  7236 I chatty  : uid=1000(system) Binder:1276_1A expire 2 lines
05-19 22:50:10.681  1276  1363 I chatty  : uid=1000(system) ActivityManager expire 1 line
05-19 22:50:10.812  1276  2878 I chatty  : uid=1000(system) Binder:1276_D expire 1 line
05-19 22:50:10.812  1276  2905 I chatty  : uid=1000(system) Binder:1276_12 expire 1 line
05-19 22:50:10.812  1276 10916 I chatty  : uid=1000(system) Binder:1276_20 expire 1 line
05-19 22:50:10.815  1276  1840 I chatty  : uid=1000(system) Binder:1276_7 expire 5 lines
05-19 22:50:10.816  1276  1742 I chatty  : uid=1000(system) Binder:1276_4 expire 2 lines
05-19 22:50:10.816  1276  6356 I chatty  : uid=1000(system) Binder:1276_19 expire 1 line
05-19 22:50:10.822  1276  2387 I chatty  : uid=1000(system) Binder:1276_B expire 1 line
05-19 22:50:11.191  1276  2926 I chatty  : uid=1000(system) Binder:1276_17 expire 1 line
05-19 22:50:11.192  1276  2927 I chatty  : uid=1000(system) Binder:1276_18 expire 1 line
05-19 22:50:11.540  1276  7540 I chatty  : uid=1000(system) Binder:1276_1D expire 4 lines
05-19 22:50:11.605  1276  1838 I chatty  : uid=1000(system) Binder:1276_5 expire 1 line
05-19 22:50:11.605  1276  1839 I chatty  : uid=1000(system) Binder:1276_6 expire 1 line
05-19 22:50:11.606  1276  2922 I chatty  : uid=1000(system) Binder:1276_14 expire 2 lines
05-19 22:50:11.606  1276  2886 I chatty  : uid=1000(system) Binder:1276_11 expire 9 lines
05-19 22:50:11.606  1276  2925 I chatty  : uid=1000(system) Binder:1276_16 expire 1 line
05-19 22:50:11.615  1276  1343 I chatty  : uid=1000(system) Binder:1276_2 expire 5 lines
05-19 22:50:12.496  1276  1276 I chatty  : uid=1000 system_server expire 13 lines
05-19 22:50:12.525  1276  1364 I chatty  : uid=1000(system) ActivityManager expire 9 lines
05-19 22:52:19.278  1276  1368 I chatty  : uid=1000(system) batterystats-wo expire 11 lines
05-19 22:52:19.420  1276  1364 I chatty  : uid=1000(system) ActivityManager expire 11 lines
05-19 22:52:19.801  1276  1343 I chatty  : uid=1000(system) Binder:1276_2 expire 5 lines
05-19 22:52:19.802  1276  1840 I chatty  : uid=1000(system) Binder:1276_7 expire 7 lines
05-19 22:52:20.822  1276  7397 I chatty  : uid=1000(system) Binder:1276_1B expire 1 line
05-19 22:52:25.893  1276  7540 I chatty  : uid=1000(system) Binder:1276_1D expire 5 lines
05-19 22:52:56.356  1276  1861 I chatty  : uid=1000(system) Binder:1276_8 expire 1 line
05-19 22:52:56.393  1276  1675 I chatty  : uid=1000(system) ConnectivitySer expire 5 lines
05-19 22:54:01.981  1276  1276 I chatty  : uid=1000 system_server expire 11 lines
05-19 22:54:19.441  1276  2925 I chatty  : uid=1000(system) Binder:1276_16 expire 1 line
05-19 22:54:21.051  1276  1742 I chatty  : uid=1000(system) Binder:1276_4 expire 2 lines
05-19 22:54:24.368  1276  1353 I chatty  : uid=1000(system) android.io expire 2 lines
05-19 22:54:32.916  1276  1354 I chatty  : uid=1000(system) android.display expire 2 lines
05-19 22:54:33.678  1276  2041 I chatty  : uid=1000(system) Binder:1276_9 expire 5 lines
05-19 22:54:33.678  1276  7236 I chatty  : uid=1000(system) Binder:1276_1A expire 1 line
05-19 22:54:46.494  1276  7518 I chatty  : uid=1000(system) Binder:1276_1C expire 5 lines
05-19 22:55:16.634  1276 10052 I chatty  : uid=1000(system) Binder:1276_1E expire 1 line
05-19 22:55:17.159  1276  2922 I chatty  : uid=1000(system) Binder:1276_14 expire 2 lines
05-19 22:55:54.337  1719  1719 V DeadZone: consuming errant click: (626.0,9.0)
05-19 22:55:54.337  1719  1719 V DeadZone: consuming errant click: (626.0,9.0)
05-19 22:56:35.702  1276  1276 I chatty  : uid=1000 system_server expire 9 lines
05-19 23:01:57.097  1276  1368 I chatty  : uid=1000(system) batterystats-wo expire 7 lines
05-19 23:01:57.445  1276  1276 I chatty  : uid=1000 system_server expire 38 lines
05-19 23:01:57.893  1276  2922 I chatty  : uid=1000(system) Binder:1276_14 expire 1 line
05-19 23:01:57.951  1276  1364 I chatty  : uid=1000(system) ActivityManager expire 8 lines
05-19 23:02:11.650  1276  1675 I chatty  : uid=1000(system) ConnectivitySer expire 9 lines
05-19 23:02:11.662  1276  7236 I chatty  : uid=1000(system) Binder:1276_1A expire 7 lines
05-19 23:02:12.129  1276  2041 I chatty  : uid=1000(system) Binder:1276_9 expire 4 lines
05-19 23:03:29.365  1276 10916 I chatty  : uid=1000(system) Binder:1276_20 expire 1 line
05-19 23:03:29.381  1276  1363 I chatty  : uid=1000(system) ActivityManager expire 4 lines
05-19 23:03:29.419  1276  1742 I chatty  : uid=1000(system) Binder:1276_4 expire 5 lines
05-19 23:04:18.415  1276  1840 I chatty  : uid=1000(system) Binder:1276_7 expire 6 lines
05-19 23:04:36.577  1276  1362 I chatty  : uid=1000(system) android.bg expire 1 line
05-19 23:08:39.887  1276  2925 I chatty  : uid=1000(system) Binder:1276_16 expire 1 line
05-19 23:10:22.925  1276  1354 I chatty  : uid=1000(system) android.display expire 1 line
05-19 23:15:30.574  1276  2881 I chatty  : uid=1000(system) Binder:1276_F expire 1 line
05-19 23:17:10.677  1276  2886 I chatty  : uid=1000(system) Binder:1276_11 expire 2 lines
05-19 23:18:23.091  1276  1675 I chatty  : uid=1000(system) ConnectivitySer expire 3 lines
05-19 23:18:24.715  1276  1677 I chatty  : uid=1000(system) NsdService expire 2 lines
05-19 23:18:46.175  1276  1276 I chatty  : uid=1000 system_server expire 15 lines
05-19 23:18:50.093  1276  1364 I chatty  : uid=1000(system) ActivityManager expire 2 lines
05-19 23:19:34.438  1276  1591 I chatty  : uid=1000(system) InputReader expire 2 lines
05-19 23:19:34.900  1276  1387 I chatty  : uid=1000(system) PowerManagerSer expire 17 lines
05-19 23:19:34.952  1276  1354 I chatty  : uid=1000(system) android.display expire 5 lines
05-19 23:19:34.956  1276  1355 I chatty  : uid=1000(system) android.anim expire 30 lines
05-19 23:19:35.131  1276  1351 I chatty  : uid=1000(system) android.fg expire 3 lines
05-19 23:19:41.349  1276 10052 I chatty  : uid=1000(system) Binder:1276_1E expire 2 lines
05-19 23:19:41.493  1276  2925 I chatty  : uid=1000(system) Binder:1276_16 expire 2 lines
05-19 23:19:41.559  1276  2041 I chatty  : uid=1000(system) Binder:1276_9 expire 6 lines
05-19 23:19:41.812  1276  2927 I chatty  : uid=1000(system) Binder:1276_18 expire 1 line
05-19 23:19:42.615  1276  1276 I chatty  : uid=1000 system_server expire 16 lines
05-19 23:19:42.891  1276  2925 I chatty  : uid=1000(system) Binder:1276_16 expire 12 lines
05-19 23:19:42.948  1276  1354 I chatty  : uid=1000(system) android.display expire 6 lines
05-19 23:19:42.957  1276  1363 I chatty  : uid=1000(system) ActivityManager expire 8 lines
05-19 23:19:48.588  1276  1742 I chatty  : uid=1000(system) Binder:1276_4 expire 2 lines
05-19 23:19:50.317  1276  1591 I chatty  : uid=1000(system) InputReader expire 2 lines
05-19 23:19:50.787  1276  1387 I chatty  : uid=1000(system) PowerManagerSer expire 15 lines
05-19 23:19:50.861  1276  1355 I chatty  : uid=1000(system) android.anim expire 26 lines
05-19 23:19:51.030  1276  1351 I chatty  : uid=1000(system) android.fg expire 1 line
05-19 23:19:51.444  1276  2065 I chatty  : uid=1000(system) Binder:1276_A expire 1 line
05-19 23:20:02.620  1276  1355 I chatty  : uid=1000(system) android.anim expire 4 lines
05-19 23:20:04.152  1276  1742 I chatty  : uid=1000(system) Binder:1276_4 expire 5 lines
05-19 23:20:04.152  1276  1276 I chatty  : uid=1000 system_server expire 15 lines
05-19 23:20:04.159  1276  1387 I chatty  : uid=1000(system) PowerManagerSer expire 3 lines
05-19 23:20:04.159  1276  1351 I chatty  : uid=1000(system) android.fg expire 3 lines
05-19 23:20:04.251  1276 10052 I chatty  : uid=1000(system) Binder:1276_1E expire 2 lines
05-19 23:20:04.281  1276  7518 I chatty  : uid=1000(system) Binder:1276_1C expire 9 lines
05-19 23:20:04.282  1276  2927 I chatty  : uid=1000(system) Binder:1276_18 expire 8 lines
05-19 23:20:09.155  1276  1354 I chatty  : uid=1000(system) android.display expire 9 lines
05-19 23:20:09.170  1276  1363 I chatty  : uid=1000(system) ActivityManager expire 11 lines
05-19 23:20:11.310  1276  2925 I chatty  : uid=1000(system) Binder:1276_16 expire 7 lines
05-19 23:20:18.776  1276  1840 I chatty  : uid=1000(system) Binder:1276_7 expire 1 line
05-19 23:20:18.829  1276  2922 I chatty  : uid=1000(system) Binder:1276_14 expire 1 line
05-19 23:20:18.833  1276  1675 I chatty  : uid=1000(system) ConnectivitySer expire 5 lines
05-19 23:20:18.833  1276 10916 I chatty  : uid=1000(system) Binder:1276_20 expire 2 lines
05-19 23:20:18.834  1276  2926 I chatty  : uid=1000(system) Binder:1276_17 expire 1 line
05-19 23:20:18.834  1276  2920 I chatty  : uid=1000(system) Binder:1276_13 expire 2 lines
05-19 23:20:18.836  1276  2881 I chatty  : uid=1000(system) Binder:1276_F expire 10 lines
05-19 23:20:19.440  1276  7236 I chatty  : uid=1000(system) Binder:1276_1A expire 1 line
05-19 23:20:19.448  1276  7540 I chatty  : uid=1000(system) Binder:1276_1D expire 1 line
05-19 23:20:19.699  1276  1861 I chatty  : uid=1000(system) Binder:1276_8 expire 1 line
05-19 23:20:19.699  1276  2875 I chatty  : uid=1000(system) Binder:1276_C expire 1 line
05-19 23:20:19.701  1276  1675 I chatty  : uid=1000(system) ConnectivitySer expire 6 lines
05-19 23:20:19.705  1276  2926 I chatty  : uid=1000(system) Binder:1276_17 expire 1 line
05-19 23:20:19.721  1276  1354 I chatty  : uid=1000(system) android.display expire 8 lines
05-19 23:20:20.056  1276  1364 I chatty  : uid=1000(system) ActivityManager expire 3 lines
05-19 23:20:20.845  1276  1363 I chatty  : uid=1000(system) ActivityManager expire 2 lines
05-19 23:20:20.913  1276  7518 I chatty  : uid=1000(system) Binder:1276_1C expire 3 lines
05-19 23:20:33.249  1276  1609 I chatty  : uid=1000(system) Binder:1276_3 expire 3 lines
05-19 23:20:33.301  1276  1840 I chatty  : uid=1000(system) Binder:1276_7 expire 3 lines
05-19 23:20:33.301  1276  1861 I chatty  : uid=1000(system) Binder:1276_8 expire 1 line
05-19 23:20:35.729  1276  2387 I chatty  : uid=1000(system) Binder:1276_B expire 1 line
05-19 23:20:35.779  1276  2920 I chatty  : uid=1000(system) Binder:1276_13 expire 1 line
05-19 23:20:35.779  1276  2881 I chatty  : uid=1000(system) Binder:1276_F expire 1 line
05-19 23:20:38.177  1276  7397 I chatty  : uid=1000(system) Binder:1276_1B expire 2 lines
05-19 23:20:38.178  1276  2905 I chatty  : uid=1000(system) Binder:1276_12 expire 3 lines
05-19 23:21:07.727  1276  1276 I chatty  : uid=1000 system_server expire 9 lines
05-19 23:21:15.428  1276  1352 I chatty  : uid=1000(system) android.ui expire 8 lines
05-19 23:21:15.455  1276  1355 I chatty  : uid=1000(system) android.anim expire 28 lines
05-19 23:21:16.877  1276  1591 I chatty  : uid=1000(system) InputReader expire 2 lines
05-19 23:21:17.393  1276  1387 I chatty  : uid=1000(system) PowerManagerSer expire 8 lines
05-19 23:21:17.409  1276  1368 I chatty  : uid=1000(system) batterystats-wo expire 4 lines
05-19 23:21:17.596  1276  1351 I chatty  : uid=1000(system) android.fg expire 4 lines
05-19 23:21:17.758  1276  1276 I chatty  : uid=1000 system_server expire 18 lines
05-19 23:21:17.826  1276  1387 I chatty  : uid=1000(system) PowerManagerSer expire 8 lines
05-19 23:21:18.620  1276  1591 I chatty  : uid=1000(system) InputReader expire 1 line
05-19 23:21:18.679  1276  1354 I chatty  : uid=1000(system) android.display expire 3 lines
05-19 23:21:18.683  1276  1355 I chatty  : uid=1000(system) android.anim expire 13 lines
05-19 23:21:18.736  1276  7397 I chatty  : uid=1000(system) Binder:1276_1B expire 2 lines
05-19 23:21:18.821  1276  1342 I chatty  : uid=1000(system) Binder:1276_1 expire 7 lines
05-19 23:21:19.291  1276  1838 I chatty  : uid=1000(system) Binder:1276_5 expire 17 lines
05-19 23:21:20.704  1276  1363 I chatty  : uid=1000(system) ActivityManager expire 7 lines
05-19 23:21:23.770  1276  2886 I chatty  : uid=1000(system) Binder:1276_11 expire 1 line
05-19 23:21:25.985  1276  2880 I chatty  : uid=1000(system) Binder:1276_E expire 3 lines
05-19 23:21:27.926  1276  1364 I chatty  : uid=1000(system) ActivityManager expire 5 lines
05-19 23:22:20.403  1276  1675 I chatty  : uid=1000(system) ConnectivitySer expire 2 lines
05-19 23:22:27.415  1276  2387 I chatty  : uid=1000(system) Binder:1276_B expire 3 lines
05-19 23:22:27.416  1276  2905 I chatty  : uid=1000(system) Binder:1276_12 expire 1 line
05-19 23:24:20.669  1276  1368 I chatty  : uid=1000(system) batterystats-wo expire 4 lines
05-19 23:24:29.418  1276  1840 I chatty  : uid=1000(system) Binder:1276_7 expire 4 lines
05-19 23:24:29.605  1276  1364 I chatty  : uid=1000(system) ActivityManager expire 13 lines
05-19 23:24:29.723  1276  7397 I chatty  : uid=1000(system) Binder:1276_1B expire 2 lines
05-19 23:24:38.697  1276  2925 I chatty  : uid=1000(system) Binder:1276_16 expire 1 line
05-19 23:24:39.844  1276  1343 I chatty  : uid=1000(system) Binder:1276_2 expire 3 lines
05-19 23:24:41.058  1276  2905 I chatty  : uid=1000(system) Binder:1276_12 expire 5 lines
05-19 23:24:41.106  1276  1839 I chatty  : uid=1000(system) Binder:1276_6 expire 6 lines
05-19 23:24:44.722  1276  1675 I chatty  : uid=1000(system) ConnectivitySer expire 10 lines
05-19 23:24:44.767  1276  1276 I chatty  : uid=1000 system_server expire 18 lines
05-19 23:24:56.888  1276  1838 I chatty  : uid=1000(system) Binder:1276_5 expire 4 lines
05-19 23:25:09.866  1276  1342 I chatty  : uid=1000(system) Binder:1276_1 expire 1 line
05-19 23:25:10.598  1276  2881 I chatty  : uid=1000(system) Binder:1276_F expire 1 line
05-19 23:25:51.722  1276  1354 I chatty  : uid=1000(system) android.display expire 8 lines
05-19 23:25:51.725  1276  6356 I chatty  : uid=1000(system) Binder:1276_19 expire 4 lines
05-19 23:25:51.766  1276  2387 I chatty  : uid=1000(system) Binder:1276_B expire 2 lines
05-19 23:25:51.766  1276  7518 I chatty  : uid=1000(system) Binder:1276_1C expire 2 lines
05-19 23:25:51.776  1276  1368 I chatty  : uid=1000(system) batterystats-wo expire 7 lines
05-19 23:25:51.777  1276  2926 I chatty  : uid=1000(system) Binder:1276_17 expire 1 line
05-19 23:25:52.072  1276  7236 I chatty  : uid=1000(system) Binder:1276_1A expire 2 lines
05-19 23:25:52.809  1276  2922 I chatty  : uid=1000(system) Binder:1276_14 expire 1 line
05-19 23:25:52.810  1276  2923 I chatty  : uid=1000(system) Binder:1276_15 expire 3 lines
05-19 23:25:53.149  1276 10052 I chatty  : uid=1000(system) Binder:1276_1E expire 3 lines
05-19 23:25:53.202  1276  2875 I chatty  : uid=1000(system) Binder:1276_C expire 1 line
05-19 23:25:53.203  1276 10916 I chatty  : uid=1000(system) Binder:1276_20 expire 1 line
05-19 23:25:54.260  1276  2878 I chatty  : uid=1000(system) Binder:1276_D expire 3 lines
05-19 23:26:03.493  1276  1368 I chatty  : uid=1000(system) batterystats-wo expire 4 lines
05-19 23:26:03.987  1276  2387 I chatty  : uid=1000(system) Binder:1276_B expire 5 lines
05-19 23:26:04.435  1276  2884 I chatty  : uid=1000(system) Binder:1276_10 expire 3 lines
05-19 23:26:06.668  1276  7236 I chatty  : uid=1000(system) Binder:1276_1A expire 2 lines
05-19 23:26:06.737  1276  1363 I chatty  : uid=1000(system) ActivityManager expire 8 lines
05-19 23:26:12.393  1276  2922 I chatty  : uid=1000(system) Binder:1276_14 expire 11 lines
05-19 23:26:12.471  1276  1276 I chatty  : uid=1000 system_server expire 14 lines
05-19 23:26:12.724  1276  1364 I chatty  : uid=1000(system) ActivityManager expire 6 lines
05-19 23:26:13.178  1276  1354 I chatty  : uid=1000(system) android.display expire 12 lines
05-19 23:26:13.275  1276  1355 I chatty  : uid=1000(system) android.anim expire 1 line
05-19 23:26:13.287  1276  1675 I chatty  : uid=1000(system) ConnectivitySer expire 7 lines
05-19 23:26:23.489  1276 10916 I chatty  : uid=1000(system) Binder:1276_20 expire 2 lines
05-19 23:26:24.848  6922  7019 D GlobalScreenshot: Screenshot from a managed profile: false
05-19 23:26:25.340  6922  7019 D GlobalScreenshot: Got 0 smart actions. Wait time: 0 ms
05-19 23:26:25.407  1276  6356 I chatty  : uid=1000(system) Binder:1276_19 expire 2 lines
05-19 23:26:33.820  1276  1362 I chatty  : uid=1000(system) android.bg expire 1 line
05-19 23:27:09.645  1276  1840 I chatty  : uid=1000(system) Binder:1276_7 expire 4 lines
05-19 23:27:09.646  1276  2920 I chatty  : uid=1000(system) Binder:1276_13 expire 1 line
05-19 23:27:10.444  1276  2041 I chatty  : uid=1000(system) Binder:1276_9 expire 2 lines
05-19 23:27:11.025  1276 10052 I chatty  : uid=1000(system) Binder:1276_1E expire 1 line
05-19 23:27:11.086  1276  2875 I chatty  : uid=1000(system) Binder:1276_C expire 1 line
05-19 23:27:11.086  1276  2880 I chatty  : uid=1000(system) Binder:1276_E expire 1 line
05-19 23:27:11.087  1276  7518 I chatty  : uid=1000(system) Binder:1276_1C expire 3 lines
05-19 23:27:11.087  1276  2923 I chatty  : uid=1000(system) Binder:1276_15 expire 1 line
05-19 23:27:11.087  1276  2926 I chatty  : uid=1000(system) Binder:1276_17 expire 13 lines
05-19 23:27:48.651  1276  1276 I chatty  : uid=1000 system_server expire 35 lines
05-19 23:27:48.963  1276  7518 I chatty  : uid=1000(system) Binder:1276_1C expire 1 line
05-19 23:27:49.039  1276  1609 I chatty  : uid=1000(system) Binder:1276_3 expire 1 line
05-19 23:27:49.040  1276 10052 I chatty  : uid=1000(system) Binder:1276_1E expire 2 lines
05-19 23:27:49.041  1276  1354 I chatty  : uid=1000(system) android.display expire 1 line
05-19 23:27:50.052  1276  1364 I chatty  : uid=1000(system) ActivityManager expire 5 lines
05-19 23:27:50.247  1276  1343 I chatty  : uid=1000(system) Binder:1276_2 expire 10 lines
05-19 23:27:51.510  1276  1675 I chatty  : uid=1000(system) ConnectivitySer expire 2 lines
05-19 23:27:55.436  1276  2920 I chatty  : uid=1000(system) Binder:1276_13 expire 1 line
05-19 23:27:56.341  1276  1368 I chatty  : uid=1000(system) batterystats-wo expire 1 line
05-19 23:28:14.883  1276  1861 I chatty  : uid=1000(system) Binder:1276_8 expire 13 lines
05-19 23:28:15.500  1276  2387 I chatty  : uid=1000(system) Binder:1276_B expire 10 lines
05-19 23:29:25.413  1276  1362 I chatty  : uid=1000(system) android.bg expire 1 line
05-19 23:32:47.346  1276  2387 I chatty  : uid=1000(system) Binder:1276_B expire 9 lines
05-19 23:32:48.161  1276  2920 I chatty  : uid=1000(system) Binder:1276_13 expire 2 lines
05-19 23:32:52.924  1276  1364 I chatty  : uid=1000(system) ActivityManager expire 11 lines
05-19 23:33:12.442  1276  1363 I chatty  : uid=1000(system) ActivityManager expire 8 lines
05-19 23:33:19.844  1276  1368 I chatty  : uid=1000(system) batterystats-wo expire 6 lines
05-19 23:34:34.654  1276  1276 I chatty  : uid=1000 system_server expire 13 lines
05-19 23:34:41.066  1276  1839 I chatty  : uid=1000(system) Binder:1276_6 expire 3 lines
05-19 23:34:47.803  1276  1840 I chatty  : uid=1000(system) Binder:1276_7 expire 3 lines
05-19 23:34:51.236  8979  9037 E ActivityThread: Failed to find provider info for com.google.android.instantapps.supervisor.SupervisorArchiveProvider
05-19 23:34:54.232  1276 10052 I chatty  : uid=1000(system) Binder:1276_1E expire 10 lines
05-19 23:34:57.045  1276  1675 I chatty  : uid=1000(system) ConnectivitySer expire 1 line
05-19 23:34:57.741  1276  1861 I chatty  : uid=1000(system) Binder:1276_8 expire 3 lines
05-19 23:34:57.813  1276  1343 I chatty  : uid=1000(system) Binder:1276_2 expire 7 lines
05-19 23:35:10.915  1276  2926 I chatty  : uid=1000(system) Binder:1276_17 expire 2 lines
05-19 23:35:10.916  1276  7397 I chatty  : uid=1000(system) Binder:1276_1B expire 12 lines
05-19 23:36:17.886  1276 10916 I chatty  : uid=1000(system) Binder:1276_20 expire 3 lines
05-19 23:36:20.892  1276 10052 I chatty  : uid=1000(system) Binder:1276_1E expire 4 lines
05-19 23:36:24.921  1276  1839 I chatty  : uid=1000(system) Binder:1276_6 expire 12 lines
05-19 23:36:24.928  1276  1276 I chatty  : uid=1000 system_server expire 23 lines
05-19 23:37:24.958  1276  1364 I chatty  : uid=1000(system) ActivityManager expire 6 lines
05-19 23:37:40.573  1276  1342 I chatty  : uid=1000(system) Binder:1276_1 expire 12 lines
05-19 23:38:39.596  1276  2387 I chatty  : uid=1000(system) Binder:1276_B expire 1 line
05-19 23:42:46.726  1276  1840 I chatty  : uid=1000(system) Binder:1276_7 expire 4 lines
05-19 23:42:47.459  1276  1675 I chatty  : uid=1000(system) ConnectivitySer expire 6 lines
05-19 23:42:52.806  1276  1861 I chatty  : uid=1000(system) Binder:1276_8 expire 4 lines
05-19 23:43:22.989  1276  1354 I chatty  : uid=1000(system) android.display expire 1 line
05-19 23:43:47.072  1276  2905 I chatty  : uid=1000(system) Binder:1276_12 expire 1 line
05-19 23:44:13.677  1276  2886 I chatty  : uid=1000(system) Binder:1276_11 expire 1 line
05-19 23:44:28.659  1276  7397 I chatty  : uid=1000(system) Binder:1276_1B expire 2 lines
05-19 23:44:28.761  1276  6356 I chatty  : uid=1000(system) Binder:1276_19 expire 1 line
05-19 23:45:07.317  1276  1363 I chatty  : uid=1000(system) ActivityManager expire 1 line
05-19 23:45:08.231  1276  1677 I chatty  : uid=1000(system) NsdService expire 2 lines
05-19 23:45:20.281  1276  2922 I chatty  : uid=1000(system) Binder:1276_14 expire 3 lines
05-19 23:46:37.767  1276  1362 I chatty  : uid=1000(system) android.bg expire 1 line
05-19 23:47:45.110  1276  1591 I chatty  : uid=1000(system) InputReader expire 2 lines
05-19 23:47:45.590  1276  1387 I chatty  : uid=1000(system) PowerManagerSer expire 16 lines
05-19 23:47:45.650  1276  1354 I chatty  : uid=1000(system) android.display expire 5 lines
05-19 23:47:45.665  1276  1355 I chatty  : uid=1000(system) android.anim expire 12 lines
05-19 23:47:45.822  1276  1351 I chatty  : uid=1000(system) android.fg expire 4 lines
05-19 23:47:46.109  1276  1276 I chatty  : uid=1000 system_server expire 18 lines
05-19 23:47:46.784  1276  2922 I chatty  : uid=1000(system) Binder:1276_14 expire 6 lines
05-19 23:47:46.875  1276  1364 I chatty  : uid=1000(system) ActivityManager expire 1 line
05-19 23:47:47.797  1276  1591 I chatty  : uid=1000(system) InputReader expire 1 line
05-19 23:47:47.862  1276  1342 I chatty  : uid=1000(system) Binder:1276_1 expire 8 lines
05-19 23:47:47.961  1276  2927 I chatty  : uid=1000(system) Binder:1276_18 expire 1 line
05-19 23:47:47.978  1276  7397 I chatty  : uid=1000(system) Binder:1276_1B expire 7 lines
05-19 23:47:50.975  1276  6356 I chatty  : uid=1000(system) Binder:1276_19 expire 7 lines
05-19 23:47:51.085  1276  1363 I chatty  : uid=1000(system) ActivityManager expire 7 lines
05-19 23:47:53.550  1276  6356 I chatty  : uid=1000(system) Binder:1276_19 expire 1 line
05-19 23:47:53.559  1276  1276 I chatty  : uid=1000 system_server expire 18 lines
05-19 23:48:10.715  1276  1675 I chatty  : uid=1000(system) ConnectivitySer expire 2 lines
05-19 23:48:15.623  1276  1591 I chatty  : uid=1000(system) InputReader expire 3 lines
05-19 23:48:16.133  1276  1387 I chatty  : uid=1000(system) PowerManagerSer expire 16 lines
05-19 23:48:16.211  1276  1354 I chatty  : uid=1000(system) android.display expire 4 lines
05-19 23:48:16.215  1276  1355 I chatty  : uid=1000(system) android.anim expire 18 lines
05-19 23:48:16.384  1276  1351 I chatty  : uid=1000(system) android.fg expire 4 lines
05-19 23:48:16.557  1276  2922 I chatty  : uid=1000(system) Binder:1276_14 expire 7 lines
05-19 23:48:17.499  1276 10916 I chatty  : uid=1000(system) Binder:1276_20 expire 1 line
05-19 23:48:17.594  1276 10052 I chatty  : uid=1000(system) Binder:1276_1E expire 9 lines
05-19 23:48:18.629  1276  1276 I chatty  : uid=1000 system_server expire 18 lines
05-19 23:48:18.903  1276  2905 I chatty  : uid=1000(system) Binder:1276_12 expire 7 lines
05-19 23:48:18.999  1276  1354 I chatty  : uid=1000(system) android.display expire 5 lines
05-19 23:48:19.003  1276  1363 I chatty  : uid=1000(system) ActivityManager expire 6 lines
05-19 23:48:21.015  1276  1591 I chatty  : uid=1000(system) InputReader expire 3 lines
05-19 23:48:21.505  1276  1387 I chatty  : uid=1000(system) PowerManagerSer expire 16 lines
05-19 23:48:21.603  1276  1355 I chatty  : uid=1000(system) android.anim expire 24 lines
05-19 23:48:21.769  1276  1351 I chatty  : uid=1000(system) android.fg expire 4 lines
05-19 23:48:27.205  1276  2922 I chatty  : uid=1000(system) Binder:1276_14 expire 8 lines
05-19 23:48:28.236  1276  1276 I chatty  : uid=1000 system_server expire 19 lines
05-19 23:48:28.578  1276  1354 I chatty  : uid=1000(system) android.display expire 5 lines
05-19 23:48:28.585  1276  1363 I chatty  : uid=1000(system) ActivityManager expire 6 lines
05-19 23:48:30.495  1276  7397 I chatty  : uid=1000(system) Binder:1276_1B expire 1 line
05-19 23:48:36.427  1276  1591 I chatty  : uid=1000(system) InputReader expire 2 lines
05-19 23:48:36.893  1276  1387 I chatty  : uid=1000(system) PowerManagerSer expire 14 lines
05-19 23:48:36.980  1276  1355 I chatty  : uid=1000(system) android.anim expire 17 lines
05-19 23:48:37.135  1276  1351 I chatty  : uid=1000(system) android.fg expire 1 line
05-19 23:48:37.292  1276  2065 I chatty  : uid=1000(system) Binder:1276_A expire 6 lines
05-19 23:48:40.443  1276  2905 I chatty  : uid=1000(system) Binder:1276_12 expire 1 line
05-19 23:48:40.481  1276  1861 I chatty  : uid=1000(system) Binder:1276_8 expire 8 lines
05-19 23:48:40.609  1276  1355 I chatty  : uid=1000(system) android.anim expire 1 line
05-19 23:48:40.657  1276  1387 I chatty  : uid=1000(system) PowerManagerSer expire 3 lines
05-19 23:48:40.659  1276  1354 I chatty  : uid=1000(system) android.display expire 3 lines
05-19 23:48:40.660  1276  1351 I chatty  : uid=1000(system) android.fg expire 3 lines
05-19 23:48:40.666  1276  1363 I chatty  : uid=1000(system) ActivityManager expire 7 lines
05-19 23:48:40.679  1276  2065 I chatty  : uid=1000(system) Binder:1276_A expire 3 lines
05-19 23:48:40.700  1276  1276 I chatty  : uid=1000 system_server expire 8 lines
05-19 23:48:40.780  1276  2927 I chatty  : uid=1000(system) Binder:1276_18 expire 10 lines
05-19 23:48:41.070  1276 10916 I chatty  : uid=1000(system) Binder:1276_20 expire 1 line
05-19 23:48:42.163  1276  2886 I chatty  : uid=1000(system) Binder:1276_11 expire 6 lines
05-19 23:49:19.351  1276  2922 I chatty  : uid=1000(system) Binder:1276_14 expire 5 lines
05-19 23:52:26.349  1276  1364 I chatty  : uid=1000(system) ActivityManager expire 9 lines
05-19 23:52:48.056  1276 10052 I chatty  : uid=1000(system) Binder:1276_1E expire 1 line
05-19 23:53:18.614  1276  2884 I chatty  : uid=1000(system) Binder:1276_10 expire 1 line
05-19 23:53:20.431  1276  2878 I chatty  : uid=1000(system) Binder:1276_D expire 9 lines
05-19 23:53:20.431  1276  1609 I chatty  : uid=1000(system) Binder:1276_3 expire 1 line
05-19 23:53:22.745  1276  2920 I chatty  : uid=1000(system) Binder:1276_13 expire 3 lines
05-19 23:53:23.691  1276  1368 I chatty  : uid=1000(system) batterystats-wo expire 9 lines
05-19 23:53:26.542  1276  7518 I chatty  : uid=1000(system) Binder:1276_1C expire 1 line
05-19 23:53:26.544  1276  1342 I chatty  : uid=1000(system) Binder:1276_1 expire 2 lines
05-19 23:53:32.704  1276  1368 I chatty  : uid=1000(system) batterystats-wo expire 8 lines
05-19 23:53:34.909  1276  1675 I chatty  : uid=1000(system) ConnectivitySer expire 8 lines
05-19 23:53:34.923  1276  1276 I chatty  : uid=1000 system_server expire 13 lines
05-19 23:53:43.898  1276  1364 I chatty  : uid=1000(system) ActivityManager expire 6 lines
05-19 23:54:31.385  1276  2922 I chatty  : uid=1000(system) Binder:1276_14 expire 3 lines
05-19 23:54:35.725  1276  1363 I chatty  : uid=1000(system) ActivityManager expire 1 line
05-19 23:55:01.299  1276  7518 I chatty  : uid=1000(system) Binder:1276_1C expire 3 lines
05-19 23:55:01.302  1276  1354 I chatty  : uid=1000(system) android.display expire 8 lines
05-19 23:55:01.354  1276  2065 I chatty  : uid=1000(system) Binder:1276_A expire 4 lines
05-19 23:55:01.399  1276  2881 I chatty  : uid=1000(system) Binder:1276_F expire 1 line
05-19 23:55:01.404  1276  1609 I chatty  : uid=1000(system) Binder:1276_3 expire 4 lines
05-19 23:55:01.760  1276  7397 I chatty  : uid=1000(system) Binder:1276_1B expire 1 line
05-19 23:55:01.781  1276  2878 I chatty  : uid=1000(system) Binder:1276_D expire 5 lines
05-19 23:55:03.654  1276  1861 I chatty  : uid=1000(system) Binder:1276_8 expire 4 lines
05-19 23:55:29.115  1276  2886 I chatty  : uid=1000(system) Binder:1276_11 expire 2 lines
05-19 23:55:56.129  1276  2041 I chatty  : uid=1000(system) Binder:1276_9 expire 11 lines
05-19 23:57:04.444  1276  7540 I chatty  : uid=1000(system) Binder:1276_1D expire 1 line
05-19 23:57:04.449  1276  2065 I chatty  : uid=1000(system) Binder:1276_A expire 3 lines
05-19 23:57:04.465  1276  1354 I chatty  : uid=1000(system) android.display expire 10 lines
05-19 23:57:49.914  1276  1742 I chatty  : uid=1000(system) Binder:1276_4 expire 2 lines
05-19 23:58:03.661  1276  1276 I chatty  : uid=1000 system_server expire 8 lines
05-19 23:58:03.839  1276  1343 I chatty  : uid=1000(system) Binder:1276_2 expire 2 lines
05-19 23:58:03.866  1276  7397 I chatty  : uid=1000(system) Binder:1276_1B expire 3 lines
05-19 23:58:03.870  1276  1368 I chatty  : uid=1000(system) batterystats-wo expire 29 lines
05-19 23:58:03.908  1276  1675 I chatty  : uid=1000(system) ConnectivitySer expire 4 lines
05-19 23:58:03.909  1276 10916 I chatty  : uid=1000(system) Binder:1276_20 expire 1 line
05-19 23:58:03.984  1276  1364 I chatty  : uid=1000(system) ActivityManager expire 7 lines
05-19 23:58:04.101  1276  1839 I chatty  : uid=1000(system) Binder:1276_6 expire 3 lines
05-19 23:58:04.102  1276  6356 I chatty  : uid=1000(system) Binder:1276_19 expire 4 lines
05-19 23:58:04.595  1276  1342 I chatty  : uid=1000(system) Binder:1276_1 expire 1 line
05-19 23:58:04.743  1276  2925 I chatty  : uid=1000(system) Binder:1276_16 expire 1 line
05-19 23:58:04.857  1276  2875 I chatty  : uid=1000(system) Binder:1276_C expire 2 lines
05-19 23:58:36.493  1276  1363 I chatty  : uid=1000(system) ActivityManager expire 1 line
05-19 23:58:42.744  1276 10052 I chatty  : uid=1000(system) Binder:1276_1E expire 1 line
05-19 23:58:45.222  1276  2880 I chatty  : uid=1000(system) Binder:1276_E expire 2 lines
05-19 23:58:57.538  1276  2878 I chatty  : uid=1000(system) Binder:1276_D expire 1 line
05-19 23:58:57.540  1276  1354 I chatty  : uid=1000(system) android.display expire 7 lines
05-19 23:58:58.408  1276  1591 I chatty  : uid=1000(system) InputReader expire 2 lines
05-19 23:58:58.409  1276  1276 I chatty  : uid=1000 system_server expire 7 lines
05-19 23:58:58.882  1276  1387 I chatty  : uid=1000(system) PowerManagerSer expire 15 lines
05-19 23:58:58.903  1276  1368 I chatty  : uid=1000(system) batterystats-wo expire 11 lines
05-19 23:58:58.944  1276  1355 I chatty  : uid=1000(system) android.anim expire 36 lines
05-19 23:58:59.094  1276  1351 I chatty  : uid=1000(system) android.fg expire 1 line
05-19 23:59:32.308  1276  1364 I chatty  : uid=1000(system) ActivityManager expire 1 line
05-19 23:59:32.825  1276  1363 I chatty  : uid=1000(system) ActivityManager expire 2 lines
05-19 23:59:32.990  1276  2925 I chatty  : uid=1000(system) Binder:1276_16 expire 1 line
05-19 23:59:33.597  1276 13676 I chatty  : uid=1000 system_server expire 1 line
05-19 23:59:40.382  1276  1368 I chatty  : uid=1000(system) batterystats-wo expire 7 lines
05-19 23:59:45.733  1276  1591 I chatty  : uid=1000(system) InputReader expire 3 lines
05-19 23:59:45.733  1276  1276 I chatty  : uid=1000 system_server expire 20 lines
05-19 23:59:45.761  1276  1387 I chatty  : uid=1000(system) PowerManagerSer expire 15 lines
05-19 23:59:45.788  1276  1354 I chatty  : uid=1000(system) android.display expire 5 lines
05-19 23:59:45.799  1276  1355 I chatty  : uid=1000(system) android.anim expire 12 lines
05-19 23:59:45.889  1276  1351 I chatty  : uid=1000(system) android.fg expire 4 lines
05-19 23:59:45.892  1276 10916 I chatty  : uid=1000(system) Binder:1276_20 expire 9 lines
05-19 23:59:45.940  1276  2065 I chatty  : uid=1000(system) Binder:1276_A expire 1 line
05-19 23:59:46.469  1276  7540 I chatty  : uid=1000(system) Binder:1276_1D expire 13 lines
05-19 23:59:47.631  1276  1363 I chatty  : uid=1000(system) ActivityManager expire 6 lines
05-19 23:59:48.942  1276  2881 I chatty  : uid=1000(system) Binder:1276_F expire 11 lines
05-19 23:59:53.249  1276  1355 I chatty  : uid=1000(system) android.anim expire 20 lines
05-19 23:59:53.265  1276  1276 I chatty  : uid=1000 system_server expire 17 lines
05-19 23:59:53.413  1276  1387 I chatty  : uid=1000(system) PowerManagerSer expire 14 lines
05-19 23:59:58.253  1276  1368 I chatty  : uid=1000(system) batterystats-wo expire 9 lines
05-20 00:00:00.135  1276  1363 I chatty  : uid=1000(system) ActivityManager expire 16 lines
05-20 00:00:03.223  1276  1354 I chatty  : uid=1000(system) android.display expire 4 lines
05-20 00:01:02.386  1276  1364 I chatty  : uid=1000(system) ActivityManager expire 2 lines
05-20 00:01:02.418  1276 10916 I chatty  : uid=1000(system) Binder:1276_20 expire 3 lines
05-20 00:05:10.523  1276  1351 I chatty  : uid=1000(system) android.fg expire 3 lines
05-20 00:05:10.570  1276  7397 I chatty  : uid=1000(system) Binder:1276_1B expire 2 lines
05-20 00:05:11.021  1276  2065 I chatty  : uid=1000(system) Binder:1276_A expire 7 lines
05-20 00:05:11.322  1276  2927 I chatty  : uid=1000(system) Binder:1276_18 expire 1 line
05-20 00:05:32.367  1276  1591 I chatty  : uid=1000(system) InputReader expire 4 lines
05-20 00:05:32.916  1276  1355 I chatty  : uid=1000(system) android.anim expire 40 lines
05-20 00:05:33.094  1276  1387 I chatty  : uid=1000(system) PowerManagerSer expire 22 lines
05-20 00:05:33.096  1276  1351 I chatty  : uid=1000(system) android.fg expire 5 lines
05-20 00:05:33.133  1276  1276 I chatty  : uid=1000 system_server expire 23 lines
05-20 00:05:33.202  1276  1354 I chatty  : uid=1000(system) android.display expire 7 lines
05-20 00:05:44.324  1276  2065 I chatty  : uid=1000(system) Binder:1276_A expire 2 lines
05-20 00:05:44.369  1276  2881 I chatty  : uid=1000(system) Binder:1276_F expire 9 lines
05-20 00:05:44.512  1276  1363 I chatty  : uid=1000(system) ActivityManager expire 6 lines
05-20 00:05:44.560  1276  2927 I chatty  : uid=1000(system) Binder:1276_18 expire 1 line
05-20 00:05:45.175  1276 10916 I chatty  : uid=1000(system) Binder:1276_20 expire 9 lines
05-20 00:06:08.010  1276  1387 I chatty  : uid=1000(system) PowerManagerSer expire 13 lines
05-20 00:06:08.026  1276  1354 I chatty  : uid=1000(system) android.display expire 8 lines
05-20 00:06:08.029  1276  1355 I chatty  : uid=1000(system) android.anim expire 18 lines
05-20 00:07:05.152  1276  1276 I chatty  : uid=1000 system_server expire 27 lines
05-20 00:07:05.743  1276  7540 I chatty  : uid=1000(system) Binder:1276_1D expire 8 lines
05-20 00:07:05.941  1276  1351 I chatty  : uid=1000(system) android.fg expire 3 lines
05-20 00:07:05.973  1276  2881 I chatty  : uid=1000(system) Binder:1276_F expire 7 lines
05-20 00:07:05.984  1276  2927 I chatty  : uid=1000(system) Binder:1276_18 expire 2 lines
05-20 00:07:06.248  1276  2886 I chatty  : uid=1000(system) Binder:1276_11 expire 14 lines
05-20 00:07:06.521  1276  7397 I chatty  : uid=1000(system) Binder:1276_1B expire 2 lines
05-20 00:07:07.016  1276  1363 I chatty  : uid=1000(system) ActivityManager expire 6 lines
05-20 00:07:42.741  1276  7236 I chatty  : uid=1000(system) Binder:1276_1A expire 2 lines
05-20 00:07:42.809  1276  1364 I chatty  : uid=1000(system) ActivityManager expire 6 lines
05-20 00:08:38.147  1276  1675 I chatty  : uid=1000(system) ConnectivitySer expire 7 lines
05-20 00:09:20.534  1276  6356 I chatty  : uid=1000(system) Binder:1276_19 expire 3 lines
05-20 00:09:20.540  1276  2387 I chatty  : uid=1000(system) Binder:1276_B expire 3 lines
05-20 00:09:20.747  1276 10052 I chatty  : uid=1000(system) Binder:1276_1E expire 1 line
05-20 00:09:26.729  1276  2878 I chatty  : uid=1000(system) Binder:1276_D expire 1 line
05-20 00:09:35.728  1276  2923 I chatty  : uid=1000(system) Binder:1276_15 expire 2 lines
05-20 00:09:36.348  1276  2905 I chatty  : uid=1000(system) Binder:1276_12 expire 3 lines
05-20 00:09:37.057  1276  1364 I chatty  : uid=1000(system) ActivityManager expire 5 lines
05-20 00:09:37.133  1276  2387 I chatty  : uid=1000(system) Binder:1276_B expire 9 lines
05-20 00:09:39.535  1276  2923 I chatty  : uid=1000(system) Binder:1276_15 expire 2 lines
05-20 00:09:39.652  1276  2886 I chatty  : uid=1000(system) Binder:1276_11 expire 1 line
05-20 00:09:44.898  1276  1276 I chatty  : uid=1000 system_server expire 44 lines
05-20 00:09:46.160  1315  2304 I PresServiceImpl: : PresServiceImpl: Presence::RCS_SIPRESPONSE_IND received
05-20 00:09:51.911   597   597 D vold    : Remounting 10178 as mode read
05-20 00:09:51.933   597   597 D vold    : Found matching PID 14707
05-20 00:09:51.937   597   597 D vold    : Found matching PID 15098
05-20 00:09:51.941   597   597 D vold    : Found matching PID 15290
05-20 00:09:51.945   597   597 D vold    : Remounting 10178 as mode write
05-20 00:09:51.952   597   597 D vold    : Found matching PID 14707
05-20 00:09:51.956   597   597 D vold    : Found matching PID 15098
05-20 00:09:51.958   597   597 D vold    : Found matching PID 15290
05-20 00:10:04.672  1276  1342 I chatty  : uid=1000(system) Binder:1276_1 expire 2 lines
05-20 00:10:40.014  1276  1840 I chatty  : uid=1000(system) Binder:1276_7 expire 6 lines
05-20 00:10:48.017  1276  2878 I chatty  : uid=1000(system) Binder:1276_D expire 1 line
05-20 00:11:39.863  1276 10052 I chatty  : uid=1000(system) Binder:1276_1E expire 2 lines
05-20 00:11:39.904  1276  2065 I chatty  : uid=1000(system) Binder:1276_A expire 5 lines
05-20 00:11:39.904  1276  1343 I chatty  : uid=1000(system) Binder:1276_2 expire 9 lines
05-20 00:11:39.905  1276  1675 I chatty  : uid=1000(system) ConnectivitySer expire 5 lines
05-20 00:11:47.673  1276  2922 I chatty  : uid=1000(system) Binder:1276_14 expire 1 line
05-20 00:11:47.673  1276  6356 I chatty  : uid=1000(system) Binder:1276_19 expire 20 lines
05-20 00:11:54.719  1276  2884 I chatty  : uid=1000(system) Binder:1276_10 expire 1 line
05-20 00:12:46.117  1276  1362 I chatty  : uid=1000(system) android.bg expire 1 line
05-20 00:15:15.937  1276 10916 I chatty  : uid=1000(system) Binder:1276_20 expire 2 lines
05-20 00:16:14.959  1276  7236 I chatty  : uid=1000(system) Binder:1276_1A expire 6 lines
05-20 00:16:48.653  1276  1368 I chatty  : uid=1000(system) batterystats-wo expire 1 line
05-20 00:16:56.978  1276  1838 I chatty  : uid=1000(system) Binder:1276_5 expire 5 lines
05-20 00:17:56.646  1276  1609 I chatty  : uid=1000(system) Binder:1276_3 expire 5 lines
05-20 00:18:47.475  1276  7397 I chatty  : uid=1000(system) Binder:1276_1B expire 4 lines
05-20 00:18:52.041  1276  1364 I chatty  : uid=1000(system) ActivityManager expire 6 lines
05-20 00:19:01.246  1276  1363 I chatty  : uid=1000(system) ActivityManager expire 8 lines
05-20 00:19:02.384  1276  1276 I chatty  : uid=1000 system_server expire 13 lines
05-20 00:19:15.797  1276  1675 I chatty  : uid=1000(system) ConnectivitySer expire 8 lines
05-20 00:19:18.134  1276  1609 I chatty  : uid=1000(system) Binder:1276_3 expire 8 lines
05-20 00:19:22.660  1276 10916 I chatty  : uid=1000(system) Binder:1276_20 expire 9 lines
05-20 00:19:54.472  1276  2878 I chatty  : uid=1000(system) Binder:1276_D expire 9 lines
05-20 00:19:57.922  1276  2065 I chatty  : uid=1000(system) Binder:1276_A expire 1 line
05-20 00:21:27.414  1276  1677 I chatty  : uid=1000(system) NsdService expire 5 lines
05-20 00:21:41.496  1276 10052 I chatty  : uid=1000(system) Binder:1276_1E expire 6 lines
05-20 00:22:02.267  1978  1978 W ViewRootImpl[NexusLauncherActivity]: Cancelling event due to no window focus: MotionEvent { action=ACTION_CANCEL, actionButton=0, id[0]=0, x[0]=1022.0, y[0]=1597.0, toolType[0]=TOOL_TYPE_FINGER, buttonState=0, classification=NONE, metaState=0, flags=0x0, edgeFlags=0x0, pointerCount=1, historySize=0, eventTime=307301155, downTime=307301112, deviceId=4, source=0x1002, displayId=0 }
05-20 00:22:02.267  1978  1978 I chatty  : uid=10167(com.google.android.apps.nexuslauncher) identical 1 line
05-20 00:22:02.267  1978  1978 W ViewRootImpl[NexusLauncherActivity]: Cancelling event due to no window focus: MotionEvent { action=ACTION_CANCEL, actionButton=0, id[0]=0, x[0]=1022.0, y[0]=1597.0, toolType[0]=TOOL_TYPE_FINGER, buttonState=0, classification=NONE, metaState=0, flags=0x0, edgeFlags=0x0, pointerCount=1, historySize=0, eventTime=307301155, downTime=307301112, deviceId=4, source=0x1002, displayId=0 }
05-20 00:22:06.581  1276  6356 I chatty  : uid=1000(system) Binder:1276_19 expire 1 line
05-20 00:22:46.342  1276  1276 I chatty  : uid=1000 system_server expire 27 lines
05-20 00:23:47.356  1276  1354 I chatty  : uid=1000(system) android.display expire 5 lines
05-20 00:24:10.457  1276  2923 I chatty  : uid=1000(system) Binder:1276_15 expire 1 line
05-20 00:26:01.166  1276  2387 I chatty  : uid=1000(system) Binder:1276_B expire 2 lines
05-20 00:26:01.166  1276  2922 I chatty  : uid=1000(system) Binder:1276_14 expire 1 line
05-20 00:26:01.756  1276  1368 I chatty  : uid=1000(system) batterystats-wo expire 4 lines
05-20 00:26:57.145  1276  1342 I chatty  : uid=1000(system) Binder:1276_1 expire 1 line
05-20 00:26:57.178  1276  7236 I chatty  : uid=1000(system) Binder:1276_1A expire 1 line
05-20 00:26:57.297  1276  2925 I chatty  : uid=1000(system) Binder:1276_16 expire 2 lines
05-20 00:28:58.616  1276 10298 I chatty  : uid=1000(system) Binder:1276_1F expire 1 line
05-20 00:30:07.305  1276  1343 I chatty  : uid=1000(system) Binder:1276_2 expire 8 lines
05-20 00:30:14.332  1276  1276 I chatty  : uid=1000 system_server expire 12 lines
05-20 00:30:14.335  1276  2922 I chatty  : uid=1000(system) Binder:1276_14 expire 8 lines
05-20 00:30:14.374  1276 10052 I chatty  : uid=1000(system) Binder:1276_1E expire 2 lines
05-20 00:30:27.476  1276  1368 I chatty  : uid=1000(system) batterystats-wo expire 2 lines
05-20 00:31:03.622  1276  1675 I chatty  : uid=1000(system) ConnectivitySer expire 77 lines
05-20 00:31:03.643 24623 28415 I AlwaysOnHotwordDetector: onRecognitionPaused
05-20 00:31:06.275  1276  7518 I chatty  : uid=1000(system) Binder:1276_1C expire 2 lines
05-20 00:31:07.329  1276 10916 I chatty  : uid=1000(system) Binder:1276_20 expire 3 lines
05-20 00:31:07.368  1276  1342 I chatty  : uid=1000(system) Binder:1276_1 expire 1 line
05-20 00:31:21.902  1276  2387 I chatty  : uid=1000(system) Binder:1276_B expire 3 lines
05-20 00:31:21.907  1276  1363 I chatty  : uid=1000(system) ActivityManager expire 6 lines
05-20 00:31:51.697  1276  7397 I chatty  : uid=1000(system) Binder:1276_1B expire 1 line
05-20 00:32:52.271  1276  1362 I chatty  : uid=1000(system) android.bg expire 1 line
05-20 00:33:36.276  1276  1363 I chatty  : uid=1000(system) ActivityManager expire 1 line
05-20 00:34:51.399  1276  1675 I chatty  : uid=1000(system) ConnectivitySer expire 91 lines
05-20 00:34:51.402  1276  2387 I chatty  : uid=1000(system) Binder:1276_B expire 2 lines
05-20 00:34:52.835  1276  1276 I chatty  : uid=1000 system_server expire 4 lines
05-20 00:34:52.859  1276  1861 I chatty  : uid=1000(system) Binder:1276_8 expire 4 lines
05-20 00:34:52.930  1276  7236 I chatty  : uid=1000(system) Binder:1276_1A expire 2 lines
05-20 00:34:55.114  1276 10052 I chatty  : uid=1000(system) Binder:1276_1E expire 1 line
05-20 00:35:22.293  1276  7518 I chatty  : uid=1000(system) Binder:1276_1C expire 4 lines
05-20 00:36:02.465  1276  1675 I chatty  : uid=1000(system) ConnectivitySer expire 76 lines
05-20 00:36:02.481  1276 10052 I chatty  : uid=1000(system) Binder:1276_1E expire 3 lines
05-20 00:36:15.806  1276  2922 I chatty  : uid=1000(system) Binder:1276_14 expire 1 line
05-20 00:36:21.363  1276  1354 I chatty  : uid=1000(system) android.display expire 3 lines
05-20 00:36:22.892  1276 10916 I chatty  : uid=1000(system) Binder:1276_20 expire 2 lines
05-20 00:36:45.436  1276  1609 I chatty  : uid=1000(system) Binder:1276_3 expire 3 lines
05-20 00:36:49.865  1276  1276 I chatty  : uid=1000 system_server expire 4 lines
05-20 00:36:50.263  1276  1861 I chatty  : uid=1000(system) Binder:1276_8 expire 5 lines
05-20 00:36:50.380  1276  1364 I chatty  : uid=1000(system) ActivityManager expire 2 lines
05-20 00:37:07.585  1276  1838 I chatty  : uid=1000(system) Binder:1276_5 expire 2 lines
05-20 00:38:04.770  1276  1840 I chatty  : uid=1000(system) Binder:1276_7 expire 1 line
05-20 00:39:04.751  1276  1363 I chatty  : uid=1000(system) ActivityManager expire 1 line
05-20 00:39:37.423  1276  7236 I chatty  : uid=1000(system) Binder:1276_1A expire 1 line
05-20 00:39:41.265  1276  1675 I chatty  : uid=1000(system) ConnectivitySer expire 78 lines
05-20 00:39:41.276  1276 10916 I chatty  : uid=1000(system) Binder:1276_20 expire 1 line
05-20 00:40:12.759  1276  7518 I chatty  : uid=1000(system) Binder:1276_1C expire 2 lines
05-20 00:40:41.446  1276  1840 I chatty  : uid=1000(system) Binder:1276_7 expire 1 line
05-20 00:40:41.506  1276  1276 I chatty  : uid=1000 system_server expire 9 lines
05-20 00:40:41.521  1276  1354 I chatty  : uid=1000(system) android.display expire 1 line
05-20 00:40:41.543  1276  1742 I chatty  : uid=1000(system) Binder:1276_4 expire 1 line
05-20 00:40:41.602  1276  2065 I chatty  : uid=1000(system) Binder:1276_A expire 2 lines
05-20 00:40:42.912  1276  1368 I chatty  : uid=1000(system) batterystats-wo expire 2 lines
05-20 00:41:00.289  1276  1609 I chatty  : uid=1000(system) Binder:1276_3 expire 1 line
05-20 00:41:31.794  1276  2387 I chatty  : uid=1000(system) Binder:1276_B expire 1 line
05-20 00:42:31.780  1276  1363 I chatty  : uid=1000(system) ActivityManager expire 1 line
05-20 00:43:46.020  1276  2886 I chatty  : uid=1000(system) Binder:1276_11 expire 1 line
05-20 00:43:46.110  1276  2884 I chatty  : uid=1000(system) Binder:1276_10 expire 2 lines
05-20 00:44:23.027  1276  1675 I chatty  : uid=1000(system) ConnectivitySer expire 74 lines
05-20 00:44:23.036  1276  2065 I chatty  : uid=1000(system) Binder:1276_A expire 2 lines
05-20 00:45:11.731  1276  1276 I chatty  : uid=1000 system_server expire 7 lines
05-20 00:45:23.845  1276  2875 I chatty  : uid=1000(system) Binder:1276_C expire 3 lines
05-20 00:45:28.213  1276  1742 I chatty  : uid=1000(system) Binder:1276_4 expire 3 lines
05-20 00:46:36.948  1276  2886 I chatty  : uid=1000(system) Binder:1276_11 expire 2 lines
05-20 00:48:44.052  1276  1364 I chatty  : uid=1000(system) ActivityManager expire 1 line
05-20 00:48:46.127  1276  1342 I chatty  : uid=1000(system) Binder:1276_1 expire 2 lines
05-20 00:50:14.706  1276  1609 I chatty  : uid=1000(system) Binder:1276_3 expire 2 lines
