--------- beginning of crash
05-14 22:50:35.754  3219  3219 E AndroidRuntime: FATAL EXCEPTION: main
05-14 22:50:35.754  3219  3219 E AndroidRuntime: Process: com.mgoogle.android.gms, PID: 3219
05-14 22:50:35.754  3219  3219 E AndroidRuntime: java.lang.RuntimeException: Unable to start receiver org.microg.gms.gcm.TriggerReceiver: java.lang.IllegalStateException: Not allowed to start service Intent { act=org.microg.gms.gcm.mcs.CONNECT cmp=com.mgoogle.android.gms/org.microg.gms.gcm.McsService (has extras) }: app is in background uid UidRecord{4417745 u0a162 RCVR idle change:uncached procs:1 seq(0,0,0)}
05-14 22:50:35.754  3219  3219 E AndroidRuntime: 	at android.app.ActivityThread.handleReceiver(ActivityThread.java:3797)
05-14 22:50:35.754  3219  3219 E AndroidRuntime: 	at android.app.ActivityThread.access$1400(ActivityThread.java:219)
05-14 22:50:35.754  3219  3219 E AndroidRuntime: 	at android.app.ActivityThread$H.handleMessage(ActivityThread.java:1870)
05-14 22:50:35.754  3219  3219 E AndroidRuntime: 	at android.os.Handler.dispatchMessage(Handler.java:107)
05-14 22:50:35.754  3219  3219 E AndroidRuntime: 	at android.os.Looper.loop(Looper.java:214)
05-14 22:50:35.754  3219  3219 E AndroidRuntime: 	at android.app.ActivityThread.main(ActivityThread.java:7356)
05-14 22:50:35.754  3219  3219 E AndroidRuntime: 	at java.lang.reflect.Method.invoke(Native Method)
05-14 22:50:35.754  3219  3219 E AndroidRuntime: 	at com.android.internal.os.RuntimeInit$MethodAndArgsCaller.run(RuntimeInit.java:492)
05-14 22:50:35.754  3219  3219 E AndroidRuntime: 	at com.android.internal.os.ZygoteInit.main(ZygoteInit.java:930)
05-14 22:50:35.754  3219  3219 E AndroidRuntime: Caused by: java.lang.IllegalStateException: Not allowed to start service Intent { act=org.microg.gms.gcm.mcs.CONNECT cmp=com.mgoogle.android.gms/org.microg.gms.gcm.McsService (has extras) }: app is in background uid UidRecord{4417745 u0a162 RCVR idle change:uncached procs:1 seq(0,0,0)}
05-14 22:50:35.754  3219  3219 E AndroidRuntime: 	at android.app.ContextImpl.startServiceCommon(ContextImpl.java:1616)
05-14 22:50:35.754  3219  3219 E AndroidRuntime: 	at android.app.ContextImpl.startService(ContextImpl.java:1571)
05-14 22:50:35.754  3219  3219 E AndroidRuntime: 	at android.content.ContextWrapper.startService(ContextWrapper.java:669)
05-14 22:50:35.754  3219  3219 E AndroidRuntime: 	at android.content.ContextWrapper.startService(ContextWrapper.java:669)
05-14 22:50:35.754  3219  3219 E AndroidRuntime: 	at android.support.v4.content.WakefulBroadcastReceiver.startWakefulService(WakefulBroadcastReceiver.java:102)
05-14 22:50:35.754  3219  3219 E AndroidRuntime: 	at org.microg.gms.gcm.TriggerReceiver.onReceive(TriggerReceiver.java:88)
05-14 22:50:35.754  3219  3219 E AndroidRuntime: 	at android.app.ActivityThread.handleReceiver(ActivityThread.java:3788)
05-14 22:50:35.754  3219  3219 E AndroidRuntime: 	... 8 more
05-14 23:09:18.969  4488  9364 E AndroidRuntime: FATAL EXCEPTION: AsyncTask #4
05-14 23:09:18.969  4488  9364 E AndroidRuntime: Process: com.android.wallpaper, PID: 4488
05-14 23:09:18.969  4488  9364 E AndroidRuntime: java.lang.RuntimeException: An error occurred while executing doInBackground()
05-14 23:09:18.969  4488  9364 E AndroidRuntime: 	at android.os.AsyncTask$4.done(AsyncTask.java:399)
05-14 23:09:18.969  4488  9364 E AndroidRuntime: 	at java.util.concurrent.FutureTask.finishCompletion(FutureTask.java:383)
05-14 23:09:18.969  4488  9364 E AndroidRuntime: 	at java.util.concurrent.FutureTask.setException(FutureTask.java:252)
05-14 23:09:18.969  4488  9364 E AndroidRuntime: 	at java.util.concurrent.FutureTask.run(FutureTask.java:271)
05-14 23:09:18.969  4488  9364 E AndroidRuntime: 	at android.os.AsyncTask$SerialExecutor$1.run(AsyncTask.java:289)
05-14 23:09:18.969  4488  9364 E AndroidRuntime: 	at java.util.concurrent.ThreadPoolExecutor.runWorker(ThreadPoolExecutor.java:1167)
05-14 23:09:18.969  4488  9364 E AndroidRuntime: 	at java.util.concurrent.ThreadPoolExecutor$Worker.run(ThreadPoolExecutor.java:641)
05-14 23:09:18.969  4488  9364 E AndroidRuntime: 	at java.lang.Thread.run(Thread.java:919)
05-14 23:09:18.969  4488  9364 E AndroidRuntime: Caused by: java.lang.NullPointerException: Attempt to invoke virtual method 'int android.graphics.Bitmap.getWidth()' on a null object reference
05-14 23:09:18.969  4488  9364 E AndroidRuntime: 	at com.android.wallpaper.asset.Asset$CenterCropBitmapTask.doInBackground(Asset.java:300)
05-14 23:09:18.969  4488  9364 E AndroidRuntime: 	at com.android.wallpaper.asset.Asset$CenterCropBitmapTask.doInBackground(Asset.java:276)
05-14 23:09:18.969  4488  9364 E AndroidRuntime: 	at android.os.AsyncTask$3.call(AsyncTask.java:378)
05-14 23:09:18.969  4488  9364 E AndroidRuntime: 	at java.util.concurrent.FutureTask.run(FutureTask.java:266)
05-14 23:09:18.969  4488  9364 E AndroidRuntime: 	... 4 more
05-14 23:09:31.236 10307 10334 E AndroidRuntime: FATAL EXCEPTION: AsyncTask #2
05-14 23:09:31.236 10307 10334 E AndroidRuntime: Process: com.android.wallpaper, PID: 10307
05-14 23:09:31.236 10307 10334 E AndroidRuntime: java.lang.RuntimeException: An error occurred while executing doInBackground()
05-14 23:09:31.236 10307 10334 E AndroidRuntime: 	at android.os.AsyncTask$4.done(AsyncTask.java:399)
05-14 23:09:31.236 10307 10334 E AndroidRuntime: 	at java.util.concurrent.FutureTask.finishCompletion(FutureTask.java:383)
05-14 23:09:31.236 10307 10334 E AndroidRuntime: 	at java.util.concurrent.FutureTask.setException(FutureTask.java:252)
05-14 23:09:31.236 10307 10334 E AndroidRuntime: 	at java.util.concurrent.FutureTask.run(FutureTask.java:271)
05-14 23:09:31.236 10307 10334 E AndroidRuntime: 	at android.os.AsyncTask$SerialExecutor$1.run(AsyncTask.java:289)
05-14 23:09:31.236 10307 10334 E AndroidRuntime: 	at java.util.concurrent.ThreadPoolExecutor.runWorker(ThreadPoolExecutor.java:1167)
05-14 23:09:31.236 10307 10334 E AndroidRuntime: 	at java.util.concurrent.ThreadPoolExecutor$Worker.run(ThreadPoolExecutor.java:641)
05-14 23:09:31.236 10307 10334 E AndroidRuntime: 	at java.lang.Thread.run(Thread.java:919)
05-14 23:09:31.236 10307 10334 E AndroidRuntime: Caused by: java.lang.NullPointerException: Attempt to invoke virtual method 'int android.graphics.Bitmap.getWidth()' on a null object reference
05-14 23:09:31.236 10307 10334 E AndroidRuntime: 	at com.android.wallpaper.asset.Asset$CenterCropBitmapTask.doInBackground(Asset.java:300)
05-14 23:09:31.236 10307 10334 E AndroidRuntime: 	at com.android.wallpaper.asset.Asset$CenterCropBitmapTask.doInBackground(Asset.java:276)
05-14 23:09:31.236 10307 10334 E AndroidRuntime: 	at android.os.AsyncTask$3.call(AsyncTask.java:378)
05-14 23:09:31.236 10307 10334 E AndroidRuntime: 	at java.util.concurrent.FutureTask.run(FutureTask.java:266)
05-14 23:09:31.236 10307 10334 E AndroidRuntime: 	... 4 more
05-15 00:32:47.400 22876 22901 E AndroidRuntime: FATAL EXCEPTION: AsyncTask #1
05-15 00:32:47.400 22876 22901 E AndroidRuntime: Process: com.android.wallpaper, PID: 22876
05-15 00:32:47.400 22876 22901 E AndroidRuntime: java.lang.RuntimeException: An error occurred while executing doInBackground()
05-15 00:32:47.400 22876 22901 E AndroidRuntime: 	at android.os.AsyncTask$4.done(AsyncTask.java:399)
05-15 00:32:47.400 22876 22901 E AndroidRuntime: 	at java.util.concurrent.FutureTask.finishCompletion(FutureTask.java:383)
05-15 00:32:47.400 22876 22901 E AndroidRuntime: 	at java.util.concurrent.FutureTask.setException(FutureTask.java:252)
05-15 00:32:47.400 22876 22901 E AndroidRuntime: 	at java.util.concurrent.FutureTask.run(FutureTask.java:271)
05-15 00:32:47.400 22876 22901 E AndroidRuntime: 	at android.os.AsyncTask$SerialExecutor$1.run(AsyncTask.java:289)
05-15 00:32:47.400 22876 22901 E AndroidRuntime: 	at java.util.concurrent.ThreadPoolExecutor.runWorker(ThreadPoolExecutor.java:1167)
05-15 00:32:47.400 22876 22901 E AndroidRuntime: 	at java.util.concurrent.ThreadPoolExecutor$Worker.run(ThreadPoolExecutor.java:641)
05-15 00:32:47.400 22876 22901 E AndroidRuntime: 	at java.lang.Thread.run(Thread.java:919)
05-15 00:32:47.400 22876 22901 E AndroidRuntime: Caused by: java.lang.NullPointerException: Attempt to invoke virtual method 'int android.graphics.Bitmap.getWidth()' on a null object reference
05-15 00:32:47.400 22876 22901 E AndroidRuntime: 	at com.android.wallpaper.asset.Asset$CenterCropBitmapTask.doInBackground(Asset.java:300)
05-15 00:32:47.400 22876 22901 E AndroidRuntime: 	at com.android.wallpaper.asset.Asset$CenterCropBitmapTask.doInBackground(Asset.java:276)
05-15 00:32:47.400 22876 22901 E AndroidRuntime: 	at android.os.AsyncTask$3.call(AsyncTask.java:378)
05-15 00:32:47.400 22876 22901 E AndroidRuntime: 	at java.util.concurrent.FutureTask.run(FutureTask.java:266)
05-15 00:32:47.400 22876 22901 E AndroidRuntime: 	... 4 more
05-15 16:53:36.884 30480 30480 F DEBUG   : *** *** *** *** *** *** *** *** *** *** *** *** *** *** *** ***
05-15 16:53:36.885 30480 30480 F DEBUG   : Build fingerprint: 'google/sargo/sargo:10/QQ2A.200501.001.B2/6352890:user/release-keys'
05-15 16:53:36.885 30480 30480 F DEBUG   : Revision: 'MP1.0'
05-15 16:53:36.885 30480 30480 F DEBUG   : ABI: 'arm64'
05-15 16:53:36.887 30480 30480 F DEBUG   : Timestamp: 2020-05-15 16:53:36-0400
05-15 16:53:36.887 30480 30480 F DEBUG   : pid: 30477, tid: 30477, name: zsh  >>> /data/data/com.termux/files/usr/bin/zsh <<<
05-15 16:53:36.887 30480 30480 F DEBUG   : uid: 10150
05-15 16:53:36.887 30480 30480 F DEBUG   : signal 35 (<debuggerd signal>), code -1 (SI_QUEUE), fault addr --------
05-15 16:53:36.887 30480 30480 F DEBUG   : Abort message: 'attempted to close file descriptor 11, expected to be unowned, actually owned by FILE* 0x74fe65c018'
05-15 16:53:36.887 30480 30480 F DEBUG   :     x0  0000000000000000  x1  000000000000770d  x2  0000000000000023  x3  0000007fe0579070
05-15 16:53:36.887 30480 30480 F DEBUG   :     x4  3063353665663437  x5  3063353665663437  x6  3063353665663437  x7  3831306335366566
05-15 16:53:36.887 30480 30480 F DEBUG   :     x8  00000000000000f0  x9  3e680cac15b448af  x10 0000000000000000  x11 00000074fed22cd9
05-15 16:53:36.887 30480 30480 F DEBUG   :     x12 00000074fed22c7f  x13 0000007fe0578c3a  x14 0000000000000000  x15 0000000000000030
05-15 16:53:36.887 30480 30480 F DEBUG   :     x16 00000074fedf68c0  x17 00000074fedd4310  x18 0000007500076000  x19 000000000000770d
05-15 16:53:36.887 30480 30480 F DEBUG   :     x20 000000000000770d  x21 00000074ff261020  x22 00000075004c28f4  x23 0000000000000001
05-15 16:53:36.887 30480 30480 F DEBUG   :     x24 0000007fe0578e60  x25 0000007fe0578de0  x26 0000007fe0578da0  x27 0000000000000000
05-15 16:53:36.887 30480 30480 F DEBUG   :     x28 00000074fe65a3e0  x29 0000007fe0579150
05-15 16:53:36.887 30480 30480 F DEBUG   :     sp  0000007fe0578d20  lr  00000074fed8b5ec  pc  00000074fed8b60c
05-15 16:53:36.890 30480 30480 F DEBUG   : 
05-15 16:53:36.890 30480 30480 F DEBUG   : backtrace:
05-15 16:53:36.890 30480 30480 F DEBUG   :     NOTE: Function names and BuildId information is missing for some frames due
05-15 16:53:36.891 30480 30480 F DEBUG   :     NOTE: to unreadable libraries. For unwinds of apps, only shared libraries
05-15 16:53:36.891 30480 30480 F DEBUG   :     NOTE: found under the lib/ directory are readable.
05-15 16:53:36.891 30480 30480 F DEBUG   :       #00 pc 000000000008560c  /apex/com.android.runtime/lib64/bionic/libc.so (fdsan_error(char const*, ...)+388) (BuildId: cb84c2d80664a14f0a1068d113248574)
05-15 16:53:36.891 30480 30480 F DEBUG   :       #01 pc 0000000000085424  /apex/com.android.runtime/lib64/bionic/libc.so (android_fdsan_close_with_tag+728) (BuildId: cb84c2d80664a14f0a1068d113248574)
05-15 16:53:36.891 30480 30480 F DEBUG   :       #02 pc 0000000000085b90  /apex/com.android.runtime/lib64/bionic/libc.so (close+16) (BuildId: cb84c2d80664a14f0a1068d113248574)
05-15 16:53:36.891 30480 30480 F DEBUG   :       #03 pc 000000000004821c  /data/data/com.termux/files/usr/bin/zsh
05-15 16:54:06.463 30553 30553 F DEBUG   : *** *** *** *** *** *** *** *** *** *** *** *** *** *** *** ***
05-15 16:54:06.463 30553 30553 F DEBUG   : Build fingerprint: 'google/sargo/sargo:10/QQ2A.200501.001.B2/6352890:user/release-keys'
05-15 16:54:06.463 30553 30553 F DEBUG   : Revision: 'MP1.0'
05-15 16:54:06.463 30553 30553 F DEBUG   : ABI: 'arm64'
05-15 16:54:06.465 30553 30553 F DEBUG   : Timestamp: 2020-05-15 16:54:06-0400
05-15 16:54:06.465 30553 30553 F DEBUG   : pid: 30550, tid: 30550, name: zsh  >>> /data/data/com.termux/files/usr/bin/zsh <<<
05-15 16:54:06.465 30553 30553 F DEBUG   : uid: 10150
05-15 16:54:06.465 30553 30553 F DEBUG   : signal 35 (<debuggerd signal>), code -1 (SI_QUEUE), fault addr --------
05-15 16:54:06.465 30553 30553 F DEBUG   : Abort message: 'attempted to close file descriptor 11, expected to be unowned, actually owned by FILE* 0x761d064018'
05-15 16:54:06.466 30553 30553 F DEBUG   :     x0  0000000000000000  x1  0000000000007756  x2  0000000000000023  x3  0000007fe0180c90
05-15 16:54:06.466 30553 30553 F DEBUG   :     x4  3034363064313637  x5  3034363064313637  x6  3034363064313637  x7  3831303436306431
05-15 16:54:06.466 30553 30553 F DEBUG   :     x8  00000000000000f0  x9  85a17cb823d2852e  x10 0000000000000000  x11 000000761d74ccd9
05-15 16:54:06.466 30553 30553 F DEBUG   :     x12 000000761d74cc7f  x13 0000007fe018085a  x14 0000000000000000  x15 0000000000000030
05-15 16:54:06.466 30553 30553 F DEBUG   :     x16 000000761d8208c0  x17 000000761d7fe310  x18 000000761e362000  x19 0000000000007756
05-15 16:54:06.466 30553 30553 F DEBUG   :     x20 0000000000007756  x21 000000761dc8e020  x22 000000761eeef8f4  x23 0000000000000001
05-15 16:54:06.466 30553 30553 F DEBUG   :     x24 0000007fe0180a80  x25 0000007fe0180a00  x26 0000007fe01809c0  x27 0000000000000000
05-15 16:54:06.466 30553 30553 F DEBUG   :     x28 0000000000000000  x29 0000007fe0180d70
05-15 16:54:06.466 30553 30553 F DEBUG   :     sp  0000007fe0180940  lr  000000761d7b55ec  pc  000000761d7b560c
05-15 16:54:06.466 30553 30553 F DEBUG   : 
05-15 16:54:06.466 30553 30553 F DEBUG   : backtrace:
05-15 16:54:06.466 30553 30553 F DEBUG   :     NOTE: Function names and BuildId information is missing for some frames due
05-15 16:54:06.466 30553 30553 F DEBUG   :     NOTE: to unreadable libraries. For unwinds of apps, only shared libraries
05-15 16:54:06.466 30553 30553 F DEBUG   :     NOTE: found under the lib/ directory are readable.
05-15 16:54:06.466 30553 30553 F DEBUG   :       #00 pc 000000000008560c  /apex/com.android.runtime/lib64/bionic/libc.so (fdsan_error(char const*, ...)+388) (BuildId: cb84c2d80664a14f0a1068d113248574)
05-15 16:54:06.466 30553 30553 F DEBUG   :       #01 pc 0000000000085424  /apex/com.android.runtime/lib64/bionic/libc.so (android_fdsan_close_with_tag+728) (BuildId: cb84c2d80664a14f0a1068d113248574)
05-15 16:54:06.466 30553 30553 F DEBUG   :       #02 pc 0000000000085b90  /apex/com.android.runtime/lib64/bionic/libc.so (close+16) (BuildId: cb84c2d80664a14f0a1068d113248574)
05-15 16:54:06.466 30553 30553 F DEBUG   :       #03 pc 000000000004821c  /data/data/com.termux/files/usr/bin/zsh
05-15 17:00:51.083 32177 32177 F DEBUG   : *** *** *** *** *** *** *** *** *** *** *** *** *** *** *** ***
05-15 17:00:51.083 32177 32177 F DEBUG   : Build fingerprint: 'google/sargo/sargo:10/QQ2A.200501.001.B2/6352890:user/release-keys'
05-15 17:00:51.083 32177 32177 F DEBUG   : Revision: 'MP1.0'
05-15 17:00:51.083 32177 32177 F DEBUG   : ABI: 'arm64'
05-15 17:00:51.084 32177 32177 F DEBUG   : Timestamp: 2020-05-15 17:00:51-0400
05-15 17:00:51.084 32177 32177 F DEBUG   : pid: 32173, tid: 32173, name: zsh  >>> /data/data/com.termux/files/usr/bin/zsh <<<
05-15 17:00:51.084 32177 32177 F DEBUG   : uid: 10150
05-15 17:00:51.084 32177 32177 F DEBUG   : signal 35 (<debuggerd signal>), code -1 (SI_QUEUE), fault addr --------
05-15 17:00:51.084 32177 32177 F DEBUG   : Abort message: 'attempted to close file descriptor 11, expected to be unowned, actually owned by FILE* 0x77ca25c018'
05-15 17:00:51.084 32177 32177 F DEBUG   :     x0  0000000000000000  x1  0000000000007dad  x2  0000000000000023  x3  0000007ff934f900
05-15 17:00:51.084 32177 32177 F DEBUG   :     x4  3063353261633737  x5  3063353261633737  x6  3063353261633737  x7  3831306335326163
05-15 17:00:51.084 32177 32177 F DEBUG   :     x8  00000000000000f0  x9  a6d73eedd648c30d  x10 0000000000000000  x11 00000077ca96fcd9
05-15 17:00:51.084 32177 32177 F DEBUG   :     x12 00000077ca96fc7f  x13 0000007ff934f4ca  x14 0000000000000000  x15 0000000000000030
05-15 17:00:51.084 32177 32177 F DEBUG   :     x16 00000077caa438c0  x17 00000077caa21310  x18 00000077cb7cc000  x19 0000000000007dad
05-15 17:00:51.084 32177 32177 F DEBUG   :     x20 0000000000007dad  x21 00000077cae78020  x22 00000077cc0d98f4  x23 0000000000000001
05-15 17:00:51.084 32177 32177 F DEBUG   :     x24 0000007ff934f6f0  x25 0000007ff934f670  x26 0000007ff934f630  x27 0000000000000000
05-15 17:00:51.084 32177 32177 F DEBUG   :     x28 00000077ca25a3e0  x29 0000007ff934f9e0
05-15 17:00:51.084 32177 32177 F DEBUG   :     sp  0000007ff934f5b0  lr  00000077ca9d85ec  pc  00000077ca9d860c
05-15 17:00:51.085 32177 32177 F DEBUG   : 
05-15 17:00:51.085 32177 32177 F DEBUG   : backtrace:
05-15 17:00:51.085 32177 32177 F DEBUG   :     NOTE: Function names and BuildId information is missing for some frames due
05-15 17:00:51.086 32177 32177 F DEBUG   :     NOTE: to unreadable libraries. For unwinds of apps, only shared libraries
05-15 17:00:51.086 32177 32177 F DEBUG   :     NOTE: found under the lib/ directory are readable.
05-15 17:00:51.086 32177 32177 F DEBUG   :       #00 pc 000000000008560c  /apex/com.android.runtime/lib64/bionic/libc.so (fdsan_error(char const*, ...)+388) (BuildId: cb84c2d80664a14f0a1068d113248574)
05-15 17:00:51.086 32177 32177 F DEBUG   :       #01 pc 0000000000085424  /apex/com.android.runtime/lib64/bionic/libc.so (android_fdsan_close_with_tag+728) (BuildId: cb84c2d80664a14f0a1068d113248574)
05-15 17:00:51.086 32177 32177 F DEBUG   :       #02 pc 0000000000085b90  /apex/com.android.runtime/lib64/bionic/libc.so (close+16) (BuildId: cb84c2d80664a14f0a1068d113248574)
05-15 17:00:51.086 32177 32177 F DEBUG   :       #03 pc 000000000004821c  /data/data/com.termux/files/usr/bin/zsh
05-15 17:01:09.707 32250 32250 F DEBUG   : *** *** *** *** *** *** *** *** *** *** *** *** *** *** *** ***
05-15 17:01:09.707 32250 32250 F DEBUG   : Build fingerprint: 'google/sargo/sargo:10/QQ2A.200501.001.B2/6352890:user/release-keys'
05-15 17:01:09.707 32250 32250 F DEBUG   : Revision: 'MP1.0'
05-15 17:01:09.707 32250 32250 F DEBUG   : ABI: 'arm64'
05-15 17:01:09.707 32250 32250 F DEBUG   : Timestamp: 2020-05-15 17:01:09-0400
05-15 17:01:09.707 32250 32250 F DEBUG   : pid: 32247, tid: 32247, name: zsh  >>> /data/data/com.termux/files/usr/bin/zsh <<<
05-15 17:01:09.707 32250 32250 F DEBUG   : uid: 10150
05-15 17:01:09.707 32250 32250 F DEBUG   : signal 35 (<debuggerd signal>), code -1 (SI_QUEUE), fault addr --------
05-15 17:01:09.707 32250 32250 F DEBUG   : Abort message: 'attempted to close file descriptor 11, expected to be unowned, actually owned by FILE* 0x76cf05d018'
05-15 17:01:09.707 32250 32250 F DEBUG   :     x0  0000000000000000  x1  0000000000007df7  x2  0000000000000023  x3  0000007fcf939ac0
05-15 17:01:09.707 32250 32250 F DEBUG   :     x4  3064353066633637  x5  3064353066633637  x6  3064353066633637  x7  3831306435306663
05-15 17:01:09.707 32250 32250 F DEBUG   :     x8  00000000000000f0  x9  602f65ff9b238b52  x10 0000000000000000  x11 00000076cf4a8cd9
05-15 17:01:09.707 32250 32250 F DEBUG   :     x12 00000076cf4a8c7f  x13 0000007fcf93968a  x14 0000000000000000  x15 0000000000000030
05-15 17:01:09.707 32250 32250 F DEBUG   :     x16 00000076cf57c8c0  x17 00000076cf55a310  x18 00000076cfffa000  x19 0000000000007df7
05-15 17:01:09.707 32250 32250 F DEBUG   :     x20 0000000000007df7  x21 00000076cfb32020  x22 00000076d0d938f4  x23 0000000000000001
05-15 17:01:09.707 32250 32250 F DEBUG   :     x24 0000007fcf9398b0  x25 0000007fcf939830  x26 0000007fcf9397f0  x27 0000000000000000
05-15 17:01:09.707 32250 32250 F DEBUG   :     x28 00000076cf05a500  x29 0000007fcf939ba0
05-15 17:01:09.707 32250 32250 F DEBUG   :     sp  0000007fcf939770  lr  00000076cf5115ec  pc  00000076cf51160c
05-15 17:01:09.708 32250 32250 F DEBUG   : 
05-15 17:01:09.708 32250 32250 F DEBUG   : backtrace:
05-15 17:01:09.708 32250 32250 F DEBUG   :     NOTE: Function names and BuildId information is missing for some frames due
05-15 17:01:09.708 32250 32250 F DEBUG   :     NOTE: to unreadable libraries. For unwinds of apps, only shared libraries
05-15 17:01:09.708 32250 32250 F DEBUG   :     NOTE: found under the lib/ directory are readable.
05-15 17:01:09.708 32250 32250 F DEBUG   :       #00 pc 000000000008560c  /apex/com.android.runtime/lib64/bionic/libc.so (fdsan_error(char const*, ...)+388) (BuildId: cb84c2d80664a14f0a1068d113248574)
05-15 17:01:09.708 32250 32250 F DEBUG   :       #01 pc 0000000000085424  /apex/com.android.runtime/lib64/bionic/libc.so (android_fdsan_close_with_tag+728) (BuildId: cb84c2d80664a14f0a1068d113248574)
05-15 17:01:09.708 32250 32250 F DEBUG   :       #02 pc 0000000000085b90  /apex/com.android.runtime/lib64/bionic/libc.so (close+16) (BuildId: cb84c2d80664a14f0a1068d113248574)
05-15 17:01:09.708 32250 32250 F DEBUG   :       #03 pc 000000000004821c  /data/data/com.termux/files/usr/bin/zsh
05-15 23:41:08.401  9088  9088 E AndroidRuntime: FATAL EXCEPTION: main
05-15 23:41:08.401  9088  9088 E AndroidRuntime: Process: com.gahs.wallpaper.bubblewall, PID: 9088
05-15 23:41:08.401  9088  9088 E AndroidRuntime: java.lang.IllegalStateException: Surface was not locked
05-15 23:41:08.401  9088  9088 E AndroidRuntime: 	at android.view.Surface.unlockSwCanvasAndPost(Surface.java:407)
05-15 23:41:08.401  9088  9088 E AndroidRuntime: 	at android.view.Surface.unlockCanvasAndPost(Surface.java:391)
05-15 23:41:08.401  9088  9088 E AndroidRuntime: 	at com.android.internal.view.BaseSurfaceHolder.unlockCanvasAndPost(BaseSurfaceHolder.java:226)
05-15 23:41:08.401  9088  9088 E AndroidRuntime: 	at com.gahs.wallpaper.bubblewall.BubbleWallService$BubbleWallEngine.drawBubbles(BubbleWallService.java:114)
05-15 23:41:08.401  9088  9088 E AndroidRuntime: 	at com.gahs.wallpaper.bubblewall.BubbleWallService$BubbleWallEngine.access$200(BubbleWallService.java:25)
05-15 23:41:08.401  9088  9088 E AndroidRuntime: 	at com.gahs.wallpaper.bubblewall.BubbleWallService$BubbleWallEngine$1.run(BubbleWallService.java:31)
05-15 23:41:08.401  9088  9088 E AndroidRuntime: 	at android.os.Handler.handleCallback(Handler.java:883)
05-15 23:41:08.401  9088  9088 E AndroidRuntime: 	at android.os.Handler.dispatchMessage(Handler.java:100)
05-15 23:41:08.401  9088  9088 E AndroidRuntime: 	at android.os.Looper.loop(Looper.java:214)
05-15 23:41:08.401  9088  9088 E AndroidRuntime: 	at android.app.ActivityThread.main(ActivityThread.java:7356)
05-15 23:41:08.401  9088  9088 E AndroidRuntime: 	at java.lang.reflect.Method.invoke(Native Method)
05-15 23:41:08.401  9088  9088 E AndroidRuntime: 	at com.android.internal.os.RuntimeInit$MethodAndArgsCaller.run(RuntimeInit.java:492)
05-15 23:41:08.401  9088  9088 E AndroidRuntime: 	at com.android.internal.os.ZygoteInit.main(ZygoteInit.java:930)
05-15 23:41:25.069  9140  9140 E AndroidRuntime: FATAL EXCEPTION: main
05-15 23:41:25.069  9140  9140 E AndroidRuntime: Process: com.gahs.wallpaper.bubblewall, PID: 9140
05-15 23:41:25.069  9140  9140 E AndroidRuntime: java.lang.IllegalStateException: Surface was not locked
05-15 23:41:25.069  9140  9140 E AndroidRuntime: 	at android.view.Surface.unlockSwCanvasAndPost(Surface.java:407)
05-15 23:41:25.069  9140  9140 E AndroidRuntime: 	at android.view.Surface.unlockCanvasAndPost(Surface.java:391)
05-15 23:41:25.069  9140  9140 E AndroidRuntime: 	at com.android.internal.view.BaseSurfaceHolder.unlockCanvasAndPost(BaseSurfaceHolder.java:226)
05-15 23:41:25.069  9140  9140 E AndroidRuntime: 	at com.gahs.wallpaper.bubblewall.BubbleWallService$BubbleWallEngine.drawBubbles(BubbleWallService.java:114)
05-15 23:41:25.069  9140  9140 E AndroidRuntime: 	at com.gahs.wallpaper.bubblewall.BubbleWallService$BubbleWallEngine.access$200(BubbleWallService.java:25)
05-15 23:41:25.069  9140  9140 E AndroidRuntime: 	at com.gahs.wallpaper.bubblewall.BubbleWallService$BubbleWallEngine$1.run(BubbleWallService.java:31)
05-15 23:41:25.069  9140  9140 E AndroidRuntime: 	at android.os.Handler.handleCallback(Handler.java:883)
05-15 23:41:25.069  9140  9140 E AndroidRuntime: 	at android.os.Handler.dispatchMessage(Handler.java:100)
05-15 23:41:25.069  9140  9140 E AndroidRuntime: 	at android.os.Looper.loop(Looper.java:214)
05-15 23:41:25.069  9140  9140 E AndroidRuntime: 	at android.app.ActivityThread.main(ActivityThread.java:7356)
05-15 23:41:25.069  9140  9140 E AndroidRuntime: 	at java.lang.reflect.Method.invoke(Native Method)
05-15 23:41:25.069  9140  9140 E AndroidRuntime: 	at com.android.internal.os.RuntimeInit$MethodAndArgsCaller.run(RuntimeInit.java:492)
05-15 23:41:25.069  9140  9140 E AndroidRuntime: 	at com.android.internal.os.ZygoteInit.main(ZygoteInit.java:930)
05-17 10:40:47.516  4715  4740 E AndroidRuntime: FATAL EXCEPTION: AsyncTask #1
05-17 10:40:47.516  4715  4740 E AndroidRuntime: Process: com.android.wallpaper, PID: 4715
05-17 10:40:47.516  4715  4740 E AndroidRuntime: java.lang.RuntimeException: An error occurred while executing doInBackground()
05-17 10:40:47.516  4715  4740 E AndroidRuntime: 	at android.os.AsyncTask$4.done(AsyncTask.java:399)
05-17 10:40:47.516  4715  4740 E AndroidRuntime: 	at java.util.concurrent.FutureTask.finishCompletion(FutureTask.java:383)
05-17 10:40:47.516  4715  4740 E AndroidRuntime: 	at java.util.concurrent.FutureTask.setException(FutureTask.java:252)
05-17 10:40:47.516  4715  4740 E AndroidRuntime: 	at java.util.concurrent.FutureTask.run(FutureTask.java:271)
05-17 10:40:47.516  4715  4740 E AndroidRuntime: 	at android.os.AsyncTask$SerialExecutor$1.run(AsyncTask.java:289)
05-17 10:40:47.516  4715  4740 E AndroidRuntime: 	at java.util.concurrent.ThreadPoolExecutor.runWorker(ThreadPoolExecutor.java:1167)
05-17 10:40:47.516  4715  4740 E AndroidRuntime: 	at java.util.concurrent.ThreadPoolExecutor$Worker.run(ThreadPoolExecutor.java:641)
05-17 10:40:47.516  4715  4740 E AndroidRuntime: 	at java.lang.Thread.run(Thread.java:919)
05-17 10:40:47.516  4715  4740 E AndroidRuntime: Caused by: java.lang.NullPointerException: Attempt to invoke virtual method 'int android.graphics.Bitmap.getWidth()' on a null object reference
05-17 10:40:47.516  4715  4740 E AndroidRuntime: 	at com.android.wallpaper.asset.Asset$CenterCropBitmapTask.doInBackground(Asset.java:300)
05-17 10:40:47.516  4715  4740 E AndroidRuntime: 	at com.android.wallpaper.asset.Asset$CenterCropBitmapTask.doInBackground(Asset.java:276)
05-17 10:40:47.516  4715  4740 E AndroidRuntime: 	at android.os.AsyncTask$3.call(AsyncTask.java:378)
05-17 10:40:47.516  4715  4740 E AndroidRuntime: 	at java.util.concurrent.FutureTask.run(FutureTask.java:266)
05-17 10:40:47.516  4715  4740 E AndroidRuntime: 	... 4 more
05-18 21:50:33.908 31261 31261 E AndroidRuntime: FATAL EXCEPTION: main
05-18 21:50:33.908 31261 31261 E AndroidRuntime: Process: com.gahs.wallpaper.bubblewall, PID: 31261
05-18 21:50:33.908 31261 31261 E AndroidRuntime: java.lang.NullPointerException: Attempt to invoke virtual method 'void android.graphics.Canvas.drawColor(int)' on a null object reference
05-18 21:50:33.908 31261 31261 E AndroidRuntime: 	at com.gahs.wallpaper.bubblewall.BubbleWallService$BubbleWallEngine.drawBubbles(BubbleWallService.java:99)
05-18 21:50:33.908 31261 31261 E AndroidRuntime: 	at com.gahs.wallpaper.bubblewall.BubbleWallService$BubbleWallEngine.access$200(BubbleWallService.java:26)
05-18 21:50:33.908 31261 31261 E AndroidRuntime: 	at com.gahs.wallpaper.bubblewall.BubbleWallService$BubbleWallEngine$1.run(BubbleWallService.java:32)
05-18 21:50:33.908 31261 31261 E AndroidRuntime: 	at android.os.Handler.handleCallback(Handler.java:883)
05-18 21:50:33.908 31261 31261 E AndroidRuntime: 	at android.os.Handler.dispatchMessage(Handler.java:100)
05-18 21:50:33.908 31261 31261 E AndroidRuntime: 	at android.os.Looper.loop(Looper.java:214)
05-18 21:50:33.908 31261 31261 E AndroidRuntime: 	at android.app.ActivityThread.main(ActivityThread.java:7356)
05-18 21:50:33.908 31261 31261 E AndroidRuntime: 	at java.lang.reflect.Method.invoke(Native Method)
05-18 21:50:33.908 31261 31261 E AndroidRuntime: 	at com.android.internal.os.RuntimeInit$MethodAndArgsCaller.run(RuntimeInit.java:492)
05-18 21:50:33.908 31261 31261 E AndroidRuntime: 	at com.android.internal.os.ZygoteInit.main(ZygoteInit.java:930)
05-19 11:11:53.639 26169 26169 F DEBUG   : *** *** *** *** *** *** *** *** *** *** *** *** *** *** *** ***
05-19 11:11:53.639 26169 26169 F DEBUG   : Build fingerprint: 'google/sargo/sargo:10/QQ2A.200501.001.B2/6352890:user/release-keys'
05-19 11:11:53.639 26169 26169 F DEBUG   : Revision: 'MP1.0'
05-19 11:11:53.639 26169 26169 F DEBUG   : ABI: 'arm64'
05-19 11:11:53.641 26169 26169 F DEBUG   : Timestamp: 2020-05-19 11:11:53-0400
05-19 11:11:53.641 26169 26169 F DEBUG   : pid: 26166, tid: 26166, name: zsh  >>> /data/data/com.termux/files/usr/bin/zsh <<<
05-19 11:11:53.641 26169 26169 F DEBUG   : uid: 10150
05-19 11:11:53.641 26169 26169 F DEBUG   : signal 35 (<debuggerd signal>), code -1 (SI_QUEUE), fault addr --------
05-19 11:11:53.641 26169 26169 F DEBUG   : Abort message: 'attempted to close file descriptor 11, expected to be unowned, actually owned by FILE* 0x7b5605c018'
05-19 11:11:53.641 26169 26169 F DEBUG   :     x0  0000000000000000  x1  0000000000006636  x2  0000000000000023  x3  0000007ff65c6900
05-19 11:11:53.641 26169 26169 F DEBUG   :     x4  3063353036356237  x5  3063353036356237  x6  3063353036356237  x7  3831306335303635
05-19 11:11:53.641 26169 26169 F DEBUG   :     x8  00000000000000f0  x9  2a8a78cfad44cc43  x10 0000000000000000  x11 0000007b56640cd9
05-19 11:11:53.641 26169 26169 F DEBUG   :     x12 0000007b56640c7f  x13 0000007ff65c64ca  x14 0000000000000000  x15 0000000000000030
05-19 11:11:53.641 26169 26169 F DEBUG   :     x16 0000007b567148c0  x17 0000007b566f2310  x18 0000007b57a2a000  x19 0000000000006636
05-19 11:11:53.641 26169 26169 F DEBUG   :     x20 0000000000006636  x21 0000007b56b8e020  x22 0000007b57def8f4  x23 0000000000000001
05-19 11:11:53.641 26169 26169 F DEBUG   :     x24 0000007ff65c66f0  x25 0000007ff65c6670  x26 0000007ff65c6630  x27 0000000000000000
05-19 11:11:53.641 26169 26169 F DEBUG   :     x28 0000007b5605a3e0  x29 0000007ff65c69e0
05-19 11:11:53.641 26169 26169 F DEBUG   :     sp  0000007ff65c65b0  lr  0000007b566a95ec  pc  0000007b566a960c
05-19 11:11:53.649 26169 26169 F DEBUG   : 
05-19 11:11:53.649 26169 26169 F DEBUG   : backtrace:
05-19 11:11:53.649 26169 26169 F DEBUG   :     NOTE: Function names and BuildId information is missing for some frames due
05-19 11:11:53.649 26169 26169 F DEBUG   :     NOTE: to unreadable libraries. For unwinds of apps, only shared libraries
05-19 11:11:53.649 26169 26169 F DEBUG   :     NOTE: found under the lib/ directory are readable.
05-19 11:11:53.649 26169 26169 F DEBUG   :       #00 pc 000000000008560c  /apex/com.android.runtime/lib64/bionic/libc.so (fdsan_error(char const*, ...)+388) (BuildId: cb84c2d80664a14f0a1068d113248574)
05-19 11:11:53.649 26169 26169 F DEBUG   :       #01 pc 0000000000085424  /apex/com.android.runtime/lib64/bionic/libc.so (android_fdsan_close_with_tag+728) (BuildId: cb84c2d80664a14f0a1068d113248574)
05-19 11:11:53.649 26169 26169 F DEBUG   :       #02 pc 0000000000085b90  /apex/com.android.runtime/lib64/bionic/libc.so (close+16) (BuildId: cb84c2d80664a14f0a1068d113248574)
05-19 11:11:53.649 26169 26169 F DEBUG   :       #03 pc 000000000004821c  /data/data/com.termux/files/usr/bin/zsh
--------- beginning of system
05-19 17:17:25.526  1276 10298 I chatty  : uid=1000(system) Binder:1276_1F expire 5 lines
05-19 17:17:48.403  1276  7518 I chatty  : uid=1000(system) Binder:1276_1C expire 1 line
05-19 17:17:51.749  1276 10052 I chatty  : uid=1000(system) Binder:1276_1E expire 2 lines
05-19 17:17:52.854  1276  1675 I chatty  : uid=1000(system) ConnectivitySer expire 4 lines
05-19 17:18:21.327  1276  2922 I chatty  : uid=1000(system) Binder:1276_14 expire 17 lines
05-19 17:18:21.328  1276  1363 I chatty  : uid=1000(system) ActivityManager expire 6 lines
05-19 17:19:00.700  1276  2881 I chatty  : uid=1000(system) Binder:1276_F expire 8 lines
05-19 17:21:10.722 24623 24640 I AlwaysOnHotwordDetector: onDetected
05-19 17:21:11.890  1276  1276 I chatty  : uid=1000 system_server expire 18 lines
05-19 17:21:12.226  1276  2922 I chatty  : uid=1000(system) Binder:1276_14 expire 1 line
05-19 17:23:41.503  1276  1368 I chatty  : uid=1000(system) batterystats-wo expire 4 lines
05-19 17:24:28.566  1276  1276 I chatty  : uid=1000 system_server expire 45 lines
05-19 17:25:06.838  1276  2922 I chatty  : uid=1000(system) Binder:1276_14 expire 2 lines
05-19 17:25:06.838  1276 10298 I chatty  : uid=1000(system) Binder:1276_1F expire 8 lines
05-19 17:25:13.857  1276  2905 I chatty  : uid=1000(system) Binder:1276_12 expire 5 lines
05-19 17:25:59.779  1276  1363 I chatty  : uid=1000(system) ActivityManager expire 9 lines
05-19 17:26:13.411  1276  2927 I chatty  : uid=1000(system) Binder:1276_18 expire 9 lines
05-19 17:28:01.335  1276 10052 I chatty  : uid=1000(system) Binder:1276_1E expire 9 lines
05-19 17:28:01.336  1276  2881 I chatty  : uid=1000(system) Binder:1276_F expire 6 lines
05-19 17:28:54.088  1276  2387 I chatty  : uid=1000(system) Binder:1276_B expire 8 lines
05-19 17:28:56.555  1276  2925 I chatty  : uid=1000(system) Binder:1276_16 expire 1 line
05-19 17:29:28.758  1276  6356 I chatty  : uid=1000(system) Binder:1276_19 expire 5 lines
05-19 17:30:51.260  1276  1840 I chatty  : uid=1000(system) Binder:1276_7 expire 7 lines
05-19 17:31:07.887 24623 24640 I AlwaysOnHotwordDetector: onDetected
05-19 17:31:31.798  1276  1276 I chatty  : uid=1000 system_server expire 12 lines
05-19 17:31:52.122 24623 24640 I AlwaysOnHotwordDetector: onDetected
05-19 17:32:11.778  1276  1364 I chatty  : uid=1000(system) ActivityManager expire 4 lines
05-19 17:32:13.079  1276  1675 I chatty  : uid=1000(system) ConnectivitySer expire 2 lines
05-19 17:33:55.303  1276  7518 I chatty  : uid=1000(system) Binder:1276_1C expire 2 lines
05-19 17:33:57.518  1276  1362 I chatty  : uid=1000(system) android.bg expire 1 line
05-19 17:33:58.447  1276  1364 I chatty  : uid=1000(system) ActivityManager expire 7 lines
05-19 17:33:58.600  1276  1343 I chatty  : uid=1000(system) Binder:1276_2 expire 5 lines
05-19 17:33:58.603  1276  2387 I chatty  : uid=1000(system) Binder:1276_B expire 26 lines
05-19 17:33:59.928  1276  1363 I chatty  : uid=1000(system) ActivityManager expire 13 lines
05-19 17:34:01.279  1276  2881 I chatty  : uid=1000(system) Binder:1276_F expire 5 lines
05-19 17:34:32.794  1276  2886 I chatty  : uid=1000(system) Binder:1276_11 expire 7 lines
05-19 17:34:57.417  1276  1276 I chatty  : uid=1000 system_server expire 23 lines
05-19 17:34:57.453  1276  1675 I chatty  : uid=1000(system) ConnectivitySer expire 5 lines
05-19 17:34:57.923  1276  2905 I chatty  : uid=1000(system) Binder:1276_12 expire 5 lines
05-19 17:36:01.266  1276  2927 I chatty  : uid=1000(system) Binder:1276_18 expire 5 lines
05-19 17:36:58.237  1276 10052 I chatty  : uid=1000(system) Binder:1276_1E expire 5 lines
05-19 17:38:53.040  1276  1354 I chatty  : uid=1000(system) android.display expire 4 lines
05-19 17:38:53.102  1276  6356 I chatty  : uid=1000(system) Binder:1276_19 expire 3 lines
05-19 17:38:53.139  1276  1840 I chatty  : uid=1000(system) Binder:1276_7 expire 2 lines
05-19 17:38:53.140  1276  2922 I chatty  : uid=1000(system) Binder:1276_14 expire 1 line
05-19 17:38:54.677  1276  2880 I chatty  : uid=1000(system) Binder:1276_E expire 2 lines
05-19 17:39:20.067  1276  1342 I chatty  : uid=1000(system) Binder:1276_1 expire 1 line
05-19 17:39:41.003  1276  1368 I chatty  : uid=1000(system) batterystats-wo expire 6 lines
05-19 17:39:42.121  1276  1276 I chatty  : uid=1000 system_server expire 22 lines
05-19 17:42:19.267  1276  2061 I chatty  : uid=1000(system) HwBinder:1276_5 expire 1 line
05-19 17:42:19.268  1276  1351 I chatty  : uid=1000(system) android.fg expire 5 lines
05-19 17:42:19.273  1276  1363 I chatty  : uid=1000(system) ActivityManager expire 3 lines
05-19 17:42:28.784  1276  1591 I chatty  : uid=1000(system) InputReader expire 2 lines
05-19 17:42:29.275  1276  1387 I chatty  : uid=1000(system) PowerManagerSer expire 23 lines
05-19 17:42:29.314  1276  1354 I chatty  : uid=1000(system) android.display expire 6 lines
05-19 17:42:29.323  1276  1355 I chatty  : uid=1000(system) android.anim expire 30 lines
05-19 17:42:30.418  1276  2886 I chatty  : uid=1000(system) Binder:1276_11 expire 1 line
05-19 17:42:53.578  1276  2905 I chatty  : uid=1000(system) Binder:1276_12 expire 2 lines
05-19 17:42:55.584  1276 10298 I chatty  : uid=1000(system) Binder:1276_1F expire 1 line
05-19 17:42:55.689  1276  1840 I chatty  : uid=1000(system) Binder:1276_7 expire 1 line
05-19 17:42:55.850  1276 10052 I chatty  : uid=1000(system) Binder:1276_1E expire 11 lines
05-19 17:42:56.541  1276 10298 I chatty  : uid=1000(system) Binder:1276_1F expire 7 lines
05-19 17:42:56.581  1276  1276 I chatty  : uid=1000 system_server expire 49 lines
05-19 17:42:56.594  1276  1354 I chatty  : uid=1000(system) android.display expire 6 lines
05-19 17:42:56.610  1276  1363 I chatty  : uid=1000(system) ActivityManager expire 14 lines
05-19 17:44:54.501  1276  1840 I chatty  : uid=1000(system) Binder:1276_7 expire 5 lines
05-19 17:45:08.347  1276  1342 I chatty  : uid=1000(system) Binder:1276_1 expire 1 line
05-19 17:45:08.691  1276  2886 I chatty  : uid=1000(system) Binder:1276_11 expire 1 line
05-19 17:45:10.946  1276  1364 I chatty  : uid=1000(system) ActivityManager expire 2 lines
05-19 17:45:12.446  1276  1368 I chatty  : uid=1000(system) batterystats-wo expire 1 line
05-19 17:45:23.999  1276  1675 I chatty  : uid=1000(system) ConnectivitySer expire 6 lines
05-19 17:45:31.004  1276  2880 I chatty  : uid=1000(system) Binder:1276_E expire 3 lines
05-19 17:46:16.090  1276  2387 I chatty  : uid=1000(system) Binder:1276_B expire 1 line
05-19 17:47:11.598  1276  2065 I chatty  : uid=1000(system) Binder:1276_A expire 9 lines
05-19 17:48:26.699  1276  6356 I chatty  : uid=1000(system) Binder:1276_19 expire 3 lines
05-19 17:49:31.056  1276  2922 I chatty  : uid=1000(system) Binder:1276_14 expire 1 line
05-19 17:49:31.056  1276  2926 I chatty  : uid=1000(system) Binder:1276_17 expire 1 line
05-19 17:49:36.350  1276  2927 I chatty  : uid=1000(system) Binder:1276_18 expire 1 line
05-19 17:49:36.352  1276  7518 I chatty  : uid=1000(system) Binder:1276_1C expire 1 line
05-19 17:49:36.353  1276 10916 I chatty  : uid=1000(system) Binder:1276_20 expire 1 line
05-19 17:49:36.354  1276  1839 I chatty  : uid=1000(system) Binder:1276_6 expire 1 line
05-19 17:49:36.357  1276  7397 I chatty  : uid=1000(system) Binder:1276_1B expire 10 lines
05-19 17:50:10.461  1276  6356 I chatty  : uid=1000(system) Binder:1276_19 expire 8 lines
05-19 17:50:10.462  1276  1742 I chatty  : uid=1000(system) Binder:1276_4 expire 18 lines
05-19 17:50:17.495  1276  1276 I chatty  : uid=1000 system_server expire 37 lines
05-19 17:50:52.504  1276  1364 I chatty  : uid=1000(system) ActivityManager expire 4 lines
05-19 17:51:19.968  1276  1839 I chatty  : uid=1000(system) Binder:1276_6 expire 1 line
05-19 17:51:19.969  1276  2925 I chatty  : uid=1000(system) Binder:1276_16 expire 14 lines
05-19 17:51:28.451  1276  1368 I chatty  : uid=1000(system) batterystats-wo expire 5 lines
05-19 17:52:45.500  1276  2920 I chatty  : uid=1000(system) Binder:1276_13 expire 6 lines
05-19 17:53:39.746  1276  1343 I chatty  : uid=1000(system) Binder:1276_2 expire 1 line
05-19 17:54:04.930  1276 10916 I chatty  : uid=1000(system) Binder:1276_20 expire 9 lines
05-19 17:54:19.927  1276  1362 I chatty  : uid=1000(system) android.bg expire 1 line
05-19 17:55:51.614  1276  2884 I chatty  : uid=1000(system) Binder:1276_10 expire 2 lines
05-19 17:56:29.933  1276  1609 I chatty  : uid=1000(system) Binder:1276_3 expire 1 line
05-19 17:59:02.698  1276  1838 I chatty  : uid=1000(system) Binder:1276_5 expire 17 lines
05-19 17:59:10.729  1276 10916 I chatty  : uid=1000(system) Binder:1276_20 expire 4 lines
05-19 17:59:10.739  1276  1276 I chatty  : uid=1000 system_server expire 39 lines
05-19 17:59:10.741  1276  1343 I chatty  : uid=1000(system) Binder:1276_2 expire 7 lines
05-19 17:59:54.898  1276  1368 I chatty  : uid=1000(system) batterystats-wo expire 1 line
05-19 18:00:11.067  1276  6356 I chatty  : uid=1000(system) Binder:1276_19 expire 8 lines
05-19 18:00:15.637  1276  1742 I chatty  : uid=1000(system) Binder:1276_4 expire 3 lines
05-19 18:00:43.927  1276  7397 I chatty  : uid=1000(system) Binder:1276_1B expire 3 lines
05-19 18:01:04.129  1276  2925 I chatty  : uid=1000(system) Binder:1276_16 expire 6 lines
05-19 18:02:09.371  1276  1364 I chatty  : uid=1000(system) ActivityManager expire 3 lines
05-19 18:02:34.400  1276  2920 I chatty  : uid=1000(system) Binder:1276_13 expire 3 lines
05-19 18:02:34.400  1276  1675 I chatty  : uid=1000(system) ConnectivitySer expire 1 line
05-19 18:03:10.916  1276  1363 I chatty  : uid=1000(system) ActivityManager expire 11 lines
05-19 18:04:06.964  1276  7518 I chatty  : uid=1000(system) Binder:1276_1C expire 9 lines
05-19 18:04:43.957  1276  1609 I chatty  : uid=1000(system) Binder:1276_3 expire 8 lines
05-19 18:06:39.886  1276  1276 I chatty  : uid=1000 system_server expire 13 lines
05-19 18:07:47.336  1276  1363 I chatty  : uid=1000(system) ActivityManager expire 2 lines
05-19 18:07:53.507  1276  7397 I chatty  : uid=1000(system) Binder:1276_1B expire 1 line
05-19 18:09:05.058  1276  7236 I chatty  : uid=1000(system) Binder:1276_1A expire 17 lines
05-19 18:09:33.176  1276  1675 I chatty  : uid=1000(system) ConnectivitySer expire 14 lines
05-19 18:09:43.559  1276  1839 I chatty  : uid=1000(system) Binder:1276_6 expire 2 lines
05-19 18:09:43.584  1276  1364 I chatty  : uid=1000(system) ActivityManager expire 1 line
05-19 18:09:52.114  1276  1838 I chatty  : uid=1000(system) Binder:1276_5 expire 8 lines
05-19 18:09:59.204  1276  7518 I chatty  : uid=1000(system) Binder:1276_1C expire 6 lines
05-19 18:10:50.553  1719  1719 V DeadZone: consuming errant click: (786.0,7.0)
05-19 18:10:50.557  1719  1719 V DeadZone: consuming errant click: (786.0,7.0)
05-19 18:11:29.896  1276  1354 I chatty  : uid=1000(system) android.display expire 1 line
05-19 18:11:49.841  1276  1861 I chatty  : uid=1000(system) Binder:1276_8 expire 3 lines
05-19 18:12:34.323  1276  1276 I chatty  : uid=1000 system_server expire 30 lines
05-19 18:12:44.029  1276  1742 I chatty  : uid=1000(system) Binder:1276_4 expire 2 lines
05-19 18:14:29.895  1276  1362 I chatty  : uid=1000(system) android.bg expire 1 line
05-19 18:16:54.383  1276  1276 I chatty  : uid=1000 system_server expire 13 lines
05-19 18:16:54.384  1276  1742 I chatty  : uid=1000(system) Binder:1276_4 expire 8 lines
05-19 18:16:54.425  1276  7236 I chatty  : uid=1000(system) Binder:1276_1A expire 4 lines
05-19 18:17:44.323  1276  1354 I chatty  : uid=1000(system) android.display expire 10 lines
05-19 18:17:44.366  1276  1838 I chatty  : uid=1000(system) Binder:1276_5 expire 3 lines
05-19 18:17:44.366  1276  2905 I chatty  : uid=1000(system) Binder:1276_12 expire 1 line
05-19 18:17:44.367  1276  2923 I chatty  : uid=1000(system) Binder:1276_15 expire 3 lines
05-19 18:17:44.367  1276  1675 I chatty  : uid=1000(system) ConnectivitySer expire 3 lines
05-19 18:17:44.389  1276  7518 I chatty  : uid=1000(system) Binder:1276_1C expire 2 lines
05-19 18:17:44.743  1276  1609 I chatty  : uid=1000(system) Binder:1276_3 expire 2 lines
05-19 18:17:44.743  1276  1861 I chatty  : uid=1000(system) Binder:1276_8 expire 1 line
05-19 18:17:45.386  1276  1364 I chatty  : uid=1000(system) ActivityManager expire 5 lines
05-19 18:17:46.592 20838 20838 I ActivityThread: handleStopService: token=android.os.BinderProxy@c1a2946 not found.
05-19 18:17:46.675  1276  1343 I chatty  : uid=1000(system) Binder:1276_2 expire 1 line
05-19 18:17:47.175  1276 10052 I chatty  : uid=1000(system) Binder:1276_1E expire 1 line
05-19 18:18:43.483  1276  6356 I chatty  : uid=1000(system) Binder:1276_19 expire 1 line
05-19 18:18:43.986  1276  1839 I chatty  : uid=1000(system) Binder:1276_6 expire 1 line
05-19 18:18:43.987  1276  2920 I chatty  : uid=1000(system) Binder:1276_13 expire 1 line
05-19 18:18:44.094  1276  1591 I chatty  : uid=1000(system) InputReader expire 2 lines
05-19 18:18:44.560  1276  1387 I chatty  : uid=1000(system) PowerManagerSer expire 12 lines
05-19 18:18:44.599  1276  1355 I chatty  : uid=1000(system) android.anim expire 22 lines
05-19 18:18:44.759  1276  1351 I chatty  : uid=1000(system) android.fg expire 6 lines
05-19 18:19:33.559  1276  1355 I chatty  : uid=1000(system) android.anim expire 18 lines
05-19 18:20:47.596  1276  2920 I chatty  : uid=1000(system) Binder:1276_13 expire 3 lines
05-19 18:22:59.522  1276  1368 I chatty  : uid=1000(system) batterystats-wo expire 1 line
05-19 18:23:54.535  1276  1364 I chatty  : uid=1000(system) ActivityManager expire 3 lines
05-19 18:23:55.185  1276  1861 I chatty  : uid=1000(system) Binder:1276_8 expire 9 lines
05-19 18:23:55.434  1276  1675 I chatty  : uid=1000(system) ConnectivitySer expire 1 line
05-19 18:25:17.192  1276  1276 I chatty  : uid=1000 system_server expire 21 lines
05-19 18:25:17.194 24623 24640 I AlwaysOnHotwordDetector: onDetected
05-19 18:25:49.179 24623 28415 I AlwaysOnHotwordDetector: onDetected
05-19 18:25:50.581  1276  7236 I chatty  : uid=1000(system) Binder:1276_1A expire 4 lines
05-19 18:27:09.916  1276  1387 I chatty  : uid=1000(system) PowerManagerSer expire 17 lines
05-19 18:27:09.942  1276  1354 I chatty  : uid=1000(system) android.display expire 3 lines
05-19 18:27:10.196  1276  1363 I chatty  : uid=1000(system) ActivityManager expire 6 lines
05-19 18:27:10.216  1276  2387 I chatty  : uid=1000(system) Binder:1276_B expire 2 lines
05-19 18:27:10.927  1276  1840 I chatty  : uid=1000(system) Binder:1276_7 expire 7 lines
05-19 18:27:31.094  1276  2884 I chatty  : uid=1000(system) Binder:1276_10 expire 3 lines
05-19 18:27:37.180  1276  7397 I chatty  : uid=1000(system) Binder:1276_1B expire 8 lines
05-19 18:29:48.531  1276  1355 I chatty  : uid=1000(system) android.anim expire 27 lines
05-19 18:29:48.534  1276  1276 I chatty  : uid=1000 system_server expire 21 lines
05-19 18:29:48.606  1276  1387 I chatty  : uid=1000(system) PowerManagerSer expire 25 lines
05-19 18:29:48.616  1276  1354 I chatty  : uid=1000(system) android.display expire 7 lines
05-19 18:29:48.619  1276  2884 I chatty  : uid=1000(system) Binder:1276_10 expire 6 lines
05-19 18:29:56.365  1276  1861 I chatty  : uid=1000(system) Binder:1276_8 expire 3 lines
05-19 18:29:56.522  1276  1351 I chatty  : uid=1000(system) android.fg expire 5 lines
05-19 18:29:57.020  1276  1840 I chatty  : uid=1000(system) Binder:1276_7 expire 1 line
05-19 18:29:57.176  1276  1591 I chatty  : uid=1000(system) InputReader expire 2 lines
05-19 18:30:35.008  1276  7236 I chatty  : uid=1000(system) Binder:1276_1A expire 9 lines
05-19 18:30:35.046  1276  1355 I chatty  : uid=1000(system) android.anim expire 5 lines
05-19 18:30:35.053  1276  1276 I chatty  : uid=1000 system_server expire 32 lines
05-19 18:30:35.065  1276  2886 I chatty  : uid=1000(system) Binder:1276_11 expire 8 lines
05-19 18:30:35.066  1276  1351 I chatty  : uid=1000(system) android.fg expire 2 lines
05-19 18:30:35.247  1276  1354 I chatty  : uid=1000(system) android.display expire 3 lines
05-19 18:30:35.254  1276  1363 I chatty  : uid=1000(system) ActivityManager expire 10 lines
05-19 18:30:35.288  1276  1387 I chatty  : uid=1000(system) PowerManagerSer expire 2 lines
05-19 18:30:35.339  1276  2926 I chatty  : uid=1000(system) Binder:1276_17 expire 1 line
05-19 18:31:00.776  1276  7518 I chatty  : uid=1000(system) Binder:1276_1C expire 1 line
05-19 18:31:02.026  1276  2387 I chatty  : uid=1000(system) Binder:1276_B expire 1 line
05-19 18:31:03.988  1276  1840 I chatty  : uid=1000(system) Binder:1276_7 expire 3 lines
05-19 18:31:04.018  1276  1838 I chatty  : uid=1000(system) Binder:1276_5 expire 2 lines
05-19 18:31:53.517  1276  2927 I chatty  : uid=1000(system) Binder:1276_18 expire 3 lines
05-19 18:31:57.209  1276  2922 I chatty  : uid=1000(system) Binder:1276_14 expire 2 lines
05-19 18:31:57.296  1276  1364 I chatty  : uid=1000(system) ActivityManager expire 4 lines
05-19 18:31:57.457  1276  2880 I chatty  : uid=1000(system) Binder:1276_E expire 1 line
05-19 18:32:16.776  1276  1342 I chatty  : uid=1000(system) Binder:1276_1 expire 5 lines
05-19 18:32:49.192  1276  2920 I chatty  : uid=1000(system) Binder:1276_13 expire 9 lines
05-19 18:32:56.221  1276  2884 I chatty  : uid=1000(system) Binder:1276_10 expire 5 lines
05-19 18:32:56.753  1276 10298 I chatty  : uid=1000(system) Binder:1276_1F expire 1 line
05-19 18:32:56.755  1276  7397 I chatty  : uid=1000(system) Binder:1276_1B expire 2 lines
05-19 18:34:01.309 24623 28415 I AlwaysOnHotwordDetector: onDetected
05-19 18:34:07.112  1276  1276 I chatty  : uid=1000 system_server expire 16 lines
05-19 18:34:07.113 24623 28415 I AlwaysOnHotwordDetector: onDetected
05-19 18:35:08.091  1276 10916 I chatty  : uid=1000(system) Binder:1276_20 expire 13 lines
05-19 18:35:08.092  1276  2925 I chatty  : uid=1000(system) Binder:1276_16 expire 8 lines
05-19 18:36:11.870  1276  7397 I chatty  : uid=1000(system) Binder:1276_1B expire 10 lines
05-19 18:36:18.899  1276  1609 I chatty  : uid=1000(system) Binder:1276_3 expire 8 lines
05-19 18:37:14.564 24623 28415 I AlwaysOnHotwordDetector: onDetected
