05-20 12:37:14.218  1276  1840 I chatty  : uid=1000(system) Binder:1276_7 expire 3 lines
05-20 12:38:27.916  1276  1362 I chatty  : uid=1000(system) android.bg expire 1 line
05-20 12:39:01.689  1276  1591 I chatty  : uid=1000(system) InputReader expire 2 lines
05-20 12:39:02.139  1276  1387 I chatty  : uid=1000(system) PowerManagerSer expire 6 lines
05-20 12:39:02.166  1276  1354 I chatty  : uid=1000(system) android.display expire 1 line
05-20 12:39:02.173  1276  1355 I chatty  : uid=1000(system) android.anim expire 7 lines
05-20 12:39:02.335  1276  1351 I chatty  : uid=1000(system) android.fg expire 4 lines
05-20 12:39:02.373  1276  1355 I chatty  : uid=1000(system) android.anim expire 18 lines
05-20 12:39:02.376  1276  1276 I chatty  : uid=1000 system_server expire 25 lines
05-20 12:39:02.453  1276  1387 I chatty  : uid=1000(system) PowerManagerSer expire 12 lines
05-20 12:39:02.457  1276  1354 I chatty  : uid=1000(system) android.display expire 7 lines
05-20 12:40:09.094  1276  1368 I chatty  : uid=1000(system) batterystats-wo expire 10 lines
05-20 12:41:04.702  1276  1840 I chatty  : uid=1000(system) Binder:1276_7 expire 1 line
05-20 12:41:04.734  1276  7236 I chatty  : uid=1000(system) Binder:1276_1A expire 6 lines
05-20 12:41:04.789  1276  1343 I chatty  : uid=1000(system) Binder:1276_2 expire 10 lines
05-20 12:41:04.962  1276  1363 I chatty  : uid=1000(system) ActivityManager expire 6 lines
05-20 12:41:05.044  1276  7397 I chatty  : uid=1000(system) Binder:1276_1B expire 1 line
05-20 12:41:05.456  1276  2880 I chatty  : uid=1000(system) Binder:1276_E expire 5 lines
05-20 12:41:05.655  1276  2886 I chatty  : uid=1000(system) Binder:1276_11 expire 8 lines
05-20 12:41:29.612  1276  2387 I chatty  : uid=1000(system) Binder:1276_B expire 1 line
05-20 12:41:29.640  1276  6356 I chatty  : uid=1000(system) Binder:1276_19 expire 1 line
05-20 12:41:57.663  1276  1861 I chatty  : uid=1000(system) Binder:1276_8 expire 6 lines
05-20 12:41:57.724  1276  2881 I chatty  : uid=1000(system) Binder:1276_F expire 2 lines
05-20 12:41:58.000  1276  7540 I chatty  : uid=1000(system) Binder:1276_1D expire 4 lines
05-20 12:42:02.892  1276  2926 I chatty  : uid=1000(system) Binder:1276_17 expire 4 lines
05-20 12:42:08.920  1276  1675 I chatty  : uid=1000(system) ConnectivitySer expire 1 line
05-20 12:42:35.810  1276 10052 I chatty  : uid=1000(system) Binder:1276_1E expire 3 lines
05-20 12:42:44.334  1276 10916 I chatty  : uid=1000(system) Binder:1276_20 expire 12 lines
05-20 12:42:44.891  1276  1276 I chatty  : uid=1000 system_server expire 19 lines
05-20 12:42:44.901  1276  1675 I chatty  : uid=1000(system) ConnectivitySer expire 5 lines
05-20 12:42:45.175  1276  7540 I chatty  : uid=1000(system) Binder:1276_1D expire 4 lines
05-20 12:42:46.932  1276  1609 I chatty  : uid=1000(system) Binder:1276_3 expire 1 line
05-20 12:42:46.949  1276 10052 I chatty  : uid=1000(system) Binder:1276_1E expire 1 line
05-20 12:42:47.180  1276  1355 I chatty  : uid=1000(system) android.anim expire 26 lines
05-20 12:42:48.024  1276  2065 I chatty  : uid=1000(system) Binder:1276_A expire 3 lines
05-20 12:42:48.062  1276  1364 I chatty  : uid=1000(system) ActivityManager expire 7 lines
05-20 12:42:59.621  1276  2926 I chatty  : uid=1000(system) Binder:1276_17 expire 7 lines
05-20 12:42:59.660  1276  2925 I chatty  : uid=1000(system) Binder:1276_16 expire 1 line
05-20 12:42:59.672  1276  1861 I chatty  : uid=1000(system) Binder:1276_8 expire 3 lines
05-20 12:43:02.207  1276  2884 I chatty  : uid=1000(system) Binder:1276_10 expire 1 line
05-20 12:43:15.210  1276  1363 I chatty  : uid=1000(system) ActivityManager expire 6 lines
05-20 12:43:22.395  1276  1354 I chatty  : uid=1000(system) android.display expire 8 lines
05-20 12:43:25.974  1276  6356 I chatty  : uid=1000(system) Binder:1276_19 expire 1 line
05-20 12:43:25.998  1276  2881 I chatty  : uid=1000(system) Binder:1276_F expire 5 lines
05-20 12:43:26.033  1276  2041 I chatty  : uid=1000(system) Binder:1276_9 expire 3 lines
05-20 12:43:26.034  1276  2880 I chatty  : uid=1000(system) Binder:1276_E expire 6 lines
05-20 12:43:26.649  1276  1591 I chatty  : uid=1000(system) InputReader expire 2 lines
05-20 12:43:27.100  1276  1387 I chatty  : uid=1000(system) PowerManagerSer expire 12 lines
05-20 12:43:27.117  1276  1368 I chatty  : uid=1000(system) batterystats-wo expire 4 lines
05-20 12:43:27.315  1276  1351 I chatty  : uid=1000(system) android.fg expire 1 line
05-20 12:48:41.918  1276  2875 I chatty  : uid=1000(system) Binder:1276_C expire 11 lines
05-20 12:56:45.983  1276  1368 I chatty  : uid=1000(system) batterystats-wo expire 2 lines
05-20 13:06:07.693  1276  1861 I chatty  : uid=1000(system) Binder:1276_8 expire 3 lines
05-20 13:06:07.694  1276  1276 I chatty  : uid=1000 system_server expire 22 lines
05-20 13:06:07.703  1276  1387 I chatty  : uid=1000(system) PowerManagerSer expire 5 lines
05-20 13:06:07.728  1276  1354 I chatty  : uid=1000(system) android.display expire 13 lines
05-20 13:06:07.735  1276  1355 I chatty  : uid=1000(system) android.anim expire 6 lines
05-20 13:06:07.892  1276  1351 I chatty  : uid=1000(system) android.fg expire 3 lines
05-20 13:06:07.928  1276  2881 I chatty  : uid=1000(system) Binder:1276_F expire 3 lines
05-20 13:06:08.070  1276  1363 I chatty  : uid=1000(system) ActivityManager expire 12 lines
05-20 13:06:08.298  1276  2041 I chatty  : uid=1000(system) Binder:1276_9 expire 3 lines
05-20 13:06:09.601  1276 10916 I chatty  : uid=1000(system) Binder:1276_20 expire 7 lines
05-20 13:06:11.961  1276  1364 I chatty  : uid=1000(system) ActivityManager expire 8 lines
05-20 13:06:12.132  1276  1675 I chatty  : uid=1000(system) ConnectivitySer expire 8 lines
05-20 13:06:34.405  1276  2927 I chatty  : uid=1000(system) Binder:1276_18 expire 1 line
05-20 13:06:54.981  1276  2905 I chatty  : uid=1000(system) Binder:1276_12 expire 2 lines
05-20 13:06:54.981  1276  1838 I chatty  : uid=1000(system) Binder:1276_5 expire 3 lines
05-20 13:07:05.776  1276  2880 I chatty  : uid=1000(system) Binder:1276_E expire 2 lines
05-20 13:07:42.555  1276  2925 I chatty  : uid=1000(system) Binder:1276_16 expire 5 lines
05-20 13:07:42.813  1276  1343 I chatty  : uid=1000(system) Binder:1276_2 expire 1 line
05-20 13:07:42.856  1276 10052 I chatty  : uid=1000(system) Binder:1276_1E expire 8 lines
05-20 13:07:44.084  1276  2387 I chatty  : uid=1000(system) Binder:1276_B expire 2 lines
05-20 13:07:45.248  1276  7518 I chatty  : uid=1000(system) Binder:1276_1C expire 2 lines
05-20 13:07:45.248  1276  1609 I chatty  : uid=1000(system) Binder:1276_3 expire 1 line
05-20 13:07:45.249  1276  2878 I chatty  : uid=1000(system) Binder:1276_D expire 1 line
05-20 13:07:45.250  1276 10298 I chatty  : uid=1000(system) Binder:1276_1F expire 1 line
05-20 13:07:45.250  1276  7397 I chatty  : uid=1000(system) Binder:1276_1B expire 1 line
05-20 13:07:45.598  1276  7540 I chatty  : uid=1000(system) Binder:1276_1D expire 2 lines
05-20 13:07:45.642  1276  1839 I chatty  : uid=1000(system) Binder:1276_6 expire 2 lines
05-20 13:07:45.646  1276  2926 I chatty  : uid=1000(system) Binder:1276_17 expire 1 line
05-20 13:07:45.774  1276  7236 I chatty  : uid=1000(system) Binder:1276_1A expire 2 lines
05-20 13:07:45.775  1276  1840 I chatty  : uid=1000(system) Binder:1276_7 expire 1 line
05-20 13:07:45.777  1276  1742 I chatty  : uid=1000(system) Binder:1276_4 expire 3 lines
05-20 13:07:49.596  1276  7540 I chatty  : uid=1000(system) Binder:1276_1D expire 6 lines
05-20 13:08:04.401  1276 10052 I chatty  : uid=1000(system) Binder:1276_1E expire 4 lines
05-20 13:08:14.794  1276  2065 I chatty  : uid=1000(system) Binder:1276_A expire 2 lines
05-20 13:08:36.112  1276  1276 I chatty  : uid=1000 system_server expire 38 lines
05-20 13:08:36.338  1276  1354 I chatty  : uid=1000(system) android.display expire 2 lines
05-20 13:08:38.890  1276  2927 I chatty  : uid=1000(system) Binder:1276_18 expire 4 lines
05-20 13:08:49.157  1276  1364 I chatty  : uid=1000(system) ActivityManager expire 12 lines
05-20 13:08:49.331  1276  2878 I chatty  : uid=1000(system) Binder:1276_D expire 8 lines
05-20 13:08:49.350  1276  1368 I chatty  : uid=1000(system) batterystats-wo expire 10 lines
05-20 13:09:07.646  1276  7397 I chatty  : uid=1000(system) Binder:1276_1B expire 4 lines
05-20 13:10:34.665  1276  1861 I chatty  : uid=1000(system) Binder:1276_8 expire 4 lines
05-20 13:10:35.559  1276  1677 I chatty  : uid=1000(system) NsdService expire 2 lines
05-20 13:10:36.969  1276 10916 I chatty  : uid=1000(system) Binder:1276_20 expire 8 lines
05-20 13:10:37.041  1276  2905 I chatty  : uid=1000(system) Binder:1276_12 expire 4 lines
05-20 13:11:22.948  1276  1363 I chatty  : uid=1000(system) ActivityManager expire 1 line
05-20 13:11:26.551  1276  1675 I chatty  : uid=1000(system) ConnectivitySer expire 8 lines
05-20 13:11:56.890  1276  1362 I chatty  : uid=1000(system) android.bg expire 2 lines
05-20 13:17:54.568  1276  7518 I chatty  : uid=1000(system) Binder:1276_1C expire 5 lines
05-20 13:18:59.715  1276  2387 I chatty  : uid=1000(system) Binder:1276_B expire 2 lines
05-20 13:18:59.715  1276  1839 I chatty  : uid=1000(system) Binder:1276_6 expire 7 lines
05-20 13:19:06.751  1276  1342 I chatty  : uid=1000(system) Binder:1276_1 expire 4 lines
05-20 13:20:52.981  1276  1840 I chatty  : uid=1000(system) Binder:1276_7 expire 1 line
05-20 13:21:13.130  1276  6356 I chatty  : uid=1000(system) Binder:1276_19 expire 3 lines
05-20 13:21:52.292  1276  2041 I chatty  : uid=1000(system) Binder:1276_9 expire 6 lines
05-20 13:23:13.575  1276  1675 I chatty  : uid=1000(system) ConnectivitySer expire 20 lines
05-20 13:23:23.093  1276  1276 I chatty  : uid=1000 system_server expire 30 lines
05-20 13:23:23.937  1276  2878 I chatty  : uid=1000(system) Binder:1276_D expire 7 lines
05-20 13:23:23.962  1276  1364 I chatty  : uid=1000(system) ActivityManager expire 4 lines
05-20 13:23:24.324  1276  1363 I chatty  : uid=1000(system) ActivityManager expire 1 line
05-20 13:25:17.812  1276 10916 I chatty  : uid=1000(system) Binder:1276_20 expire 3 lines
05-20 13:27:03.777  1276  1342 I chatty  : uid=1000(system) Binder:1276_1 expire 8 lines
05-20 13:28:41.288  1276  2925 I chatty  : uid=1000(system) Binder:1276_16 expire 2 lines
05-20 13:29:01.382  1276  2387 I chatty  : uid=1000(system) Binder:1276_B expire 2 lines
05-20 13:29:03.010  1276  7540 I chatty  : uid=1000(system) Binder:1276_1D expire 1 line
05-20 13:29:07.012  1276  7518 I chatty  : uid=1000(system) Binder:1276_1C expire 2 lines
05-20 13:30:00.142  1276  1354 I chatty  : uid=1000(system) android.display expire 13 lines
05-20 13:30:00.197  1276  1368 I chatty  : uid=1000(system) batterystats-wo expire 8 lines
05-20 13:30:00.211  1276  2905 I chatty  : uid=1000(system) Binder:1276_12 expire 1 line
05-20 13:30:00.417  1276  1840 I chatty  : uid=1000(system) Binder:1276_7 expire 1 line
05-20 13:30:00.417  1276  2065 I chatty  : uid=1000(system) Binder:1276_A expire 1 line
05-20 13:30:00.419  1276  2920 I chatty  : uid=1000(system) Binder:1276_13 expire 1 line
05-20 13:30:02.286  1276  2922 I chatty  : uid=1000(system) Binder:1276_14 expire 1 line
05-20 13:30:02.286  1276  2886 I chatty  : uid=1000(system) Binder:1276_11 expire 5 lines
05-20 13:30:02.744  1276  2880 I chatty  : uid=1000(system) Binder:1276_E expire 5 lines
05-20 13:30:02.772  1276  2884 I chatty  : uid=1000(system) Binder:1276_10 expire 3 lines
05-20 13:30:02.825  1276 10298 I chatty  : uid=1000(system) Binder:1276_1F expire 1 line
05-20 13:30:03.578  1276  1591 I chatty  : uid=1000(system) InputReader expire 2 lines
05-20 13:30:04.057  1276  1387 I chatty  : uid=1000(system) PowerManagerSer expire 6 lines
05-20 13:30:04.096  1276  1355 I chatty  : uid=1000(system) android.anim expire 12 lines
05-20 13:30:04.255  1276  1351 I chatty  : uid=1000(system) android.fg expire 5 lines
05-20 13:30:04.565  1276  1276 I chatty  : uid=1000 system_server expire 16 lines
05-20 13:30:05.209  1276  1387 I chatty  : uid=1000(system) PowerManagerSer expire 25 lines
05-20 13:30:05.217  1276  1354 I chatty  : uid=1000(system) android.display expire 8 lines
05-20 13:30:05.230  1276  1355 I chatty  : uid=1000(system) android.anim expire 36 lines
05-20 13:32:27.407  1276 10298 I chatty  : uid=1000(system) Binder:1276_1F expire 3 lines
05-20 13:32:27.422  1276  2886 I chatty  : uid=1000(system) Binder:1276_11 expire 5 lines
05-20 13:32:27.437  1276  1363 I chatty  : uid=1000(system) ActivityManager expire 6 lines
05-20 13:33:12.443  1276  1364 I chatty  : uid=1000(system) ActivityManager expire 3 lines
05-20 13:33:12.869  1276  2875 I chatty  : uid=1000(system) Binder:1276_C expire 1 line
05-20 13:33:23.760  1276  2920 I chatty  : uid=1000(system) Binder:1276_13 expire 5 lines
05-20 13:33:24.651  1276  1591 I chatty  : uid=1000(system) InputReader expire 3 lines
05-20 13:33:24.685  1276  2387 I chatty  : uid=1000(system) Binder:1276_B expire 1 line
05-20 13:33:25.465  1276  2884 I chatty  : uid=1000(system) Binder:1276_10 expire 6 lines
05-20 13:33:36.810   924   924 W wificond: Scan aborted
05-20 13:33:36.819  1276  1387 I chatty  : uid=1000(system) PowerManagerSer expire 3 lines
05-20 13:33:36.838  1276  1355 I chatty  : uid=1000(system) android.anim expire 6 lines
05-20 13:33:47.284  1276 10916 I chatty  : uid=1000(system) Binder:1276_20 expire 1 line
05-20 13:34:53.299  1276  1276 I chatty  : uid=1000 system_server expire 32 lines
05-20 13:34:53.320  1276 10916 I chatty  : uid=1000(system) Binder:1276_20 expire 8 lines
05-20 13:34:53.331  1276  1387 I chatty  : uid=1000(system) PowerManagerSer expire 21 lines
05-20 13:34:53.356  1276  1354 I chatty  : uid=1000(system) android.display expire 8 lines
05-20 13:34:53.361  1276  1355 I chatty  : uid=1000(system) android.anim expire 30 lines
05-20 13:34:53.663  1276  1351 I chatty  : uid=1000(system) android.fg expire 4 lines
05-20 13:34:53.673  1276  1363 I chatty  : uid=1000(system) ActivityManager expire 6 lines
05-20 13:34:53.674  1276  7518 I chatty  : uid=1000(system) Binder:1276_1C expire 2 lines
05-20 13:34:53.711  1276  2886 I chatty  : uid=1000(system) Binder:1276_11 expire 3 lines
05-20 13:34:54.131  1276  2884 I chatty  : uid=1000(system) Binder:1276_10 expire 8 lines
05-20 13:34:54.355  1276  1343 I chatty  : uid=1000(system) Binder:1276_2 expire 2 lines
05-20 13:34:54.436  1276  7540 I chatty  : uid=1000(system) Binder:1276_1D expire 1 line
05-20 13:34:55.994  1276  1364 I chatty  : uid=1000(system) ActivityManager expire 4 lines
05-20 13:35:22.716  1276  1742 I chatty  : uid=1000(system) Binder:1276_4 expire 1 line
05-20 13:35:39.545  1276  1591 I chatty  : uid=1000(system) InputReader expire 2 lines
05-20 13:35:40.049  1276  1368 I chatty  : uid=1000(system) batterystats-wo expire 5 lines
05-20 13:36:20.059  1276  2878 I chatty  : uid=1000(system) Binder:1276_D expire 1 line
05-20 13:36:20.092  1276  2926 I chatty  : uid=1000(system) Binder:1276_17 expire 6 lines
05-20 13:36:20.139  1276  2922 I chatty  : uid=1000(system) Binder:1276_14 expire 7 lines
05-20 13:36:20.313  1276  1354 I chatty  : uid=1000(system) android.display expire 9 lines
05-20 13:36:20.318  1276  1363 I chatty  : uid=1000(system) ActivityManager expire 12 lines
05-20 13:36:20.342  1276  1387 I chatty  : uid=1000(system) PowerManagerSer expire 19 lines
05-20 13:36:20.344  1276  1351 I chatty  : uid=1000(system) android.fg expire 7 lines
05-20 13:36:20.346  1276  2926 I chatty  : uid=1000(system) Binder:1276_17 expire 2 lines
05-20 13:36:20.351  1276  1276 I chatty  : uid=1000 system_server expire 28 lines
05-20 13:36:20.455  1276  1742 I chatty  : uid=1000(system) Binder:1276_4 expire 3 lines
05-20 13:36:21.079  1276  2875 I chatty  : uid=1000(system) Binder:1276_C expire 10 lines
05-20 13:36:38.358  1276 10916 I chatty  : uid=1000(system) Binder:1276_20 expire 2 lines
05-20 13:36:53.609  1276  2920 I chatty  : uid=1000(system) Binder:1276_13 expire 4 lines
05-20 13:36:53.896  1276  1364 I chatty  : uid=1000(system) ActivityManager expire 5 lines
05-20 13:37:20.194  1276  7540 I chatty  : uid=1000(system) Binder:1276_1D expire 7 lines
05-20 13:37:27.892  1276  7518 I chatty  : uid=1000(system) Binder:1276_1C expire 7 lines
05-20 13:38:13.430  1276  1677 I chatty  : uid=1000(system) NsdService expire 2 lines
05-20 13:38:25.873  1276  1675 I chatty  : uid=1000(system) ConnectivitySer expire 1 line
05-20 13:38:26.515  1276  2387 I chatty  : uid=1000(system) Binder:1276_B expire 1 line
05-20 13:38:38.850  1276  1591 I chatty  : uid=1000(system) InputReader expire 2 lines
05-20 13:38:39.361  1276  1355 I chatty  : uid=1000(system) android.anim expire 24 lines
05-20 13:39:10.149  1276  1609 I chatty  : uid=1000(system) Binder:1276_3 expire 1 line
05-20 13:39:10.294  1276  2065 I chatty  : uid=1000(system) Binder:1276_A expire 4 lines
05-20 13:39:10.720  1276  7540 I chatty  : uid=1000(system) Binder:1276_1D expire 3 lines
05-20 13:39:10.789  1276  1276 I chatty  : uid=1000 system_server expire 13 lines
05-20 13:39:10.800  1276  1354 I chatty  : uid=1000(system) android.display expire 8 lines
05-20 13:39:10.813  1276  1363 I chatty  : uid=1000(system) ActivityManager expire 6 lines
05-20 13:39:10.923  1276  2041 I chatty  : uid=1000(system) Binder:1276_9 expire 15 lines
05-20 13:39:10.923  1276  6356 I chatty  : uid=1000(system) Binder:1276_19 expire 10 lines
05-20 13:39:12.057  1276  1364 I chatty  : uid=1000(system) ActivityManager expire 8 lines
05-20 13:39:18.884  1276  1861 I chatty  : uid=1000(system) Binder:1276_8 expire 8 lines
05-20 13:39:34.679  1276  2387 I chatty  : uid=1000(system) Binder:1276_B expire 3 lines
05-20 13:39:34.927  1276  1675 I chatty  : uid=1000(system) ConnectivitySer expire 8 lines
05-20 13:39:49.436  1276  1343 I chatty  : uid=1000(system) Binder:1276_2 expire 3 lines
05-20 13:40:26.919 24623 24640 I AlwaysOnHotwordDetector: onDetected
05-20 13:40:28.363  1276  6356 I chatty  : uid=1000(system) Binder:1276_19 expire 2 lines
05-20 13:41:20.604  1276 10916 I chatty  : uid=1000(system) Binder:1276_20 expire 1 line
05-20 13:41:27.975  1276  1276 I chatty  : uid=1000 system_server expire 27 lines
05-20 13:41:32.851  1276  2886 I chatty  : uid=1000(system) Binder:1276_11 expire 6 lines
05-20 13:41:33.151  1276  1609 I chatty  : uid=1000(system) Binder:1276_3 expire 6 lines
05-20 13:41:41.328  1276  2920 I chatty  : uid=1000(system) Binder:1276_13 expire 3 lines
05-20 13:41:41.569  1276  2881 I chatty  : uid=1000(system) Binder:1276_F expire 6 lines
05-20 13:41:58.921  1276  1368 I chatty  : uid=1000(system) batterystats-wo expire 1 line
05-20 13:42:09.445  1276 10298 I chatty  : uid=1000(system) Binder:1276_1F expire 1 line
05-20 13:42:09.448  1276  2905 I chatty  : uid=1000(system) Binder:1276_12 expire 1 line
05-20 13:42:10.426  1276 10052 I chatty  : uid=1000(system) Binder:1276_1E expire 1 line
05-20 13:42:15.463  1276  7397 I chatty  : uid=1000(system) Binder:1276_1B expire 1 line
05-20 13:42:36.036  1276  2925 I chatty  : uid=1000(system) Binder:1276_16 expire 3 lines
05-20 13:42:41.384  1276  2927 I chatty  : uid=1000(system) Binder:1276_18 expire 1 line
05-20 13:43:45.666  1276  1838 I chatty  : uid=1000(system) Binder:1276_5 expire 20 lines
05-20 13:44:11.457  1276  1276 I chatty  : uid=1000 system_server expire 16 lines
05-20 13:44:11.466  1276  2880 I chatty  : uid=1000(system) Binder:1276_E expire 10 lines
05-20 13:44:18.512  1276  7397 I chatty  : uid=1000(system) Binder:1276_1B expire 1 line
05-20 13:45:17.793  1276  2925 I chatty  : uid=1000(system) Binder:1276_16 expire 3 lines
05-20 13:45:36.899  1276 10298 I chatty  : uid=1000(system) Binder:1276_1F expire 7 lines
05-20 13:46:30.193 24623 24641 I AlwaysOnHotwordDetector: onDetected
05-20 13:46:39.859  1276  1276 I chatty  : uid=1000 system_server expire 12 lines
05-20 13:46:39.859 24623 28415 I AlwaysOnHotwordDetector: onDetected
05-20 13:46:41.250  1276 10052 I chatty  : uid=1000(system) Binder:1276_1E expire 5 lines
05-20 13:46:50.051  1276  1609 I chatty  : uid=1000(system) Binder:1276_3 expire 1 line
05-20 13:46:55.742  1276  7236 I chatty  : uid=1000(system) Binder:1276_1A expire 2 lines
05-20 13:47:31.684  1276  1368 I chatty  : uid=1000(system) batterystats-wo expire 9 lines
05-20 13:47:59.373  1276  1362 I chatty  : uid=1000(system) android.bg expire 1 line
05-20 13:48:03.080  1276  2041 I chatty  : uid=1000(system) Binder:1276_9 expire 1 line
05-20 13:48:42.098  1276  1364 I chatty  : uid=1000(system) ActivityManager expire 3 lines
05-20 13:48:51.587  1276  1354 I chatty  : uid=1000(system) android.display expire 8 lines
05-20 13:48:51.647  1276  1675 I chatty  : uid=1000(system) ConnectivitySer expire 3 lines
05-20 13:48:51.649  1276  7518 I chatty  : uid=1000(system) Binder:1276_1C expire 1 line
05-20 13:48:51.764  1276  2927 I chatty  : uid=1000(system) Binder:1276_18 expire 1 line
05-20 13:48:51.765  1276  6356 I chatty  : uid=1000(system) Binder:1276_19 expire 1 line
05-20 13:48:51.765  1276  2878 I chatty  : uid=1000(system) Binder:1276_D expire 2 lines
05-20 13:48:51.765  1276  2875 I chatty  : uid=1000(system) Binder:1276_C expire 1 line
05-20 13:48:51.769  1276  1861 I chatty  : uid=1000(system) Binder:1276_8 expire 1 line
05-20 13:49:00.567  1276  1591 I chatty  : uid=1000(system) InputReader expire 2 lines
05-20 13:49:01.046  1276  1387 I chatty  : uid=1000(system) PowerManagerSer expire 10 lines
05-20 13:49:01.098  1276  1355 I chatty  : uid=1000(system) android.anim expire 18 lines
05-20 13:49:01.257  1276  1351 I chatty  : uid=1000(system) android.fg expire 1 line
05-20 13:49:03.661  1276  2884 I chatty  : uid=1000(system) Binder:1276_10 expire 2 lines
05-20 13:49:03.847  8462  8462 I ActivityThread: handleStopService: token=android.os.BinderProxy@2881ca3 not found.
05-20 13:49:18.728  1276  1276 I chatty  : uid=1000 system_server expire 16 lines
05-20 13:49:18.761  1276  1387 I chatty  : uid=1000(system) PowerManagerSer expire 25 lines
05-20 13:49:18.792  1276  1354 I chatty  : uid=1000(system) android.display expire 4 lines
05-20 13:49:18.798  1276  1355 I chatty  : uid=1000(system) android.anim expire 18 lines
05-20 13:49:18.862  1276  2884 I chatty  : uid=1000(system) Binder:1276_10 expire 2 lines
05-20 13:49:18.900  1276  2886 I chatty  : uid=1000(system) Binder:1276_11 expire 5 lines
05-20 13:49:18.943  1276  1351 I chatty  : uid=1000(system) android.fg expire 10 lines
05-20 13:49:19.131  1276 10916 I chatty  : uid=1000(system) Binder:1276_20 expire 15 lines
05-20 13:49:30.935  1276  2065 I chatty  : uid=1000(system) Binder:1276_A expire 4 lines
05-20 13:49:35.597  1276  1353 I chatty  : uid=1000(system) android.io expire 1 line
05-20 13:49:35.599  1276  1363 I chatty  : uid=1000(system) ActivityManager expire 18 lines
05-20 13:49:35.607  1276  1368 I chatty  : uid=1000(system) batterystats-wo expire 1 line
05-20 13:49:35.782  1276  1592 I chatty  : uid=1000(system) HwBinder:1276_2 expire 2 lines
05-20 13:49:36.169  1276  1364 I chatty  : uid=1000(system) ActivityManager expire 9 lines
05-20 13:49:37.159  1276  2369 I chatty  : uid=1000(system) AdbDebuggingMan expire 1 line
05-20 13:49:37.409  1276 10052 I chatty  : uid=1000(system) Binder:1276_1E expire 2 lines
05-20 13:49:37.958  1276 10298 I chatty  : uid=1000(system) Binder:1276_1F expire 4 lines
05-20 13:49:45.616  1276  1742 I chatty  : uid=1000(system) Binder:1276_4 expire 1 line
05-20 13:49:45.899  1276  1675 I chatty  : uid=1000(system) ConnectivitySer expire 1 line
05-20 13:50:31.758  1276  2925 I chatty  : uid=1000(system) Binder:1276_16 expire 1 line
05-20 13:50:31.796  1276  1276 I chatty  : uid=1000 system_server expire 13 lines
05-20 13:50:31.929  1276  1742 I chatty  : uid=1000(system) Binder:1276_4 expire 1 line
05-20 13:50:32.352  1276 10052 I chatty  : uid=1000(system) Binder:1276_1E expire 2 lines
05-20 13:50:32.353  1276  2886 I chatty  : uid=1000(system) Binder:1276_11 expire 13 lines
05-20 13:50:36.974  1276  1354 I chatty  : uid=1000(system) android.display expire 1 line
05-20 13:50:36.992  1276  1363 I chatty  : uid=1000(system) ActivityManager expire 46 lines
05-20 13:50:38.766  1276  1396 I chatty  : uid=1000(system) PackageManager expire 61 lines
05-20 13:50:38.908  1276  1362 I chatty  : uid=1000(system) android.bg expire 1 line
05-20 13:50:38.937  1276  1364 I chatty  : uid=1000(system) ActivityManager expire 1 line
05-20 13:50:39.141  1276  7540 I chatty  : uid=1000(system) Binder:1276_1D expire 1 line
05-20 13:50:39.141  1276  1351 I chatty  : uid=1000(system) android.fg expire 6 lines
05-20 13:50:39.224  1276  1276 I chatty  : uid=1000 system_server expire 31 lines
05-20 13:50:39.317  1276  1354 I chatty  : uid=1000(system) android.display expire 8 lines
05-20 13:50:39.336  1276  1362 I chatty  : uid=1000(system) android.bg expire 2 lines
05-20 13:50:39.389  1276  1364 I chatty  : uid=1000(system) ActivityManager expire 5 lines
05-20 13:50:39.625  1276  2880 I chatty  : uid=1000(system) Binder:1276_E expire 10 lines
05-20 13:50:43.238  1276  1591 I chatty  : uid=1000(system) InputReader expire 3 lines
05-20 13:50:43.725  1276  1387 I chatty  : uid=1000(system) PowerManagerSer expire 19 lines
05-20 13:50:43.785  1276  1355 I chatty  : uid=1000(system) android.anim expire 18 lines
05-20 13:50:44.785  1276  1839 I chatty  : uid=1000(system) Binder:1276_6 expire 10 lines
05-20 13:50:44.967  1276  2923 I chatty  : uid=1000(system) Binder:1276_15 expire 11 lines
05-20 13:50:45.403  1276  7518 I chatty  : uid=1000(system) Binder:1276_1C expire 1 line
05-20 13:50:46.200  1276  1363 I chatty  : uid=1000(system) ActivityManager expire 6 lines
05-20 13:52:44.840  1276  1840 I chatty  : uid=1000(system) Binder:1276_7 expire 2 lines
05-20 13:52:44.840  1276  2886 I chatty  : uid=1000(system) Binder:1276_11 expire 2 lines
05-20 13:52:44.987  1276  7397 I chatty  : uid=1000(system) Binder:1276_1B expire 1 line
05-20 13:53:00.191  1276  1609 I chatty  : uid=1000(system) Binder:1276_3 expire 4 lines
05-20 13:53:00.271  1276  1675 I chatty  : uid=1000(system) ConnectivitySer expire 2 lines
05-20 13:53:38.334  1276  2065 I ActivityTaskManager: START u0 {dat=aweme://user/profile/ flg=0x10000000 pkg=com.zhiliaoapp.musically cmp=com.zhiliaoapp.musically/com.ss.android.ugc.aweme.profile.ui.UserProfileActivity (has extras)} from uid 10178
05-20 13:53:46.181  1276  1276 V SettingsProvider: Notifying for 0: content://settings/secure/reminder_exp_learning_time_elapsed
05-20 13:53:46.472  1276  1354 I ActivityManager: Killing 8490:com.zhiliaoapp.musically/u0a178 (adj 700): remove task
05-20 13:53:46.474  1276  1354 I ActivityManager: Killing 9917:com.google.android.webview:sandboxed_process0:org.chromium.content.app.SandboxedProcessService0:0/u0a178i258 (adj 700): remove task
05-20 13:53:46.478  1276  1840 I ActivityManager: Killing 8462:com.zhiliaoapp.musically:push/u0a178 (adj 500): remove task
05-20 13:53:46.501  1276  1838 W ActivityManager: Scheduling restart of crashed service com.zhiliaoapp.musically/org.chromium.content.app.SandboxedProcessService0:0 in 1000ms
05-20 13:53:46.542  1276  1838 D ConnectivityService: ConnectivityService NetworkRequestInfo binderDied(NetworkRequest [ TRACK_DEFAULT id=4835, [ Capabilities: INTERNET&NOT_RESTRICTED&TRUSTED Uid: 10178] ], android.os.BinderProxy@76aefac)
05-20 13:53:46.543  1276  1675 D ConnectivityService: releasing NetworkRequest [ TRACK_DEFAULT id=4835, [ Capabilities: INTERNET&NOT_RESTRICTED&TRUSTED Uid: 10178] ] (release request)
05-20 13:53:46.543  1276  1838 W ActivityManager: Scheduling restart of crashed service com.zhiliaoapp.musically/com.ss.android.message.NotifyService in 10958ms
05-20 13:53:46.543  1276  7518 D ConnectivityService: ConnectivityService NetworkRequestInfo binderDied(NetworkRequest [ LISTEN id=4836, [ Capabilities: INTERNET&NOT_RESTRICTED&TRUSTED&FOREGROUND Uid: 10178] ], android.os.BinderProxy@896a475)
05-20 13:53:46.636  1276  2923 D ConnectivityService: ConnectivityService NetworkRequestInfo binderDied(NetworkRequest [ LISTEN id=4848, [ Capabilities: INTERNET&NOT_RESTRICTED&TRUSTED&FOREGROUND Uid: 10178] ], android.os.BinderProxy@5bddc0a)
05-20 13:53:46.636  1276  7540 D ConnectivityService: ConnectivityService NetworkRequestInfo binderDied(NetworkRequest [ TRACK_DEFAULT id=4847, [ Capabilities: INTERNET&NOT_RESTRICTED&TRUSTED Uid: 10178] ], android.os.BinderProxy@49dec7b)
05-20 13:53:46.637  1276  2922 D ConnectivityService: ConnectivityService NetworkRequestInfo binderDied(NetworkRequest [ TRACK_DEFAULT id=4833, [ Capabilities: INTERNET&NOT_RESTRICTED&TRUSTED Uid: 10178] ], android.os.BinderProxy@76d5a98)
05-20 13:53:46.637  1276 10298 I WindowManager: WIN DEATH: Window{20ff653 u0 com.zhiliaoapp.musically/com.ss.android.ugc.aweme.splash.SplashActivity}
05-20 13:53:46.638  1276  2878 D ConnectivityService: ConnectivityService NetworkRequestInfo binderDied(NetworkRequest [ LISTEN id=4834, [ Capabilities: INTERNET&NOT_RESTRICTED&TRUSTED&FOREGROUND Uid: 10178] ], android.os.BinderProxy@4ba12f1)
05-20 13:53:46.638  1276  1675 D ConnectivityService: releasing NetworkRequest [ TRACK_DEFAULT id=4847, [ Capabilities: INTERNET&NOT_RESTRICTED&TRUSTED Uid: 10178] ] (release request)
05-20 13:53:46.638  1276  1675 D ConnectivityService: releasing NetworkRequest [ TRACK_DEFAULT id=4833, [ Capabilities: INTERNET&NOT_RESTRICTED&TRUSTED Uid: 10178] ] (release request)
05-20 13:53:46.654  1276  1354 W ActivityManager: setHasOverlayUi called on unknown pid: 8490
05-20 13:53:47.493  1276  1342 I ActivityTaskManager: START u0 {act=android.intent.action.MAIN cat=[android.intent.category.LAUNCHER] flg=0x10200000 cmp=org.telegram.messenger/org.telegram.ui.LaunchActivity bnds=[841,264][1043,583]} from uid 10167
05-20 13:53:47.503  1276  1276 V SettingsProvider: Notifying for 0: content://settings/secure/reminder_exp_learning_time_elapsed
05-20 13:53:47.525  1276  1364 I ActivityManager: Start proc 10181:org.telegram.messenger/u0a149 for activity {org.telegram.messenger/org.telegram.ui.LaunchActivity}
05-20 13:53:49.314  1276  1276 V SettingsProvider: Notifying for 0: content://settings/secure/reminder_exp_learning_time_elapsed
05-20 13:53:49.463  1276  1354 I ActivityManager: Killing 10181:org.telegram.messenger/u0a149 (adj 905): remove task
05-20 13:53:49.504  1276  7236 D ConnectivityService: ConnectivityService NetworkRequestInfo binderDied(NetworkRequest [ LISTEN id=4851, [ Capabilities: INTERNET&NOT_RESTRICTED&TRUSTED&NOT_VPN&FOREGROUND Uid: 10149] ], android.os.BinderProxy@4bb69c4)
05-20 13:53:49.505  1276  2041 I WindowManager: WIN DEATH: Window{5014e88 u0 org.telegram.messenger/org.telegram.ui.LaunchActivity}
05-20 13:53:49.519  1276  1354 W ActivityManager: setHasOverlayUi called on unknown pid: 10181
05-20 13:53:50.843  1276  1591 D WindowManager: powerPress: eventTime=330101262 interactive=true count=1 beganFromNonInteractive=false mShortPressOnPowerBehavior=1
05-20 13:53:50.843  1276  1591 I PowerManagerService: Going to sleep due to power_button (uid 1000)...
05-20 13:53:50.844  1276  1276 W UsageStatsService: Event reported without a package name, eventType:16
05-20 13:53:50.860  1276  1276 V SettingsProvider: Notifying for 0: content://settings/secure/reminder_exp_learning_time_elapsed
05-20 13:53:51.318  1276  1387 I DisplayPowerController: Blocking screen off
05-20 13:53:51.318  1276  1387 I DisplayPowerController: Unblocked screen off after 0 ms
05-20 13:53:51.318  1276  1387 D ActivityTaskManager: Top Process State changed to PROCESS_STATE_TOP_SLEEPING
05-20 13:53:51.327  1276  1368 E KernelCpuUidUserSysTimeReader: Negative user/sys time delta for UID=10178
05-20 13:53:51.327  1276  1368 E KernelCpuUidUserSysTimeReader: Prev times: u=122985584000 s=30705810000 Curr times: u=122979447000 s=30704644000
05-20 13:53:51.347  1276  1387 V DisplayPowerController: Brightness [0] reason changing to: 'screen_off', previous reason: 'automatic'.
05-20 13:53:51.354  1276  1354 I DisplayManagerService: Display device changed state: "Built-in Screen", OFF
05-20 13:53:51.362  1276  1355 I DisplayManagerService: Display DisplayDeviceInfo{"Recording Display": uniqueId="virtual:com.android.systemui,10110,Recording Display,0", 1080 x 2176, modeId 2, defaultModeId 2, supportedModes [{id=2, width=1080, height=2176, fps=60.0}], colorMode 0, supportedColorModes [0], HdrCapabilities null, density 440, 440.0 x 440.0 dpi, appVsyncOff 0, presDeadline 16666666, touch NONE, rotation 0, type VIRTUAL, state ON, owner com.android.systemui (uid 10110), FLAG_PRIVATE, FLAG_PRESENTATION} does not support input device matching.
05-20 13:53:51.363  1276  1355 I DisplayManagerService: Display DisplayDeviceInfo{"Recording Display": uniqueId="virtual:com.android.systemui,10110,Recording Display,0", 1080 x 2176, modeId 4, defaultModeId 4, supportedModes [{id=4, width=1080, height=2176, fps=60.0}], colorMode 0, supportedColorModes [0], HdrCapabilities null, density 440, 440.0 x 440.0 dpi, appVsyncOff 0, presDeadline 16666666, touch NONE, rotation 0, type VIRTUAL, state ON, owner com.android.systemui (uid 10110), FLAG_PRIVATE, FLAG_PRESENTATION} does not support input device matching.
05-20 13:53:51.363  1276  1355 I DisplayManagerService: Display DisplayDeviceInfo{"Recording Display": uniqueId="virtual:com.android.systemui,10110,Recording Display,0", 1080 x 2176, modeId 5, defaultModeId 5, supportedModes [{id=5, width=1080, height=2176, fps=60.0}], colorMode 0, supportedColorModes [0], HdrCapabilities null, density 440, 440.0 x 440.0 dpi, appVsyncOff 0, presDeadline 16666666, touch NONE, rotation 0, type VIRTUAL, state ON, owner com.android.systemui (uid 10110), FLAG_PRIVATE, FLAG_PRESENTATION} does not support input device matching.
05-20 13:53:51.363  1276  1355 I DisplayManagerService: Display DisplayDeviceInfo{"Recording Display": uniqueId="virtual:com.android.systemui,10110,Recording Display,0", 1080 x 2176, modeId 7, defaultModeId 7, supportedModes [{id=7, width=1080, height=2176, fps=60.0}], colorMode 0, supportedColorModes [0], HdrCapabilities null, density 440, 440.0 x 440.0 dpi, appVsyncOff 0, presDeadline 16666666, touch NONE, rotation 0, type VIRTUAL, state ON, owner com.android.systemui (uid 10110), FLAG_PRIVATE, FLAG_PRESENTATION} does not support input device matching.
05-20 13:53:51.363  1276  1355 I DisplayManagerService: Display DisplayDeviceInfo{"Recording Display": uniqueId="virtual:com.android.systemui,10110,Recording Display,0", 1080 x 2176, modeId 8, defaultModeId 8, supportedModes [{id=8, width=1080, height=2176, fps=60.0}], colorMode 0, supportedColorModes [0], HdrCapabilities null, density 440, 440.0 x 440.0 dpi, appVsyncOff 0, presDeadline 16666666, touch NONE, rotation 0, type VIRTUAL, state ON, owner com.android.systemui (uid 10110), FLAG_PRIVATE, FLAG_PRESENTATION} does not support input device matching.
05-20 13:53:51.363  1276  1355 I DisplayManagerService: Display DisplayDeviceInfo{"Recording Display": uniqueId="virtual:com.android.systemui,10110,Recording Display,0", 1080 x 2176, modeId 9, defaultModeId 9, supportedModes [{id=9, width=1080, height=2176, fps=60.0}], colorMode 0, supportedColorModes [0], HdrCapabilities null, density 440, 440.0 x 440.0 dpi, appVsyncOff 0, presDeadline 16666666, touch NONE, rotation 0, type VIRTUAL, state ON, owner com.android.systemui (uid 10110), FLAG_PRIVATE, FLAG_PRESENTATION} does not support input device matching.
05-20 13:53:51.530  1276  1387 I DreamManagerService: Entering dreamland.
05-20 13:53:51.531  1276  1387 I PowerManagerService: Dozing...
05-20 13:53:51.532  1276  1351 I DreamController: Starting dream: name=ComponentInfo{com.android.systemui/com.android.systemui.doze.DozeService}, isTest=false, canDoze=true, userId=0
05-20 13:53:51.571  1276  1276 V SettingsProvider: Notifying for 0: content://settings/secure/reminder_exp_learning_time_elapsed
05-20 13:53:51.573  1276  1355 I DisplayManagerService: Display DisplayDeviceInfo{"Recording Display": uniqueId="virtual:com.android.systemui,10110,Recording Display,0", 1080 x 2176, modeId 2, defaultModeId 2, supportedModes [{id=2, width=1080, height=2176, fps=60.0}], colorMode 0, supportedColorModes [0], HdrCapabilities null, density 440, 440.0 x 440.0 dpi, appVsyncOff 0, presDeadline 16666666, touch NONE, rotation 0, type VIRTUAL, state ON, owner com.android.systemui (uid 10110), FLAG_PRIVATE, FLAG_PRESENTATION} does not support input device matching.
05-20 13:53:51.573  1276  1355 I DisplayManagerService: Display DisplayDeviceInfo{"Recording Display": uniqueId="virtual:com.android.systemui,10110,Recording Display,0", 1080 x 2176, modeId 4, defaultModeId 4, supportedModes [{id=4, width=1080, height=2176, fps=60.0}], colorMode 0, supportedColorModes [0], HdrCapabilities null, density 440, 440.0 x 440.0 dpi, appVsyncOff 0, presDeadline 16666666, touch NONE, rotation 0, type VIRTUAL, state ON, owner com.android.systemui (uid 10110), FLAG_PRIVATE, FLAG_PRESENTATION} does not support input device matching.
05-20 13:53:51.573  1276  1355 I DisplayManagerService: Display DisplayDeviceInfo{"Recording Display": uniqueId="virtual:com.android.systemui,10110,Recording Display,0", 1080 x 2176, modeId 5, defaultModeId 5, supportedModes [{id=5, width=1080, height=2176, fps=60.0}], colorMode 0, supportedColorModes [0], HdrCapabilities null, density 440, 440.0 x 440.0 dpi, appVsyncOff 0, presDeadline 16666666, touch NONE, rotation 0, type VIRTUAL, state ON, owner com.android.systemui (uid 10110), FLAG_PRIVATE, FLAG_PRESENTATION} does not support input device matching.
05-20 13:53:51.573  1276  1355 I DisplayManagerService: Display DisplayDeviceInfo{"Recording Display": uniqueId="virtual:com.android.systemui,10110,Recording Display,0", 1080 x 2176, modeId 7, defaultModeId 7, supportedModes [{id=7, width=1080, height=2176, fps=60.0}], colorMode 0, supportedColorModes [0], HdrCapabilities null, density 440, 440.0 x 440.0 dpi, appVsyncOff 0, presDeadline 16666666, touch NONE, rotation 0, type VIRTUAL, state ON, owner com.android.systemui (uid 10110), FLAG_PRIVATE, FLAG_PRESENTATION} does not support input device matching.
05-20 13:53:51.573  1276  1355 I DisplayManagerService: Display DisplayDeviceInfo{"Recording Display": uniqueId="virtual:com.android.systemui,10110,Recording Display,0", 1080 x 2176, modeId 8, defaultModeId 8, supportedModes [{id=8, width=1080, height=2176, fps=60.0}], colorMode 0, supportedColorModes [0], HdrCapabilities null, density 440, 440.0 x 440.0 dpi, appVsyncOff 0, presDeadline 16666666, touch NONE, rotation 0, type VIRTUAL, state ON, owner com.android.systemui (uid 10110), FLAG_PRIVATE, FLAG_PRESENTATION} does not support input device matching.
05-20 13:53:51.573  1276  1355 I DisplayManagerService: Display DisplayDeviceInfo{"Recording Display": uniqueId="virtual:com.android.systemui,10110,Recording Display,0", 1080 x 2176, modeId 9, defaultModeId 9, supportedModes [{id=9, width=1080, height=2176, fps=60.0}], colorMode 0, supportedColorModes [0], HdrCapabilities null, density 440, 440.0 x 440.0 dpi, appVsyncOff 0, presDeadline 16666666, touch NONE, rotation 0, type VIRTUAL, state ON, owner com.android.systemui (uid 10110), FLAG_PRIVATE, FLAG_PRESENTATION} does not support input device matching.
05-20 13:53:51.578  1276  1276 V SettingsProvider: Notifying for 0: content://settings/secure/reminder_exp_learning_time_elapsed
05-20 13:53:51.656  1276  1387 I DisplayPowerController: Blocking screen on until initial contents have been drawn.
05-20 13:53:51.659  1276  1354 W UsageStatsService: Event reported without a package name, eventType:17
05-20 13:53:51.664  1276  1368 D KernelCpuUidUserSysTimeReader: Removing uids 99257-99257
05-20 13:53:51.664  1276  1387 V DisplayPowerController: Brightness [5] reason changing to: 'doze', previous reason: 'screen_off'.
05-20 13:53:51.665  1276  1354 I DisplayManagerService: Display device changed state: "Built-in Screen", DOZE
05-20 13:53:51.666  1276  1355 I DisplayManagerService: Display DisplayDeviceInfo{"Recording Display": uniqueId="virtual:com.android.systemui,10110,Recording Display,0", 1080 x 2176, modeId 2, defaultModeId 2, supportedModes [{id=2, width=1080, height=2176, fps=60.0}], colorMode 0, supportedColorModes [0], HdrCapabilities null, density 440, 440.0 x 440.0 dpi, appVsyncOff 0, presDeadline 16666666, touch NONE, rotation 0, type VIRTUAL, state ON, owner com.android.systemui (uid 10110), FLAG_PRIVATE, FLAG_PRESENTATION} does not support input device matching.
05-20 13:53:51.666  1276  1355 I DisplayManagerService: Display DisplayDeviceInfo{"Recording Display": uniqueId="virtual:com.android.systemui,10110,Recording Display,0", 1080 x 2176, modeId 4, defaultModeId 4, supportedModes [{id=4, width=1080, height=2176, fps=60.0}], colorMode 0, supportedColorModes [0], HdrCapabilities null, density 440, 440.0 x 440.0 dpi, appVsyncOff 0, presDeadline 16666666, touch NONE, rotation 0, type VIRTUAL, state ON, owner com.android.systemui (uid 10110), FLAG_PRIVATE, FLAG_PRESENTATION} does not support input device matching.
05-20 13:53:51.666  1276  1355 I DisplayManagerService: Display DisplayDeviceInfo{"Recording Display": uniqueId="virtual:com.android.systemui,10110,Recording Display,0", 1080 x 2176, modeId 5, defaultModeId 5, supportedModes [{id=5, width=1080, height=2176, fps=60.0}], colorMode 0, supportedColorModes [0], HdrCapabilities null, density 440, 440.0 x 440.0 dpi, appVsyncOff 0, presDeadline 16666666, touch NONE, rotation 0, type VIRTUAL, state ON, owner com.android.systemui (uid 10110), FLAG_PRIVATE, FLAG_PRESENTATION} does not support input device matching.
05-20 13:53:51.666  1276  1355 I DisplayManagerService: Display DisplayDeviceInfo{"Recording Display": uniqueId="virtual:com.android.systemui,10110,Recording Display,0", 1080 x 2176, modeId 7, defaultModeId 7, supportedModes [{id=7, width=1080, height=2176, fps=60.0}], colorMode 0, supportedColorModes [0], HdrCapabilities null, density 440, 440.0 x 440.0 dpi, appVsyncOff 0, presDeadline 16666666, touch NONE, rotation 0, type VIRTUAL, state ON, owner com.android.systemui (uid 10110), FLAG_PRIVATE, FLAG_PRESENTATION} does not support input device matching.
05-20 13:53:51.666  1276  1355 I DisplayManagerService: Display DisplayDeviceInfo{"Recording Display": uniqueId="virtual:com.android.systemui,10110,Recording Display,0", 1080 x 2176, modeId 8, defaultModeId 8, supportedModes [{id=8, width=1080, height=2176, fps=60.0}], colorMode 0, supportedColorModes [0], HdrCapabilities null, density 440, 440.0 x 440.0 dpi, appVsyncOff 0, presDeadline 16666666, touch NONE, rotation 0, type VIRTUAL, state ON, owner com.android.systemui (uid 10110), FLAG_PRIVATE, FLAG_PRESENTATION} does not support input device matching.
05-20 13:53:51.666  1276  1355 I DisplayManagerService: Display DisplayDeviceInfo{"Recording Display": uniqueId="virtual:com.android.systemui,10110,Recording Display,0", 1080 x 2176, modeId 9, defaultModeId 9, supportedModes [{id=9, width=1080, height=2176, fps=60.0}], colorMode 0, supportedColorModes [0], HdrCapabilities null, density 440, 440.0 x 440.0 dpi, appVsyncOff 0, presDeadline 16666666, touch NONE, rotation 0, type VIRTUAL, state ON, owner com.android.systemui (uid 10110), FLAG_PRIVATE, FLAG_PRESENTATION} does not support input device matching.
05-20 13:53:51.690  1276  1276 V FingerprintService: startAuthentication(com.android.systemui)
05-20 13:53:51.690  1276  1276 V FingerprintService: starting client AuthenticationClientImpl(com.android.systemui) targetUserId: 0 currentUserId: 0 cookie: 0/0
05-20 13:53:51.709  1276  1276 W FingerprintService: client com.android.systemui is authenticating...
05-20 13:53:51.857  1276  1387 I DisplayPowerController: Unblocked screen on after 201 ms
05-20 13:53:51.997  1276  1364 I ActivityManager: Start proc 10274:org.telegram.messenger/u0a149 for broadcast {org.telegram.messenger/com.google.firebase.iid.FirebaseInstanceIdReceiver}
05-20 13:53:53.164  1276 10357 E NotificationService: No vibration for canceled notification : 0|org.telegram.messenger|-1247942938|null|10149
05-20 13:53:54.083  1276  1387 I DisplayPowerController: Blocking screen off
05-20 13:53:54.084  1276  1387 I DisplayPowerController: Unblocked screen off after 1 ms
05-20 13:53:54.102  1276  1387 V DisplayPowerController: Brightness [0] reason changing to: 'screen_off', previous reason: 'doze'.
05-20 13:53:54.103  1276  1354 I DisplayManagerService: Display device changed state: "Built-in Screen", OFF
05-20 13:53:54.105  1276  1355 I DisplayManagerService: Display DisplayDeviceInfo{"Recording Display": uniqueId="virtual:com.android.systemui,10110,Recording Display,0", 1080 x 2176, modeId 2, defaultModeId 2, supportedModes [{id=2, width=1080, height=2176, fps=60.0}], colorMode 0, supportedColorModes [0], HdrCapabilities null, density 440, 440.0 x 440.0 dpi, appVsyncOff 0, presDeadline 16666666, touch NONE, rotation 0, type VIRTUAL, state ON, owner com.android.systemui (uid 10110), FLAG_PRIVATE, FLAG_PRESENTATION} does not support input device matching.
05-20 13:53:54.105  1276  1355 I DisplayManagerService: Display DisplayDeviceInfo{"Recording Display": uniqueId="virtual:com.android.systemui,10110,Recording Display,0", 1080 x 2176, modeId 4, defaultModeId 4, supportedModes [{id=4, width=1080, height=2176, fps=60.0}], colorMode 0, supportedColorModes [0], HdrCapabilities null, density 440, 440.0 x 440.0 dpi, appVsyncOff 0, presDeadline 16666666, touch NONE, rotation 0, type VIRTUAL, state ON, owner com.android.systemui (uid 10110), FLAG_PRIVATE, FLAG_PRESENTATION} does not support input device matching.
05-20 13:53:54.105  1276  1355 I DisplayManagerService: Display DisplayDeviceInfo{"Recording Display": uniqueId="virtual:com.android.systemui,10110,Recording Display,0", 1080 x 2176, modeId 5, defaultModeId 5, supportedModes [{id=5, width=1080, height=2176, fps=60.0}], colorMode 0, supportedColorModes [0], HdrCapabilities null, density 440, 440.0 x 440.0 dpi, appVsyncOff 0, presDeadline 16666666, touch NONE, rotation 0, type VIRTUAL, state ON, owner com.android.systemui (uid 10110), FLAG_PRIVATE, FLAG_PRESENTATION} does not support input device matching.
05-20 13:53:54.105  1276  1355 I DisplayManagerService: Display DisplayDeviceInfo{"Recording Display": uniqueId="virtual:com.android.systemui,10110,Recording Display,0", 1080 x 2176, modeId 7, defaultModeId 7, supportedModes [{id=7, width=1080, height=2176, fps=60.0}], colorMode 0, supportedColorModes [0], HdrCapabilities null, density 440, 440.0 x 440.0 dpi, appVsyncOff 0, presDeadline 16666666, touch NONE, rotation 0, type VIRTUAL, state ON, owner com.android.systemui (uid 10110), FLAG_PRIVATE, FLAG_PRESENTATION} does not support input device matching.
05-20 13:53:54.105  1276  1355 I DisplayManagerService: Display DisplayDeviceInfo{"Recording Display": uniqueId="virtual:com.android.systemui,10110,Recording Display,0", 1080 x 2176, modeId 8, defaultModeId 8, supportedModes [{id=8, width=1080, height=2176, fps=60.0}], colorMode 0, supportedColorModes [0], HdrCapabilities null, density 440, 440.0 x 440.0 dpi, appVsyncOff 0, presDeadline 16666666, touch NONE, rotation 0, type VIRTUAL, state ON, owner com.android.systemui (uid 10110), FLAG_PRIVATE, FLAG_PRESENTATION} does not support input device matching.
05-20 13:53:54.105  1276  1355 I DisplayManagerService: Display DisplayDeviceInfo{"Recording Display": uniqueId="virtual:com.android.systemui,10110,Recording Display,0", 1080 x 2176, modeId 9, defaultModeId 9, supportedModes [{id=9, width=1080, height=2176, fps=60.0}], colorMode 0, supportedColorModes [0], HdrCapabilities null, density 440, 440.0 x 440.0 dpi, appVsyncOff 0, presDeadline 16666666, touch NONE, rotation 0, type VIRTUAL, state ON, owner com.android.systemui (uid 10110), FLAG_PRIVATE, FLAG_PRESENTATION} does not support input device matching.
05-20 13:53:54.145  1276  1387 I DisplayPowerController: Blocking screen on until initial contents have been drawn.
05-20 13:53:54.154  1276  1387 V DisplayPowerController: Brightness [5] reason changing to: 'doze', previous reason: 'screen_off'.
05-20 13:53:54.199  1276  1387 I DisplayPowerController: Unblocked screen on after 54 ms
05-20 13:53:54.320  1276  1354 I DisplayManagerService: Display device changed state: "Built-in Screen", ON
05-20 13:53:54.355  1276  1355 I DisplayManagerService: Display DisplayDeviceInfo{"Recording Display": uniqueId="virtual:com.android.systemui,10110,Recording Display,0", 1080 x 2176, modeId 2, defaultModeId 2, supportedModes [{id=2, width=1080, height=2176, fps=60.0}], colorMode 0, supportedColorModes [0], HdrCapabilities null, density 440, 440.0 x 440.0 dpi, appVsyncOff 0, presDeadline 16666666, touch NONE, rotation 0, type VIRTUAL, state ON, owner com.android.systemui (uid 10110), FLAG_PRIVATE, FLAG_PRESENTATION} does not support input device matching.
05-20 13:53:54.355  1276  1355 I DisplayManagerService: Display DisplayDeviceInfo{"Recording Display": uniqueId="virtual:com.android.systemui,10110,Recording Display,0", 1080 x 2176, modeId 4, defaultModeId 4, supportedModes [{id=4, width=1080, height=2176, fps=60.0}], colorMode 0, supportedColorModes [0], HdrCapabilities null, density 440, 440.0 x 440.0 dpi, appVsyncOff 0, presDeadline 16666666, touch NONE, rotation 0, type VIRTUAL, state ON, owner com.android.systemui (uid 10110), FLAG_PRIVATE, FLAG_PRESENTATION} does not support input device matching.
05-20 13:53:54.355  1276  1355 I DisplayManagerService: Display DisplayDeviceInfo{"Recording Display": uniqueId="virtual:com.android.systemui,10110,Recording Display,0", 1080 x 2176, modeId 5, defaultModeId 5, supportedModes [{id=5, width=1080, height=2176, fps=60.0}], colorMode 0, supportedColorModes [0], HdrCapabilities null, density 440, 440.0 x 440.0 dpi, appVsyncOff 0, presDeadline 16666666, touch NONE, rotation 0, type VIRTUAL, state ON, owner com.android.systemui (uid 10110), FLAG_PRIVATE, FLAG_PRESENTATION} does not support input device matching.
