05-19 20:32:23.258  1276  1363 I chatty  : uid=1000(system) ActivityManager expire 6 lines
05-19 20:32:23.295  1276  2065 I chatty  : uid=1000(system) Binder:1276_A expire 2 lines
05-19 20:32:23.295  1276 10916 I chatty  : uid=1000(system) Binder:1276_20 expire 2 lines
05-19 20:32:23.295  1276  1675 I chatty  : uid=1000(system) ConnectivitySer expire 2 lines
05-19 20:32:23.343  1276  1396 I chatty  : uid=1000(system) PackageManager expire 52 lines
05-19 20:32:43.581  1276  1363 I chatty  : uid=1000(system) ActivityManager expire 14 lines
05-19 20:32:43.636  1276  1364 I chatty  : uid=1000(system) ActivityManager expire 2 lines
05-19 20:32:43.689  1276  1276 I chatty  : uid=1000 system_server expire 1 line
05-19 20:32:43.822  1276  1351 I chatty  : uid=1000(system) android.fg expire 1 line
05-19 20:32:43.869  1276  2925 I chatty  : uid=1000(system) Binder:1276_16 expire 2 lines
05-19 20:32:43.891  1276  1363 I chatty  : uid=1000(system) ActivityManager expire 19 lines
05-19 20:32:43.979  1276  1351 I chatty  : uid=1000(system) android.fg expire 2 lines
05-19 20:32:44.016  1276  2927 I chatty  : uid=1000(system) Binder:1276_18 expire 1 line
05-19 20:32:44.259  1276  1276 I chatty  : uid=1000 system_server expire 10 lines
05-19 20:32:44.450  1276  1362 I chatty  : uid=1000(system) android.bg expire 1 line
05-19 20:32:55.667  1276  1354 I chatty  : uid=1000(system) android.display expire 6 lines
05-19 20:32:55.697  1276  1675 I chatty  : uid=1000(system) ConnectivitySer expire 2 lines
05-19 20:32:56.372  1276  2886 I chatty  : uid=1000(system) Binder:1276_11 expire 1 line
05-19 20:32:56.372  1276  7236 I chatty  : uid=1000(system) Binder:1276_1A expire 1 line
05-19 20:32:56.372  1276  1342 I chatty  : uid=1000(system) Binder:1276_1 expire 1 line
05-19 20:32:56.373  1276  2920 I chatty  : uid=1000(system) Binder:1276_13 expire 1 line
05-19 20:32:56.374  1276  2065 I chatty  : uid=1000(system) Binder:1276_A expire 1 line
05-19 20:32:59.505  1276  1591 I chatty  : uid=1000(system) InputReader expire 2 lines
05-19 20:32:59.984  1276  1387 I chatty  : uid=1000(system) PowerManagerSer expire 7 lines
05-19 20:33:00.045  1276  1355 I chatty  : uid=1000(system) android.anim expire 24 lines
05-19 20:33:00.313  1276  1387 I chatty  : uid=1000(system) PowerManagerSer expire 11 lines
05-19 20:33:00.313  1276  1354 I chatty  : uid=1000(system) android.display expire 4 lines
05-19 20:33:00.336  1276  1276 I chatty  : uid=1000 system_server expire 16 lines
05-19 20:33:14.567  1276  2886 I chatty  : uid=1000(system) Binder:1276_11 expire 1 line
05-19 20:33:14.592  1276  1364 I chatty  : uid=1000(system) ActivityManager expire 1 line
05-19 20:33:14.612  1276  2927 I chatty  : uid=1000(system) Binder:1276_18 expire 8 lines
05-19 20:33:14.677  1276  2884 I chatty  : uid=1000(system) Binder:1276_10 expire 7 lines
05-19 20:33:14.842  1276  1351 I chatty  : uid=1000(system) android.fg expire 3 lines
05-19 20:33:14.845  1276  1363 I chatty  : uid=1000(system) ActivityManager expire 6 lines
05-19 20:33:14.858  1276  1840 I chatty  : uid=1000(system) Binder:1276_7 expire 2 lines
05-19 20:33:14.949  1276  7236 I chatty  : uid=1000(system) Binder:1276_1A expire 2 lines
05-19 20:33:15.618  1276  1840 I chatty  : uid=1000(system) Binder:1276_7 expire 6 lines
05-19 20:33:16.811  1276  1276 I chatty  : uid=1000 system_server expire 13 lines
05-19 20:33:19.168  1276  1591 I chatty  : uid=1000(system) InputReader expire 2 lines
05-19 20:33:19.636  1276  1354 I chatty  : uid=1000(system) android.display expire 12 lines
05-19 20:33:19.640  1276  1387 I chatty  : uid=1000(system) PowerManagerSer expire 13 lines
05-19 20:33:19.705  1276  1355 I chatty  : uid=1000(system) android.anim expire 24 lines
05-19 20:33:19.875  1276  1351 I chatty  : uid=1000(system) android.fg expire 1 line
05-19 20:33:19.969  1276  1742 I chatty  : uid=1000(system) Binder:1276_4 expire 8 lines
05-19 20:33:20.177  1276  2886 I chatty  : uid=1000(system) Binder:1276_11 expire 1 line
05-19 20:34:03.383  1276  1368 I chatty  : uid=1000(system) batterystats-wo expire 2 lines
05-19 20:34:03.391  1276  7518 I chatty  : uid=1000(system) Binder:1276_1C expire 1 line
05-19 20:34:03.424  1276  1387 I chatty  : uid=1000(system) PowerManagerSer expire 17 lines
05-19 20:34:03.425  1276  1354 I chatty  : uid=1000(system) android.display expire 6 lines
05-19 20:34:03.429  1276  1355 I chatty  : uid=1000(system) android.anim expire 19 lines
05-19 20:34:03.442  1276  1276 I chatty  : uid=1000 system_server expire 14 lines
05-19 20:34:03.476  1276 10916 I chatty  : uid=1000(system) Binder:1276_20 expire 7 lines
05-19 20:34:03.659  1276  1363 I chatty  : uid=1000(system) ActivityManager expire 6 lines
05-19 20:34:03.681  1276  1351 I chatty  : uid=1000(system) android.fg expire 4 lines
05-19 20:34:03.682  1276  1609 I chatty  : uid=1000(system) Binder:1276_3 expire 4 lines
05-19 20:34:04.407  1276  1742 I chatty  : uid=1000(system) Binder:1276_4 expire 2 lines
05-19 20:34:04.408  1276  2886 I chatty  : uid=1000(system) Binder:1276_11 expire 6 lines
05-19 20:34:05.152  1276  1364 I chatty  : uid=1000(system) ActivityManager expire 1 line
05-19 20:35:51.115  1276  1591 I chatty  : uid=1000(system) InputReader expire 2 lines
05-19 20:35:51.632  1276  2927 I chatty  : uid=1000(system) Binder:1276_18 expire 8 lines
05-19 20:36:01.945  1276  1355 I chatty  : uid=1000(system) android.anim expire 14 lines
05-19 20:36:28.409  1276  1276 I chatty  : uid=1000 system_server expire 19 lines
05-19 20:36:28.443  1276  1387 I chatty  : uid=1000(system) PowerManagerSer expire 12 lines
05-19 20:36:28.454  1276  1354 I chatty  : uid=1000(system) android.display expire 19 lines
05-19 20:36:28.455  1276  1742 I chatty  : uid=1000(system) Binder:1276_4 expire 6 lines
05-19 20:36:28.530  1276  2880 I chatty  : uid=1000(system) Binder:1276_E expire 13 lines
05-19 20:36:28.683  1276  1363 I chatty  : uid=1000(system) ActivityManager expire 6 lines
05-19 20:36:28.703  1276  1351 I chatty  : uid=1000(system) android.fg expire 4 lines
05-19 20:36:28.810  1276 10916 I chatty  : uid=1000(system) Binder:1276_20 expire 2 lines
05-19 20:36:30.467  1276  7236 I chatty  : uid=1000(system) Binder:1276_1A expire 1 line
05-19 20:37:18.631  1276  1609 I chatty  : uid=1000(system) Binder:1276_3 expire 1 line
05-19 20:37:25.235  1276  1591 I chatty  : uid=1000(system) InputReader expire 2 lines
05-19 20:37:26.004  1276  1355 I chatty  : uid=1000(system) android.anim expire 29 lines
05-19 20:37:26.007  1276  1276 I chatty  : uid=1000 system_server expire 19 lines
05-19 20:37:26.077  1276  1387 I chatty  : uid=1000(system) PowerManagerSer expire 26 lines
05-19 20:37:26.084  1276  1354 I chatty  : uid=1000(system) android.display expire 5 lines
05-19 20:37:26.455  1276  1609 I chatty  : uid=1000(system) Binder:1276_3 expire 8 lines
05-19 20:37:26.575  1276  1351 I chatty  : uid=1000(system) android.fg expire 5 lines
05-19 20:37:26.606  1276 10052 I chatty  : uid=1000(system) Binder:1276_1E expire 1 line
05-19 20:37:26.657  1276  2927 I chatty  : uid=1000(system) Binder:1276_18 expire 2 lines
05-19 20:37:27.206  1276  1839 I chatty  : uid=1000(system) Binder:1276_6 expire 1 line
05-19 20:37:27.207  1276  2041 I chatty  : uid=1000(system) Binder:1276_9 expire 6 lines
05-19 20:37:42.474  1276  2922 I chatty  : uid=1000(system) Binder:1276_14 expire 1 line
05-19 20:37:42.526  1276  1364 I chatty  : uid=1000(system) ActivityManager expire 1 line
05-19 20:37:42.536  1276  7540 I chatty  : uid=1000(system) Binder:1276_1D expire 1 line
05-19 20:37:42.549  1276  1354 I chatty  : uid=1000(system) android.display expire 8 lines
05-19 20:37:42.550  1276  2878 I chatty  : uid=1000(system) Binder:1276_D expire 10 lines
05-19 20:37:42.553  1276  1363 I chatty  : uid=1000(system) ActivityManager expire 8 lines
05-19 20:37:42.705  1276  1276 I chatty  : uid=1000 system_server expire 19 lines
05-19 20:37:42.713  1276  2041 I chatty  : uid=1000(system) Binder:1276_9 expire 8 lines
05-19 20:37:42.713  1276  1351 I chatty  : uid=1000(system) android.fg expire 2 lines
05-19 20:37:42.830  1276  1387 I chatty  : uid=1000(system) PowerManagerSer expire 2 lines
05-19 20:37:42.896  1276  6356 I chatty  : uid=1000(system) Binder:1276_19 expire 4 lines
05-19 20:37:43.143  1276 10052 I chatty  : uid=1000(system) Binder:1276_1E expire 8 lines
05-19 20:37:43.509  1276  1839 I chatty  : uid=1000(system) Binder:1276_6 expire 7 lines
05-19 20:37:43.509  1276  2884 I chatty  : uid=1000(system) Binder:1276_10 expire 3 lines
05-19 20:38:25.609  1276  1364 I chatty  : uid=1000(system) ActivityManager expire 7 lines
05-19 20:38:38.194  1276  1675 I chatty  : uid=1000(system) ConnectivitySer expire 12 lines
05-19 20:38:38.635  1276  2927 I chatty  : uid=1000(system) Binder:1276_18 expire 4 lines
05-19 20:40:56.865  1276  2905 I chatty  : uid=1000(system) Binder:1276_12 expire 2 lines
05-19 20:40:56.923  1276  1861 I chatty  : uid=1000(system) Binder:1276_8 expire 1 line
05-19 20:40:56.923  1276  1342 I chatty  : uid=1000(system) Binder:1276_1 expire 1 line
05-19 20:40:56.924  1276  1675 I chatty  : uid=1000(system) ConnectivitySer expire 2 lines
05-19 20:40:56.925  1276  7518 I chatty  : uid=1000(system) Binder:1276_1C expire 7 lines
05-19 20:40:56.927  1276  1363 I chatty  : uid=1000(system) ActivityManager expire 6 lines
05-19 20:40:56.928  1276  1861 I chatty  : uid=1000(system) Binder:1276_8 expire 10 lines
05-19 20:40:56.951  1276  1354 I chatty  : uid=1000(system) android.display expire 2 lines
05-19 20:40:57.581  1276  2875 I chatty  : uid=1000(system) Binder:1276_C expire 1 line
05-19 20:40:57.959  1276  1276 I chatty  : uid=1000 system_server expire 34 lines
05-19 20:41:40.409 24623 28415 I AlwaysOnHotwordDetector: onDetected
05-19 20:41:50.609  1276 10916 I chatty  : uid=1000(system) Binder:1276_20 expire 2 lines
05-19 20:41:50.691  1276  7540 I chatty  : uid=1000(system) Binder:1276_1D expire 1 line
05-19 20:41:52.865 24623 28415 I AlwaysOnHotwordDetector: onDetected
05-19 20:42:11.273 24623 28415 I AlwaysOnHotwordDetector: onDetected
05-19 20:42:16.169  1276  1364 I chatty  : uid=1000(system) ActivityManager expire 4 lines
05-19 20:42:42.561  1276  1742 I chatty  : uid=1000(system) Binder:1276_4 expire 1 line
05-19 20:43:28.941  1276  1368 I chatty  : uid=1000(system) batterystats-wo expire 10 lines
05-19 20:44:28.926  1276  2065 I chatty  : uid=1000(system) Binder:1276_A expire 18 lines
05-19 20:44:35.960  1276  2922 I chatty  : uid=1000(system) Binder:1276_14 expire 2 lines
05-19 20:47:38.765 24623 24641 I AlwaysOnHotwordDetector: onDetected
05-19 20:47:40.284  1276  2925 I chatty  : uid=1000(system) Binder:1276_16 expire 1 line
05-19 20:47:46.645  1276  1276 I chatty  : uid=1000 system_server expire 44 lines
05-19 20:47:46.646 24623 24641 I AlwaysOnHotwordDetector: onDetected
05-19 20:49:04.852  1276  2920 I chatty  : uid=1000(system) Binder:1276_13 expire 9 lines
05-19 20:49:57.462  1276  7540 I chatty  : uid=1000(system) Binder:1276_1D expire 7 lines
05-19 20:50:18.476  1276  1742 I chatty  : uid=1000(system) Binder:1276_4 expire 2 lines
05-19 20:50:47.088  1276  1362 I chatty  : uid=1000(system) android.bg expire 2 lines
05-19 20:50:47.385  1276  1343 I chatty  : uid=1000(system) Binder:1276_2 expire 3 lines
05-19 20:50:57.451  1276  2875 I chatty  : uid=1000(system) Binder:1276_C expire 1 line
05-19 20:50:57.451  1276  1675 I chatty  : uid=1000(system) ConnectivitySer expire 2 lines
05-19 20:52:10.140  1276  7397 I chatty  : uid=1000(system) Binder:1276_1B expire 1 line
05-19 20:52:10.141  1276  1840 I chatty  : uid=1000(system) Binder:1276_7 expire 11 lines
05-19 20:52:17.179  1276  2925 I chatty  : uid=1000(system) Binder:1276_16 expire 3 lines
05-19 20:52:26.327  1276  1364 I chatty  : uid=1000(system) ActivityManager expire 3 lines
05-19 20:53:48.518  1276  1355 I chatty  : uid=1000(system) android.anim expire 1 line
05-19 20:55:51.743  1276  2905 I chatty  : uid=1000(system) Binder:1276_12 expire 3 lines
05-19 20:57:22.253  1276  2065 I chatty  : uid=1000(system) Binder:1276_A expire 2 lines
05-19 20:57:22.254  1276  7236 I chatty  : uid=1000(system) Binder:1276_1A expire 22 lines
05-19 20:59:35.156  1276  1276 I chatty  : uid=1000 system_server expire 28 lines
05-19 20:59:35.157  1276  2884 I chatty  : uid=1000(system) Binder:1276_10 expire 1 line
05-19 21:00:55.567  1276  7540 I chatty  : uid=1000(system) Binder:1276_1D expire 10 lines
05-19 21:00:55.568  1276  2920 I chatty  : uid=1000(system) Binder:1276_13 expire 6 lines
05-19 21:01:02.609  1276  1840 I chatty  : uid=1000(system) Binder:1276_7 expire 1 line
05-19 21:02:13.273  1276  2880 I chatty  : uid=1000(system) Binder:1276_E expire 5 lines
05-19 21:02:29.840  1276  1364 I chatty  : uid=1000(system) ActivityManager expire 4 lines
05-19 21:02:58.728  1276  1363 I chatty  : uid=1000(system) ActivityManager expire 8 lines
05-19 21:02:58.764  1276  1677 I chatty  : uid=1000(system) NsdService expire 10 lines
05-19 21:03:25.408  1276  2875 I chatty  : uid=1000(system) Binder:1276_C expire 2 lines
05-19 21:03:34.742  1276  6356 I chatty  : uid=1000(system) Binder:1276_19 expire 3 lines
05-19 21:03:34.742  1276  2881 I chatty  : uid=1000(system) Binder:1276_F expire 3 lines
05-19 21:03:34.742  1276  1675 I chatty  : uid=1000(system) ConnectivitySer expire 4 lines
05-19 21:03:57.186  1276  2926 I chatty  : uid=1000(system) Binder:1276_17 expire 3 lines
05-19 21:04:35.740  1276  2878 I chatty  : uid=1000(system) Binder:1276_D expire 1 line
05-19 21:04:43.182  1276  1861 I chatty  : uid=1000(system) Binder:1276_8 expire 6 lines
05-19 21:04:43.182  1276  2922 I chatty  : uid=1000(system) Binder:1276_14 expire 7 lines
05-19 21:05:10.122 16402 16434 D GlobalScreenshot: Screenshot from a managed profile: false
05-19 21:05:10.393  1276  1343 I chatty  : uid=1000(system) Binder:1276_2 expire 1 line
05-19 21:05:10.465  1276  1276 I chatty  : uid=1000 system_server expire 1 line
05-19 21:05:10.671  1276  7236 I chatty  : uid=1000(system) Binder:1276_1A expire 1 line
05-19 21:05:10.933  1276  7540 I chatty  : uid=1000(system) Binder:1276_1D expire 2 lines
05-19 21:05:10.940  1276  1742 I chatty  : uid=1000(system) Binder:1276_4 expire 4 lines
05-19 21:05:10.941 16402 16434 D GlobalScreenshot: Got 0 smart actions. Wait time: 0 ms
05-19 21:05:10.946  1276  7236 I chatty  : uid=1000(system) Binder:1276_1A expire 1 line
05-19 21:05:11.188  1276  1675 I chatty  : uid=1000(system) ConnectivitySer expire 4 lines
05-19 21:05:11.214  1276  1276 I chatty  : uid=1000 system_server expire 41 lines
05-19 21:05:13.551  1276  1364 I chatty  : uid=1000(system) ActivityManager expire 4 lines
05-19 21:05:18.457  1276  1861 I chatty  : uid=1000(system) Binder:1276_8 expire 6 lines
05-19 21:07:26.817  1276  7540 I chatty  : uid=1000(system) Binder:1276_1D expire 9 lines
05-19 21:07:26.820  1276  2878 I chatty  : uid=1000(system) Binder:1276_D expire 14 lines
05-19 21:07:33.840  1276  2922 I chatty  : uid=1000(system) Binder:1276_14 expire 5 lines
05-19 21:07:33.846  1276  2880 I chatty  : uid=1000(system) Binder:1276_E expire 3 lines
05-19 21:07:44.893  1276  2925 I chatty  : uid=1000(system) Binder:1276_16 expire 1 line
05-19 21:10:48.787  1276  1362 I chatty  : uid=1000(system) android.bg expire 1 line
05-19 21:11:03.799  1276  2926 I chatty  : uid=1000(system) Binder:1276_17 expire 1 line
05-19 21:12:24.838  1276  1343 I chatty  : uid=1000(system) Binder:1276_2 expire 6 lines
05-19 21:12:31.865  1276  2905 I chatty  : uid=1000(system) Binder:1276_12 expire 1 line
05-19 21:13:29.006  1276  1368 I chatty  : uid=1000(system) batterystats-wo expire 1 line
05-19 21:13:31.158  1276  6356 I chatty  : uid=1000(system) Binder:1276_19 expire 3 lines
05-19 21:15:01.818  1276  2875 I chatty  : uid=1000(system) Binder:1276_C expire 2 lines
05-19 21:15:55.232  1276  1276 I chatty  : uid=1000 system_server expire 26 lines
05-19 21:15:55.554  1276  1343 I chatty  : uid=1000(system) Binder:1276_2 expire 2 lines
05-19 21:15:55.617  1276  1364 I chatty  : uid=1000(system) ActivityManager expire 9 lines
05-19 21:17:06.304  1276 10052 I chatty  : uid=1000(system) Binder:1276_1E expire 1 line
05-19 21:17:49.698  1276  2878 I chatty  : uid=1000(system) Binder:1276_D expire 8 lines
05-19 21:21:05.273  1276  1675 I chatty  : uid=1000(system) ConnectivitySer expire 19 lines
05-19 21:21:05.478  1276  1368 I chatty  : uid=1000(system) batterystats-wo expire 2 lines
05-19 21:21:06.042  1276  7236 I chatty  : uid=1000(system) Binder:1276_1A expire 3 lines
05-19 21:22:23.929 24623 28415 I AlwaysOnHotwordDetector: onDetected
05-19 21:22:26.807  1276  2905 I chatty  : uid=1000(system) Binder:1276_12 expire 3 lines
05-19 21:22:33.874  1276  1276 I chatty  : uid=1000 system_server expire 24 lines
05-19 21:23:23.932 24623 28415 I AlwaysOnHotwordDetector: onDetected
05-19 21:23:25.415  1276  2922 I chatty  : uid=1000(system) Binder:1276_14 expire 2 lines
05-19 21:25:22.885  1276  1742 I chatty  : uid=1000(system) Binder:1276_4 expire 3 lines
05-19 21:25:26.290  1276  7540 I chatty  : uid=1000(system) Binder:1276_1D expire 2 lines
05-19 21:27:41.918  1276  6356 I chatty  : uid=1000(system) Binder:1276_19 expire 1 line
05-19 21:27:45.388 24623 28415 I AlwaysOnHotwordDetector: onDetected
05-19 21:27:50.789  1276  1363 I chatty  : uid=1000(system) ActivityManager expire 6 lines
05-19 21:27:53.498  1276  1276 I chatty  : uid=1000 system_server expire 6 lines
05-19 21:28:12.680  1276  1640 I chatty  : uid=1000(system) WifiService expire 2 lines
05-19 21:28:12.741   924   924 W wificond: Scan is not started. Ignore abort request
05-19 21:28:12.780  1276  1675 I chatty  : uid=1000(system) ConnectivitySer expire 36 lines
05-19 21:28:12.812   924   924 E wificond: NL80211_CMD_TRIGGER_SCAN failed: Device or resource busy
05-19 21:28:12.860   741  1050 E NetlinkEvent: NetlinkEvent::FindParam(): Parameter 'INTERFACE' not found
05-19 21:28:12.860   741  1050 E NetlinkEvent: NetlinkEvent::FindParam(): Parameter 'STATE' not found
05-19 21:28:12.860   741  1050 E NetlinkEvent: NetlinkEvent::FindParam(): Parameter 'TIME_NS' not found
05-19 21:28:12.860   741  1050 E NetlinkEvent: NetlinkEvent::FindParam(): Parameter 'UID' not found
05-19 21:28:12.862  1276  1364 I chatty  : uid=1000(system) ActivityManager expire 3 lines
05-19 21:28:12.888  1276  1641 I chatty  : uid=1000(system) ClientModeImpl expire 1 line
05-19 21:28:13.825  1276  1861 I chatty  : uid=1000(system) Binder:1276_8 expire 1 line
05-19 21:28:13.826  1276  1363 I chatty  : uid=1000(system) ActivityManager expire 6 lines
05-19 21:28:13.840  1276  1343 I chatty  : uid=1000(system) Binder:1276_2 expire 1 line
05-19 21:28:13.855  1276  6356 I chatty  : uid=1000(system) Binder:1276_19 expire 12 lines
05-19 21:28:13.960   741  1050 E NetlinkEvent: NetlinkEvent::FindParam(): Parameter 'INTERFACE' not found
05-19 21:28:13.960   741  1050 E NetlinkEvent: NetlinkEvent::FindParam(): Parameter 'STATE' not found
05-19 21:28:13.960   741  1050 E NetlinkEvent: NetlinkEvent::FindParam(): Parameter 'TIME_NS' not found
05-19 21:28:13.960   741  1050 E NetlinkEvent: NetlinkEvent::FindParam(): Parameter 'UID' not found
05-19 21:28:15.060  1276  1276 I chatty  : uid=1000 system_server expire 5 lines
05-19 21:28:17.304  1276  7236 I chatty  : uid=1000(system) Binder:1276_1A expire 4 lines
05-19 21:28:18.192  1276  2920 I chatty  : uid=1000(system) Binder:1276_13 expire 3 lines
05-19 21:28:18.995  1276  2922 I chatty  : uid=1000(system) Binder:1276_14 expire 4 lines
05-19 21:28:19.198  1276  2905 I chatty  : uid=1000(system) Binder:1276_12 expire 1 line
05-19 21:28:38.855  1276  1368 I chatty  : uid=1000(system) batterystats-wo expire 3 lines
05-19 21:28:41.206  1276 10052 I chatty  : uid=1000(system) Binder:1276_1E expire 1 line
05-19 21:28:41.454  1276  2923 I chatty  : uid=1000(system) Binder:1276_15 expire 1 line
05-19 21:28:41.454  1276  2927 I chatty  : uid=1000(system) Binder:1276_18 expire 4 lines
05-19 21:28:41.454  1276  7540 I chatty  : uid=1000(system) Binder:1276_1D expire 1 line
05-19 21:28:41.455  1276  1838 I chatty  : uid=1000(system) Binder:1276_5 expire 1 line
05-19 21:28:41.456  1276  7397 I chatty  : uid=1000(system) Binder:1276_1B expire 1 line
05-19 21:28:41.456  1276  1354 I chatty  : uid=1000(system) android.display expire 9 lines
05-19 21:28:42.650  1276  2878 I chatty  : uid=1000(system) Binder:1276_D expire 4 lines
05-19 21:28:51.624  1276  1640 I chatty  : uid=1000(system) WifiService expire 1 line
05-19 21:28:53.070  1276  2926 I chatty  : uid=1000(system) Binder:1276_17 expire 2 lines
05-19 21:28:53.070  1276  1742 I chatty  : uid=1000(system) Binder:1276_4 expire 3 lines
05-19 21:28:53.070  1276  1675 I chatty  : uid=1000(system) ConnectivitySer expire 4 lines
05-19 21:28:53.076  1276  2886 I chatty  : uid=1000(system) Binder:1276_11 expire 2 lines
05-19 21:28:53.086  1276  1354 I chatty  : uid=1000(system) android.display expire 7 lines
05-19 21:28:54.195  1276  1276 I chatty  : uid=1000 system_server expire 17 lines
05-19 21:28:54.210  1276  1364 I chatty  : uid=1000(system) ActivityManager expire 9 lines
05-19 21:28:55.866  1276  2922 I chatty  : uid=1000(system) Binder:1276_14 expire 5 lines
05-19 21:29:08.353  1276  1342 I chatty  : uid=1000(system) Binder:1276_1 expire 4 lines
05-19 21:29:10.040  1276  1838 I chatty  : uid=1000(system) Binder:1276_5 expire 3 lines
05-19 21:29:10.439  1276  1861 I chatty  : uid=1000(system) Binder:1276_8 expire 1 line
05-19 21:29:14.178  1276  2884 I chatty  : uid=1000(system) Binder:1276_10 expire 2 lines
05-19 21:30:13.840  1276  2880 I chatty  : uid=1000(system) Binder:1276_E expire 2 lines
05-19 21:30:17.548  1276  1368 I chatty  : uid=1000(system) batterystats-wo expire 2 lines
05-19 21:30:17.625  1276  1591 I chatty  : uid=1000(system) InputReader expire 2 lines
05-19 21:30:18.089  1276  1387 I chatty  : uid=1000(system) PowerManagerSer expire 16 lines
05-19 21:30:18.152  1276  1355 I chatty  : uid=1000(system) android.anim expire 18 lines
05-19 21:30:18.354  1276  1351 I chatty  : uid=1000(system) android.fg expire 8 lines
05-19 21:30:21.396  1276  1276 I chatty  : uid=1000 system_server expire 18 lines
05-19 21:30:21.656  1276  2884 I chatty  : uid=1000(system) Binder:1276_10 expire 10 lines
05-19 21:30:21.952  1276  1342 I chatty  : uid=1000(system) Binder:1276_1 expire 1 line
05-19 21:30:29.217  1276  1387 I chatty  : uid=1000(system) PowerManagerSer expire 25 lines
05-19 21:30:31.778  1276  1368 I chatty  : uid=1000(system) batterystats-wo expire 1 line
05-19 21:30:31.781  1276  1354 I chatty  : uid=1000(system) android.display expire 5 lines
05-19 21:30:31.784  1276  1355 I chatty  : uid=1000(system) android.anim expire 30 lines
05-19 21:30:51.043  1276  2387 I chatty  : uid=1000(system) Binder:1276_B expire 1 line
05-19 21:30:51.307  1276  1838 I chatty  : uid=1000(system) Binder:1276_5 expire 5 lines
05-19 21:30:51.794  1276  2927 I chatty  : uid=1000(system) Binder:1276_18 expire 1 line
05-19 21:30:51.955  1276  1354 I chatty  : uid=1000(system) android.display expire 2 lines
05-19 21:30:51.966  1276  1363 I chatty  : uid=1000(system) ActivityManager expire 19 lines
05-19 21:30:52.087  1276  1838 I chatty  : uid=1000(system) Binder:1276_5 expire 2 lines
05-19 21:30:53.128  1276  1276 I chatty  : uid=1000 system_server expire 14 lines
05-19 21:30:53.888   924   924 W wificond: No pno scan started
05-19 21:30:53.888   924   924 W wificond: Scheduled scan is not running!
05-19 21:30:53.907   810   810 W android.hardware.wifi@1.0-service: No active wlan interfaces in use! Using default
05-19 21:30:53.933   924   924 W wificond: Scan aborted
05-19 21:30:54.061   924   924 I wificond: Unsubscribe scan result for interface with index: 30
05-19 21:30:54.114   810  2101 I android.hardware.wifi@1.0-service: Legacy HAL stop complete callback received
05-19 21:30:54.117   810   810 I android.hardware.wifi@1.0-service: Wifi HAL stopped
05-19 21:30:54.120  1276  1675 I chatty  : uid=1000(system) ConnectivitySer expire 17 lines
05-19 21:30:54.184   741  1050 E NetlinkEvent: NetlinkEvent::FindParam(): Parameter 'INTERFACE' not found
05-19 21:30:54.184   741  1050 E NetlinkEvent: NetlinkEvent::FindParam(): Parameter 'STATE' not found
05-19 21:30:54.184   741  1050 E NetlinkEvent: NetlinkEvent::FindParam(): Parameter 'TIME_NS' not found
05-19 21:30:54.184   741  1050 E NetlinkEvent: NetlinkEvent::FindParam(): Parameter 'UID' not found
05-19 21:30:56.568  1276 10052 I chatty  : uid=1000(system) Binder:1276_1E expire 1 line
05-19 21:30:56.604  1276  2922 I chatty  : uid=1000(system) Binder:1276_14 expire 1 line
05-19 21:30:56.604  1276  2923 I chatty  : uid=1000(system) Binder:1276_15 expire 2 lines
05-19 21:30:56.604  1276  7518 I chatty  : uid=1000(system) Binder:1276_1C expire 1 line
05-19 21:30:56.618  1276  2925 I chatty  : uid=1000(system) Binder:1276_16 expire 4 lines
05-19 21:30:56.685   741  1055 E FrameworkListener: read() failed (Connection reset by peer)
05-19 21:30:56.687  1276  1839 I chatty  : uid=1000(system) Binder:1276_6 expire 1 line
05-19 21:30:56.688  1276  2926 I chatty  : uid=1000(system) Binder:1276_17 expire 5 lines
05-19 21:30:56.688  1276  2884 I chatty  : uid=1000(system) Binder:1276_10 expire 3 lines
05-19 21:30:56.689  1276  2387 I chatty  : uid=1000(system) Binder:1276_B expire 8 lines
05-19 21:30:57.527  1276  1364 I chatty  : uid=1000(system) ActivityManager expire 6 lines
05-19 21:30:57.643  1276  2920 I chatty  : uid=1000(system) Binder:1276_13 expire 6 lines
05-19 21:30:58.592 20363 20363 I ActivityThread: handleStopService: token=android.os.BinderProxy@f828f7a not found.
05-19 21:30:59.711  1276  2880 I chatty  : uid=1000(system) Binder:1276_E expire 2 lines
05-19 21:31:06.030  1276  1362 I chatty  : uid=1000(system) android.bg expire 1 line
05-19 21:31:09.905  1276 10298 I chatty  : uid=1000(system) Binder:1276_1F expire 3 lines
05-19 21:31:30.447  1276  1342 I chatty  : uid=1000(system) Binder:1276_1 expire 1 line
05-19 21:31:30.455  1276  7397 I chatty  : uid=1000(system) Binder:1276_1B expire 1 line
05-19 21:31:30.665  1276  1861 I chatty  : uid=1000(system) Binder:1276_8 expire 2 lines
05-19 21:31:30.665  1276 10916 I chatty  : uid=1000(system) Binder:1276_20 expire 1 line
05-19 21:31:32.470   810   810 I android.hardware.wifi@1.0-service: Wifi HAL started
05-19 21:31:32.474 20978 20978 I ActivityThread: handleStopService: token=android.os.BinderProxy@7527d1b not found.
05-19 21:31:32.485  1276  1363 I chatty  : uid=1000(system) ActivityManager expire 12 lines
05-19 21:31:32.728   810   810 I android.hardware.wifi@1.0-service: Adding interface handle for p2p0
05-19 21:31:32.728   810   810 I android.hardware.wifi@1.0-service: Adding interface handle for wlan0
05-19 21:31:32.728   810   810 I android.hardware.wifi@1.0-service: Adding interface handle for wlan1
05-19 21:31:32.728   810   810 W android.hardware.wifi@1.0-service: No active wlan interfaces in use! Using default
05-19 21:31:32.729   810   810 W android.hardware.wifi@1.0-service: No active wlan interfaces in use! Using default
05-19 21:31:32.731   810   810 I android.hardware.wifi@1.0-service: Configured chip in mode 3
05-19 21:31:32.731   810   810 W android.hardware.wifi@1.0-service: No active wlan interfaces in use! Using default
05-19 21:31:32.733   810   810 W android.hardware.wifi@1.0-service: No active wlan interfaces in use! Using default
05-19 21:31:32.748   924   924 I wificond: create scanner for interface with index: 30
05-19 21:31:32.748   924   924 I wificond: subscribe scan result for interface with index: 30
05-19 21:31:32.752   924   924 E wificond: No Offload Service available
05-19 21:31:32.752   924   924 I wificond: Offload HAL not supported 
05-19 21:31:32.852  1276  1368 I chatty  : uid=1000(system) batterystats-wo expire 3 lines
05-19 21:31:32.891  1276  2886 I chatty  : uid=1000(system) Binder:1276_11 expire 4 lines
05-19 21:31:33.289  1276  2926 I chatty  : uid=1000(system) Binder:1276_17 expire 1 line
05-19 21:31:33.332  1276  2387 I chatty  : uid=1000(system) Binder:1276_B expire 1 line
05-19 21:31:34.283  1276  1354 I chatty  : uid=1000(system) android.display expire 4 lines
05-19 21:31:34.340  1276  6356 I chatty  : uid=1000(system) Binder:1276_19 expire 1 line
05-19 21:31:34.340  1276  1840 I chatty  : uid=1000(system) Binder:1276_7 expire 2 lines
05-19 21:31:35.515   924   924 W wificond: Scan is not started. Ignore abort request
05-19 21:31:35.657  1276  1641 I chatty  : uid=1000(system) ClientModeImpl expire 1 line
05-19 21:31:35.664  1276  1675 I chatty  : uid=1000(system) ConnectivitySer expire 25 lines
05-19 21:31:36.580   741  1050 E NetlinkEvent: NetlinkEvent::FindParam(): Parameter 'INTERFACE' not found
05-19 21:31:36.580   741  1050 E NetlinkEvent: NetlinkEvent::FindParam(): Parameter 'STATE' not found
05-19 21:31:36.580   741  1050 E NetlinkEvent: NetlinkEvent::FindParam(): Parameter 'TIME_NS' not found
05-19 21:31:36.580   741  1050 E NetlinkEvent: NetlinkEvent::FindParam(): Parameter 'UID' not found
05-19 21:31:38.044  1276  2041 I chatty  : uid=1000(system) Binder:1276_9 expire 4 lines
05-19 21:31:38.058  1276  1276 I chatty  : uid=1000 system_server expire 6 lines
05-19 21:31:38.084  1276  1364 I chatty  : uid=1000(system) ActivityManager expire 8 lines
05-19 21:31:42.661  1276  1677 I chatty  : uid=1000(system) NsdService expire 5 lines
05-19 21:31:44.614  1276  2920 I chatty  : uid=1000(system) Binder:1276_13 expire 2 lines
05-19 21:31:53.541  1276 10916 I chatty  : uid=1000(system) Binder:1276_20 expire 2 lines
05-19 21:31:56.879  1276  1609 I chatty  : uid=1000(system) Binder:1276_3 expire 1 line
05-19 21:31:56.883  1276  2927 I chatty  : uid=1000(system) Binder:1276_18 expire 8 lines
05-19 21:31:56.888  1276  2878 I chatty  : uid=1000(system) Binder:1276_D expire 1 line
05-19 21:31:58.928  1276 10298 I chatty  : uid=1000(system) Binder:1276_1F expire 1 line
05-19 21:32:01.056  1276  1861 I chatty  : uid=1000(system) Binder:1276_8 expire 2 lines
05-19 21:32:01.077  1276  2905 I chatty  : uid=1000(system) Binder:1276_12 expire 1 line
05-19 21:32:06.929  1276  2925 I chatty  : uid=1000(system) Binder:1276_16 expire 1 line
05-19 21:32:07.521  1276  1839 I chatty  : uid=1000(system) Binder:1276_6 expire 6 lines
05-19 21:32:08.191  1276  1364 I chatty  : uid=1000(system) ActivityManager expire 12 lines
05-19 21:32:08.314  1276  1276 I chatty  : uid=1000 system_server expire 11 lines
05-19 21:32:08.602  1276  2041 I chatty  : uid=1000(system) Binder:1276_9 expire 9 lines
05-19 21:32:09.296  1276  2905 I chatty  : uid=1000(system) Binder:1276_12 expire 3 lines
05-19 21:32:11.304  1276  1363 I chatty  : uid=1000(system) ActivityManager expire 3 lines
05-19 21:32:18.290  1276  2881 I chatty  : uid=1000(system) Binder:1276_F expire 8 lines
05-19 21:32:18.538  1276  1675 I chatty  : uid=1000(system) ConnectivitySer expire 7 lines
05-19 21:32:18.711  1276  1861 I chatty  : uid=1000(system) Binder:1276_8 expire 9 lines
05-19 21:32:19.298  1276  1368 I chatty  : uid=1000(system) batterystats-wo expire 1 line
05-19 21:32:19.326  1276  2065 I chatty  : uid=1000(system) Binder:1276_A expire 2 lines
05-19 21:32:20.446  1276  2878 I chatty  : uid=1000(system) Binder:1276_D expire 5 lines
05-19 21:32:20.613  1276 10052 I chatty  : uid=1000(system) Binder:1276_1E expire 2 lines
05-19 21:32:22.407  1276  1362 I chatty  : uid=1000(system) android.bg expire 2 lines
05-19 21:32:24.712  1276  1840 I chatty  : uid=1000(system) Binder:1276_7 expire 4 lines
05-19 21:32:25.885  1276  2927 I chatty  : uid=1000(system) Binder:1276_18 expire 4 lines
05-19 21:32:26.902  1276  2925 I chatty  : uid=1000(system) Binder:1276_16 expire 2 lines
05-19 21:32:42.436  1276  7540 I chatty  : uid=1000(system) Binder:1276_1D expire 3 lines
05-19 21:32:49.799  1276  2923 I chatty  : uid=1000(system) Binder:1276_15 expire 2 lines
05-19 21:32:50.869  1276  1354 I chatty  : uid=1000(system) android.display expire 12 lines
05-19 21:33:05.289  1276  1839 I chatty  : uid=1000(system) Binder:1276_6 expire 9 lines
05-19 21:33:05.306  1276  1368 I chatty  : uid=1000(system) batterystats-wo expire 8 lines
05-19 21:33:05.315  1276  1840 I chatty  : uid=1000(system) Binder:1276_7 expire 1 line
05-19 21:33:05.315  1276  2926 I chatty  : uid=1000(system) Binder:1276_17 expire 2 lines
05-19 21:33:05.315  1276  1675 I chatty  : uid=1000(system) ConnectivitySer expire 9 lines
05-19 21:33:05.423  1276  2880 I chatty  : uid=1000(system) Binder:1276_E expire 3 lines
05-19 21:33:05.424  1276  2884 I chatty  : uid=1000(system) Binder:1276_10 expire 1 line
05-19 21:33:05.424  1276  2387 I chatty  : uid=1000(system) Binder:1276_B expire 3 lines
05-19 21:33:05.424  1276  2065 I chatty  : uid=1000(system) Binder:1276_A expire 2 lines
05-19 21:33:05.425  1276  2925 I chatty  : uid=1000(system) Binder:1276_16 expire 2 lines
05-19 21:33:05.798  1276  2041 I chatty  : uid=1000(system) Binder:1276_9 expire 8 lines
05-19 21:33:06.631  1276  1276 I chatty  : uid=1000 system_server expire 15 lines
05-19 21:33:06.648  1276  1364 I chatty  : uid=1000(system) ActivityManager expire 8 lines
05-19 21:33:16.996  1276  7236 I chatty  : uid=1000(system) Binder:1276_1A expire 2 lines
05-19 21:33:17.096  1276  1342 I chatty  : uid=1000(system) Binder:1276_1 expire 4 lines
05-19 21:33:23.797  1276  2927 I chatty  : uid=1000(system) Binder:1276_18 expire 2 lines
05-19 21:33:56.061  1276  2878 I chatty  : uid=1000(system) Binder:1276_D expire 1 line
05-19 21:33:56.061  1276  7518 I chatty  : uid=1000(system) Binder:1276_1C expire 1 line
05-19 21:33:56.063  1276  1609 I chatty  : uid=1000(system) Binder:1276_3 expire 1 line
05-19 21:33:56.184  1276  2923 I chatty  : uid=1000(system) Binder:1276_15 expire 3 lines
05-19 21:33:58.211  1276  2920 I chatty  : uid=1000(system) Binder:1276_13 expire 1 line
05-19 21:34:25.264  1276  1363 I chatty  : uid=1000(system) ActivityManager expire 1 line
05-19 21:34:30.261  1276 10052 I chatty  : uid=1000(system) Binder:1276_1E expire 2 lines
05-19 21:34:30.275  1276  1343 I chatty  : uid=1000(system) Binder:1276_2 expire 4 lines
05-19 21:34:30.275  1276  7540 I chatty  : uid=1000(system) Binder:1276_1D expire 3 lines
05-19 21:34:30.275  1276  2065 I chatty  : uid=1000(system) Binder:1276_A expire 2 lines
05-19 21:34:30.275  1276  2041 I chatty  : uid=1000(system) Binder:1276_9 expire 6 lines
05-19 21:34:30.275  1276  2884 I chatty  : uid=1000(system) Binder:1276_10 expire 1 line
05-19 21:34:30.275  1276  7518 I chatty  : uid=1000(system) Binder:1276_1C expire 1 line
05-19 21:34:30.275  1276  1675 I chatty  : uid=1000(system) ConnectivitySer expire 10 lines
05-19 21:34:30.276  1276 10052 I chatty  : uid=1000(system) Binder:1276_1E expire 6 lines
05-19 21:34:30.293  1276  1354 I chatty  : uid=1000(system) android.display expire 2 lines
05-19 21:34:31.270  1276  1342 I chatty  : uid=1000(system) Binder:1276_1 expire 12 lines
05-19 21:34:31.287  1276  1276 I chatty  : uid=1000 system_server expire 43 lines
05-19 21:34:59.306  1276  1364 I chatty  : uid=1000(system) ActivityManager expire 9 lines
05-19 21:35:28.634  1276  2923 I chatty  : uid=1000(system) Binder:1276_15 expire 7 lines
05-19 21:38:03.877  1276  1368 I chatty  : uid=1000(system) batterystats-wo expire 10 lines
05-19 21:45:35.640  1276  2920 I chatty  : uid=1000(system) Binder:1276_13 expire 1 line
05-19 21:45:44.085  1276  1342 I chatty  : uid=1000(system) Binder:1276_1 expire 3 lines
05-19 21:45:44.085  1276  2922 I chatty  : uid=1000(system) Binder:1276_14 expire 2 lines
05-19 21:45:44.086  1276  2926 I chatty  : uid=1000(system) Binder:1276_17 expire 1 line
05-19 21:45:44.086  1276  2884 I chatty  : uid=1000(system) Binder:1276_10 expire 9 lines
05-19 21:45:44.086  1276  1675 I chatty  : uid=1000(system) ConnectivitySer expire 12 lines
05-19 21:45:44.092  1276  1354 I chatty  : uid=1000(system) android.display expire 6 lines
05-19 21:45:44.487  1276  1276 I chatty  : uid=1000 system_server expire 10 lines
05-19 21:45:46.239  1276  2875 I chatty  : uid=1000(system) Binder:1276_C expire 2 lines
05-19 21:45:46.283  1276  1364 I chatty  : uid=1000(system) ActivityManager expire 6 lines
05-19 21:45:46.661  1276  7518 I chatty  : uid=1000(system) Binder:1276_1C expire 1 line
05-19 21:45:50.831  1276  7397 I chatty  : uid=1000(system) Binder:1276_1B expire 4 lines
05-19 21:46:57.737  1276  2923 I chatty  : uid=1000(system) Binder:1276_15 expire 1 line
05-19 21:46:57.794  1276  2880 I chatty  : uid=1000(system) Binder:1276_E expire 2 lines
05-19 21:46:57.796  1276  2065 I chatty  : uid=1000(system) Binder:1276_A expire 4 lines
05-19 21:46:58.054  1276  2387 I chatty  : uid=1000(system) Binder:1276_B expire 2 lines
05-19 21:46:58.844  1276  1742 I chatty  : uid=1000(system) Binder:1276_4 expire 4 lines
05-19 21:47:00.084 26325 26325 I ActivityThread: handleStopService: token=android.os.BinderProxy@1df1b1e not found.
05-19 21:47:00.141  1276 10916 I chatty  : uid=1000(system) Binder:1276_20 expire 4 lines
05-19 21:47:00.206  1276  2878 I chatty  : uid=1000(system) Binder:1276_D expire 2 lines
05-19 21:47:00.285  1276  1838 I chatty  : uid=1000(system) Binder:1276_5 expire 1 line
05-19 21:47:00.285  1276  2925 I chatty  : uid=1000(system) Binder:1276_16 expire 1 line
05-19 21:47:02.807  1276  1343 I chatty  : uid=1000(system) Binder:1276_2 expire 1 line
05-19 21:47:04.639  1276  1368 I chatty  : uid=1000(system) batterystats-wo expire 1 line
05-19 21:47:07.475  1276  1363 I chatty  : uid=1000(system) ActivityManager expire 5 lines
05-19 21:47:07.475   924   924 W wificond: No pno scan started
05-19 21:47:07.475   924   924 W wificond: Scheduled scan is not running!
05-19 21:47:07.476   810   810 W android.hardware.wifi@1.0-service: No active wlan interfaces in use! Using default
05-19 21:47:07.507   924   924 I wificond: Unsubscribe scan result for interface with index: 30
05-19 21:47:07.541   810 21116 I android.hardware.wifi@1.0-service: Legacy HAL stop complete callback received
05-19 21:47:07.542   810   810 I android.hardware.wifi@1.0-service: Wifi HAL stopped
05-19 21:47:07.615   741  1050 E NetlinkEvent: NetlinkEvent::FindParam(): Parameter 'INTERFACE' not found
05-19 21:47:07.615   741  1050 E NetlinkEvent: NetlinkEvent::FindParam(): Parameter 'STATE' not found
05-19 21:47:07.615   741  1050 E NetlinkEvent: NetlinkEvent::FindParam(): Parameter 'TIME_NS' not found
05-19 21:47:07.615   741  1050 E NetlinkEvent: NetlinkEvent::FindParam(): Parameter 'UID' not found
05-19 21:47:07.617  1276  1861 I chatty  : uid=1000(system) Binder:1276_8 expire 1 line
05-19 21:47:07.622  1276  1675 I chatty  : uid=1000(system) ConnectivitySer expire 6 lines
05-19 21:47:07.672  1276 10298 I chatty  : uid=1000(system) Binder:1276_1F expire 1 line
05-19 21:47:10.036  1276  1839 I chatty  : uid=1000(system) Binder:1276_6 expire 3 lines
05-19 21:47:10.240  1276  1276 I chatty  : uid=1000 system_server expire 69 lines
05-19 21:47:10.749  1276 10052 I chatty  : uid=1000(system) Binder:1276_1E expire 5 lines
05-19 21:47:12.628  1276  2884 I chatty  : uid=1000(system) Binder:1276_10 expire 3 lines
05-19 21:47:12.731 18334 18371 E ActivityThread: Failed to find provider info for com.google.android.deskclock.provider
05-19 21:47:12.752 18334 18375 E ActivityThread: Failed to find provider info for com.google.android.deskclock.provider
05-19 21:47:41.096  1276  1354 I chatty  : uid=1000(system) android.display expire 4 lines
05-19 21:51:09.707  1276  1362 I chatty  : uid=1000(system) android.bg expire 1 line
05-19 21:51:11.129  1276  1368 I chatty  : uid=1000(system) batterystats-wo expire 3 lines
05-19 21:53:05.454  1276  1364 I chatty  : uid=1000(system) ActivityManager expire 1 line
05-19 21:54:32.052  1276  2923 I chatty  : uid=1000(system) Binder:1276_15 expire 1 line
05-19 21:54:32.061  1276  1840 I chatty  : uid=1000(system) Binder:1276_7 expire 12 lines
05-19 21:54:39.089  1276  2387 I chatty  : uid=1000(system) Binder:1276_B expire 1 line
05-19 21:59:42.750  1276  6356 I chatty  : uid=1000(system) Binder:1276_19 expire 1 line
05-19 22:01:20.187  1276  2926 I chatty  : uid=1000(system) Binder:1276_17 expire 1 line
05-19 22:01:20.188  1276  1675 I chatty  : uid=1000(system) ConnectivitySer expire 4 lines
05-19 22:01:20.201  1276  7236 I chatty  : uid=1000(system) Binder:1276_1A expire 1 line
05-19 22:01:20.215  1276  1838 I chatty  : uid=1000(system) Binder:1276_5 expire 1 line
05-19 22:01:20.379   741  1055 E FrameworkListener: read() failed (Connection reset by peer)
05-19 22:01:20.381  1276  2875 I chatty  : uid=1000(system) Binder:1276_C expire 1 line
05-19 22:01:20.381  1276  2927 I chatty  : uid=1000(system) Binder:1276_18 expire 1 line
05-19 22:01:20.382  1276  2905 I chatty  : uid=1000(system) Binder:1276_12 expire 1 line
05-19 22:01:20.382  1276  2041 I chatty  : uid=1000(system) Binder:1276_9 expire 1 line
05-19 22:01:20.383  1276  2925 I chatty  : uid=1000(system) Binder:1276_16 expire 1 line
05-19 22:01:20.383  1276  1609 I chatty  : uid=1000(system) Binder:1276_3 expire 2 lines
05-19 22:01:20.431  1276  1354 I chatty  : uid=1000(system) android.display expire 19 lines
05-19 22:01:21.238  1276  1364 I chatty  : uid=1000(system) ActivityManager expire 2 lines
05-19 22:01:21.274  1276  2923 I chatty  : uid=1000(system) Binder:1276_15 expire 2 lines
05-19 22:01:21.509  1276  1591 I chatty  : uid=1000(system) InputReader expire 2 lines
05-19 22:01:21.511  1276  1276 I chatty  : uid=1000 system_server expire 7 lines
05-19 22:01:21.780  1276  2886 I chatty  : uid=1000(system) Binder:1276_11 expire 1 line
05-19 22:01:21.791  1276  1355 I chatty  : uid=1000(system) android.anim expire 24 lines
05-19 22:01:21.977  1276  1387 I chatty  : uid=1000(system) PowerManagerSer expire 8 lines
05-19 22:01:21.993  1276  1368 I chatty  : uid=1000(system) batterystats-wo expire 1 line
05-19 22:01:22.220  1276  1351 I chatty  : uid=1000(system) android.fg expire 1 line
05-19 22:01:23.405  1276  1342 I chatty  : uid=1000(system) Binder:1276_1 expire 8 lines
05-19 22:01:23.480  1276  2881 I chatty  : uid=1000(system) Binder:1276_F expire 1 line
05-19 22:01:23.604 27597 27597 I ActivityThread: handleStopService: token=android.os.BinderProxy@e4ca5d5 not found.
05-19 22:01:23.655  1276  7397 I chatty  : uid=1000(system) Binder:1276_1B expire 4 lines
05-19 22:01:23.779  1276  1342 I chatty  : uid=1000(system) Binder:1276_1 expire 2 lines
05-19 22:01:23.808  1276  2884 I chatty  : uid=1000(system) Binder:1276_10 expire 3 lines
05-19 22:01:23.915  1276  1387 I chatty  : uid=1000(system) PowerManagerSer expire 19 lines
05-19 22:01:24.010  1276  2923 I chatty  : uid=1000(system) Binder:1276_15 expire 10 lines
05-19 22:01:24.647  1276  1364 I chatty  : uid=1000(system) ActivityManager expire 2 lines
05-19 22:01:55.500  1276  2881 I chatty  : uid=1000(system) Binder:1276_F expire 1 line
05-19 22:01:55.501  1276  1276 I chatty  : uid=1000 system_server expire 11 lines
05-19 22:01:55.555  1276  1354 I chatty  : uid=1000(system) android.display expire 4 lines
05-19 22:01:55.559  1276  1355 I chatty  : uid=1000(system) android.anim expire 24 lines
05-19 22:01:55.649  1276  1351 I chatty  : uid=1000(system) android.fg expire 4 lines
05-19 22:01:56.225  1276  2041 I chatty  : uid=1000(system) Binder:1276_9 expire 1 line
05-19 22:01:56.231  1276  1591 I chatty  : uid=1000(system) InputReader expire 4 lines
05-19 22:02:30.592  1276  1861 I chatty  : uid=1000(system) Binder:1276_8 expire 1 line
05-19 22:07:52.953  1276 10298 I chatty  : uid=1000(system) Binder:1276_1F expire 3 lines
05-19 22:07:52.956  1276 10916 I chatty  : uid=1000(system) Binder:1276_20 expire 1 line
05-19 22:07:52.981  1276  1363 I chatty  : uid=1000(system) ActivityManager expire 5 lines
05-19 22:07:53.024  1276  7518 I chatty  : uid=1000(system) Binder:1276_1C expire 1 line
05-19 22:07:53.877  1276  1742 I chatty  : uid=1000(system) Binder:1276_4 expire 1 line
05-19 22:08:04.405  1276  1368 I chatty  : uid=1000(system) batterystats-wo expire 2 lines
05-19 22:12:39.187  1276  1276 I chatty  : uid=1000 system_server expire 15 lines
05-19 22:12:39.207  1276 10298 I chatty  : uid=1000(system) Binder:1276_1F expire 10 lines
05-19 22:12:39.217  1276  1387 I chatty  : uid=1000(system) PowerManagerSer expire 6 lines
05-19 22:12:39.239  1276  1354 I chatty  : uid=1000(system) android.display expire 3 lines
05-19 22:12:39.242  1276  1609 I chatty  : uid=1000(system) Binder:1276_3 expire 6 lines
05-19 22:12:39.469  1276  1363 I chatty  : uid=1000(system) ActivityManager expire 17 lines
05-19 22:12:39.504  1276  1351 I chatty  : uid=1000(system) android.fg expire 3 lines
05-19 22:12:39.521  1276  2926 I chatty  : uid=1000(system) Binder:1276_17 expire 3 lines
05-19 22:12:39.529  1276  2065 I chatty  : uid=1000(system) Binder:1276_A expire 1 line
05-19 22:12:40.189  1276  2878 I chatty  : uid=1000(system) Binder:1276_D expire 6 lines
05-19 22:12:41.748   810   810 I android.hardware.wifi@1.0-service: Wifi HAL started
05-19 22:12:42.039   810   810 I android.hardware.wifi@1.0-service: Adding interface handle for p2p0
05-19 22:12:42.039   810   810 I android.hardware.wifi@1.0-service: Adding interface handle for wlan0
05-19 22:12:42.039   810   810 I android.hardware.wifi@1.0-service: Adding interface handle for wlan1
05-19 22:12:42.039   810   810 W android.hardware.wifi@1.0-service: No active wlan interfaces in use! Using default
05-19 22:12:42.039   810   810 W android.hardware.wifi@1.0-service: No active wlan interfaces in use! Using default
05-19 22:12:42.041   810   810 I android.hardware.wifi@1.0-service: Configured chip in mode 3
05-19 22:12:42.041   810   810 W android.hardware.wifi@1.0-service: No active wlan interfaces in use! Using default
05-19 22:12:42.044   810   810 W android.hardware.wifi@1.0-service: No active wlan interfaces in use! Using default
05-19 22:12:42.055   924   924 I wificond: create scanner for interface with index: 30
05-19 22:12:42.055   924   924 I wificond: subscribe scan result for interface with index: 30
05-19 22:12:42.057   924   924 E wificond: No Offload Service available
05-19 22:12:42.057   924   924 I wificond: Offload HAL not supported 
05-19 22:12:44.354  1276  7518 I chatty  : uid=1000(system) Binder:1276_1C expire 1 line
05-19 22:12:44.389  1276  1364 I chatty  : uid=1000(system) ActivityManager expire 2 lines
05-19 22:12:44.818   924   924 W wificond: Scan is not started. Ignore abort request
05-19 22:12:44.944  1276  1641 I chatty  : uid=1000(system) ClientModeImpl expire 1 line
05-19 22:12:44.953  1276  1675 I chatty  : uid=1000(system) ConnectivitySer expire 21 lines
05-19 22:12:45.851   741  1050 E NetlinkEvent: NetlinkEvent::FindParam(): Parameter 'INTERFACE' not found
05-19 22:12:45.851   741  1050 E NetlinkEvent: NetlinkEvent::FindParam(): Parameter 'STATE' not found
05-19 22:12:45.851   741  1050 E NetlinkEvent: NetlinkEvent::FindParam(): Parameter 'TIME_NS' not found
05-19 22:12:45.851   741  1050 E NetlinkEvent: NetlinkEvent::FindParam(): Parameter 'UID' not found
05-19 22:12:45.989  1276  7397 I chatty  : uid=1000(system) Binder:1276_1B expire 1 line
05-19 22:12:47.724  1276  1839 I chatty  : uid=1000(system) Binder:1276_6 expire 3 lines
05-19 22:12:47.738  1276  1354 I chatty  : uid=1000(system) android.display expire 1 line
05-19 22:12:48.862  1276  7397 I chatty  : uid=1000(system) Binder:1276_1B expire 1 line
05-19 22:12:48.885  1276  1276 I chatty  : uid=1000 system_server expire 13 lines
05-19 22:12:50.960 24623 28415 I AlwaysOnHotwordDetector: onDetected
05-19 22:12:52.329  1276  2881 I chatty  : uid=1000(system) Binder:1276_F expire 3 lines
05-19 22:13:01.207  1276  2905 I chatty  : uid=1000(system) Binder:1276_12 expire 3 lines
05-19 22:13:01.294  1276  2041 I chatty  : uid=1000(system) Binder:1276_9 expire 3 lines
05-19 22:13:01.306  1276  1364 I chatty  : uid=1000(system) ActivityManager expire 12 lines
05-19 22:13:01.424  1276  1675 I chatty  : uid=1000(system) ConnectivitySer expire 7 lines
05-19 22:13:21.839  1276  7236 I chatty  : uid=1000(system) Binder:1276_1A expire 5 lines
05-19 22:13:42.208  1276  1838 I chatty  : uid=1000(system) Binder:1276_5 expire 1 line
05-19 22:13:44.398  1276  2927 I chatty  : uid=1000(system) Binder:1276_18 expire 1 line
05-19 22:13:45.491  1276 10052 I chatty  : uid=1000(system) Binder:1276_1E expire 2 lines
05-19 22:13:45.514  1276  1677 I chatty  : uid=1000(system) NsdService expire 3 lines
05-19 22:14:23.025  1276  2387 I chatty  : uid=1000(system) Binder:1276_B expire 2 lines
05-19 22:14:23.237  1276  2922 I chatty  : uid=1000(system) Binder:1276_14 expire 4 lines
05-19 22:14:23.653  1276  1742 I chatty  : uid=1000(system) Binder:1276_4 expire 1 line
05-19 22:16:10.424  1276  2926 I chatty  : uid=1000(system) Binder:1276_17 expire 2 lines
05-19 22:18:42.971 24623 28415 I AlwaysOnHotwordDetector: onDetected
05-19 22:19:43.132  1276  1368 I chatty  : uid=1000(system) batterystats-wo expire 4 lines
05-19 22:19:43.495  1719  1719 V DeadZone: consuming errant click: (366.0,2.0)
05-19 22:19:43.496  1719  1719 V DeadZone: consuming errant click: (366.0,2.0)
05-19 22:19:49.374  1276  1276 I chatty  : uid=1000 system_server expire 21 lines
05-19 22:21:13.547  1276  1362 I chatty  : uid=1000(system) android.bg expire 3 lines
05-19 22:23:13.140  1276  2923 I chatty  : uid=1000(system) Binder:1276_15 expire 2 lines
05-19 22:25:00.605  1276  2920 I chatty  : uid=1000(system) Binder:1276_13 expire 1 line
05-19 22:25:07.866  1276  2875 I chatty  : uid=1000(system) Binder:1276_C expire 5 lines
05-19 22:30:22.328  1276  1276 I chatty  : uid=1000 system_server expire 10 lines
05-19 22:33:52.423  1276  1742 I chatty  : uid=1000(system) Binder:1276_4 expire 5 lines
05-19 22:33:52.816  1276  1364 I chatty  : uid=1000(system) ActivityManager expire 7 lines
05-19 22:33:52.904  1276  7540 I chatty  : uid=1000(system) Binder:1276_1D expire 1 line
05-19 22:34:03.401  1276  2886 I chatty  : uid=1000(system) Binder:1276_11 expire 7 lines
